<html>
<body>
<pre>
<h1>礦ision Build Log</h1>
<h2>Project:</h2>
E:\产品（网络报警器）\代码\stm32\FreeRTOS_stm32_6.3\mdk\Air_FreeRTOS.uvproj
Project File Date:  06/27/2015

<h2>Output:</h2>
Build target 'Target 1'
compiling core_cm3.c...
compiling croutine.c...
compiling list.c...
compiling queue.c...
compiling tasks.c...
compiling timers.c...
compiling heap_2.c...
compiling port.c...
compiling misc.c...
compiling stm32f10x_adc.c...
compiling stm32f10x_bkp.c...
compiling stm32f10x_can.c...
compiling stm32f10x_cec.c...
compiling stm32f10x_crc.c...
compiling stm32f10x_dac.c...
compiling stm32f10x_dbgmcu.c...
compiling stm32f10x_dma.c...
compiling stm32f10x_exti.c...
compiling stm32f10x_flash.c...
compiling stm32f10x_fsmc.c...
compiling stm32f10x_gpio.c...
compiling stm32f10x_i2c.c...
compiling stm32f10x_iwdg.c...
compiling stm32f10x_pwr.c...
compiling stm32f10x_rcc.c...
compiling stm32f10x_rtc.c...
compiling stm32f10x_sdio.c...
compiling stm32f10x_spi.c...
compiling stm32f10x_tim.c...
compiling stm32f10x_usart.c...
compiling stm32f10x_wwdg.c...
compiling main.c...
compiling stm32f10x_it.c...
..\Libraries\stm32f10x_it.c(173): error:  #247: function "TIM2_IRQHandler" has already been defined
compiling bsp.c...
compiling delay.c...
compiling sys_time.c...
compiling sys_uart.c...
compiling MyString.c...
compiling msg_list.c...
..\sys\msg_list.c(61): warning:  #174-D: expression has no effect
compiling my_list.c...
compiling printp.c...
compiling input_task.c...
compiling back_task.c...
compiling sim900a.c...
compiling ev1527.c...
..\driver\ev1527\ev1527.c(313): warning:  #223-D: function "my_send_buf" declared implicitly
..\driver\ev1527\ev1527.c(304): warning:  #177-D: variable "__cnt" was declared but never referenced
Target not created
Build target 'Target 1'
compiling stm32f10x_it.c...
..\Libraries\stm32f10x_it.c(164): warning:  #177-D: variable "flg" was declared but never referenced
linking...
Program Size: Code=21776 RO-data=676 RW-data=228 ZI-data=20012  
"..\out\Air_FreeRTOS.axf" - 0 Error(s), 1 Warning(s).
Load "..\\out\\Air_FreeRTOS.AXF" 
* JLink Info: Device "STM32F103RC" selected (256 KB flash, 48 KB RAM).
Set JLink Project File to "E:\产品（网络报警器）\代码\stm32\FreeRTOS_stm32_6.3\mdk\JLinkSettings.ini"
 
JLink info:
------------
DLL: V4.50j, compiled Jun 26 2012 09:19:07
Firmware: J-Link ARM V8 compiled Jun 19 2012 11:29:30
Hardware: V8.00
S/N : 286370559 
Feature(s) : RDI,FlashDL,FlashBP,JFlash 
 
* JLink Info: TotalIRLen = 9, IRPrint = 0x0011
* JLink Info: TotalIRLen = 9, IRPrint = 0x0011
* JLink Info: Found Cortex-M3 r1p1, Little endian.
* JLink Info: TPIU fitted.
* JLink Info: ETM fitted.
* JLink Info: FPUnit: 6 code (BP) slots and 2 literal slots
ROMTableAddr = 0xE00FF003
* JLink Info: Found Cortex-M3 r1p1, Little endian.
* JLink Info: TPIU fitted.
* JLink Info: ETM fitted.
* JLink Info: FPUnit: 6 code (BP) slots and 2 literal slots
 
Target info:
------------
Device: STM32F103RC
VTarget = 3.300V
State of Pins: 
TCK: 1, TDI: 0, TDO: 1, TMS: 0, TRES: 1, TRST: 1
Hardware-Breakpoints: 6
Software-Breakpoints: 8192
Watchpoints:          4
JTAG speed: 2000 kHz
 
Erase Done.
Programming Done.
Verify OK.
Build target 'Target 1'
compiling bsp.c...
compiling ev1527.c...
..\driver\ev1527\ev1527.c(313): warning:  #223-D: function "my_send_buf" declared implicitly
..\driver\ev1527\ev1527.c(304): warning:  #177-D: variable "__cnt" was declared but never referenced
linking...
Program Size: Code=21784 RO-data=676 RW-data=228 ZI-data=20012  
"..\out\Air_FreeRTOS.axf" - 0 Error(s), 2 Warning(s).
Build target 'Target 1'
compiling main.c...
compiling bsp.c...
compiling delay.c...
compiling sys_time.c...
compiling sys_uart.c...
compiling MyString.c...
compiling msg_list.c...
..\sys\msg_list.c(61): warning:  #174-D: expression has no effect
compiling printp.c...
compiling input_task.c...
compiling back_task.c...
compiling sim900a.c...
compiling ev1527.c...
..\driver\ev1527\ev1527.c(314): warning:  #223-D: function "my_send_buf" declared implicitly
..\driver\ev1527\ev1527.c(305): warning:  #177-D: variable "__cnt" was declared but never referenced
linking...
Program Size: Code=21796 RO-data=676 RW-data=228 ZI-data=20012  
"..\out\Air_FreeRTOS.axf" - 0 Error(s), 3 Warning(s).
Load "..\\out\\Air_FreeRTOS.AXF" 
* JLink Info: Device "STM32F103RC" selected (256 KB flash, 48 KB RAM).
Set JLink Project File to "E:\产品（网络报警器）\代码\stm32\FreeRTOS_stm32_6.3\mdk\JLinkSettings.ini"
 
JLink info:
------------
DLL: V4.50j, compiled Jun 26 2012 09:19:07
Firmware: J-Link ARM V8 compiled Jun 19 2012 11:29:30
Hardware: V8.00
S/N : 286370559 
Feature(s) : RDI,FlashDL,FlashBP,JFlash 
 
* JLink Info: TotalIRLen = 9, IRPrint = 0x0011
* JLink Info: TotalIRLen = 9, IRPrint = 0x0011
* JLink Info: Found Cortex-M3 r1p1, Little endian.
* JLink Info: TPIU fitted.
* JLink Info: ETM fitted.
* JLink Info: FPUnit: 6 code (BP) slots and 2 literal slots
ROMTableAddr = 0xE00FF003
* JLink Info: Found Cortex-M3 r1p1, Little endian.
* JLink Info: TPIU fitted.
* JLink Info: ETM fitted.
* JLink Info: FPUnit: 6 code (BP) slots and 2 literal slots
 
Target info:
------------
Device: STM32F103RC
VTarget = 3.300V
State of Pins: 
TCK: 1, TDI: 0, TDO: 1, TMS: 0, TRES: 1, TRST: 1
Hardware-Breakpoints: 6
Software-Breakpoints: 8192
Watchpoints:          4
JTAG speed: 2000 kHz
 
Erase Done.
Programming Done.
Verify OK.
Build target 'Target 1'
compiling sys_time.c...
linking...
Program Size: Code=21796 RO-data=676 RW-data=228 ZI-data=20012  
"..\out\Air_FreeRTOS.axf" - 0 Error(s), 0 Warning(s).
Build target 'Target 1'
linking...
Program Size: Code=21796 RO-data=676 RW-data=228 ZI-data=20012  
"..\out\Air_FreeRTOS.axf" - 0 Error(s), 0 Warning(s).
Load "..\\out\\Air_FreeRTOS.AXF" 
* JLink Info: Device "STM32F103RC" selected (256 KB flash, 48 KB RAM).
Set JLink Project File to "E:\产品（网络报警器）\代码\stm32\FreeRTOS_stm32_6.3\mdk\JLinkSettings.ini"
 
JLink info:
------------
DLL: V4.50j, compiled Jun 26 2012 09:19:07
Firmware: J-Link ARM V8 compiled Jun 19 2012 11:29:30
Hardware: V8.00
S/N : 286370559 
Feature(s) : RDI,FlashDL,FlashBP,JFlash 
 
* JLink Info: TotalIRLen = 9, IRPrint = 0x0011
* JLink Info: TotalIRLen = 9, IRPrint = 0x0011
* JLink Info: Found Cortex-M3 r1p1, Little endian.
* JLink Info: TPIU fitted.
* JLink Info: ETM fitted.
* JLink Info: FPUnit: 6 code (BP) slots and 2 literal slots
ROMTableAddr = 0xE00FF003
* JLink Info: Found Cortex-M3 r1p1, Little endian.
* JLink Info: TPIU fitted.
* JLink Info: ETM fitted.
* JLink Info: FPUnit: 6 code (BP) slots and 2 literal slots
 
Target info:
------------
Device: STM32F103RC
VTarget = 3.300V
State of Pins: 
TCK: 1, TDI: 0, TDO: 1, TMS: 0, TRES: 1, TRST: 1
Hardware-Breakpoints: 6
Software-Breakpoints: 8192
Watchpoints:          4
JTAG speed: 2000 kHz
 
Erase Done.
Programming Done.
Verify OK.
Build target 'Target 1'
compiling back_task.c...
linking...
Program Size: Code=21796 RO-data=676 RW-data=228 ZI-data=20012  
"..\out\Air_FreeRTOS.axf" - 0 Error(s), 0 Warning(s).
Load "..\\out\\Air_FreeRTOS.AXF" 
* JLink Info: Device "STM32F103RC" selected (256 KB flash, 48 KB RAM).
Set JLink Project File to "E:\产品（网络报警器）\代码\stm32\FreeRTOS_stm32_6.3\mdk\JLinkSettings.ini"
 
JLink info:
------------
DLL: V4.50j, compiled Jun 26 2012 09:19:07
Firmware: J-Link ARM V8 compiled Jun 19 2012 11:29:30
Hardware: V8.00
S/N : 286370559 
Feature(s) : RDI,FlashDL,FlashBP,JFlash 
 
* JLink Info: TotalIRLen = 9, IRPrint = 0x0011
* JLink Info: TotalIRLen = 9, IRPrint = 0x0011
* JLink Info: Found Cortex-M3 r1p1, Little endian.
* JLink Info: TPIU fitted.
* JLink Info: ETM fitted.
* JLink Info: FPUnit: 6 code (BP) slots and 2 literal slots
ROMTableAddr = 0xE00FF003
* JLink Info: Found Cortex-M3 r1p1, Little endian.
* JLink Info: TPIU fitted.
* JLink Info: ETM fitted.
* JLink Info: FPUnit: 6 code (BP) slots and 2 literal slots
 
Target info:
------------
Device: STM32F103RC
VTarget = 3.300V
State of Pins: 
TCK: 1, TDI: 0, TDO: 1, TMS: 0, TRES: 1, TRST: 1
Hardware-Breakpoints: 6
Software-Breakpoints: 8192
Watchpoints:          4
JTAG speed: 2000 kHz
 
Erase Done.
Programming Done.
Verify OK.
Build target 'Target 1'
compiling back_task.c...
linking...
Program Size: Code=21796 RO-data=676 RW-data=228 ZI-data=20012  
"..\out\Air_FreeRTOS.axf" - 0 Error(s), 0 Warning(s).
Build target 'Target 1'
linking...
Program Size: Code=21796 RO-data=676 RW-data=228 ZI-data=20012  
"..\out\Air_FreeRTOS.axf" - 0 Error(s), 0 Warning(s).
Load "..\\out\\Air_FreeRTOS.AXF" 
* JLink Info: Device "STM32F103RC" selected (256 KB flash, 48 KB RAM).
Set JLink Project File to "E:\产品（网络报警器）\代码\stm32\FreeRTOS_stm32_6.3\mdk\JLinkSettings.ini"
 
JLink info:
------------
DLL: V4.50j, compiled Jun 26 2012 09:19:07
Firmware: J-Link ARM V8 compiled Jun 19 2012 11:29:30
Hardware: V8.00
S/N : 286370559 
Feature(s) : RDI,FlashDL,FlashBP,JFlash 
 
* JLink Info: TotalIRLen = 9, IRPrint = 0x0011
* JLink Info: TotalIRLen = 9, IRPrint = 0x0011
* JLink Info: Found Cortex-M3 r1p1, Little endian.
* JLink Info: TPIU fitted.
* JLink Info: ETM fitted.
* JLink Info: FPUnit: 6 code (BP) slots and 2 literal slots
ROMTableAddr = 0xE00FF003
* JLink Info: Found Cortex-M3 r1p1, Little endian.
* JLink Info: TPIU fitted.
* JLink Info: ETM fitted.
* JLink Info: FPUnit: 6 code (BP) slots and 2 literal slots
 
Target info:
------------
Device: STM32F103RC
VTarget = 3.300V
State of Pins: 
TCK: 1, TDI: 0, TDO: 1, TMS: 0, TRES: 1, TRST: 1
Hardware-Breakpoints: 6
Software-Breakpoints: 8192
Watchpoints:          4
JTAG speed: 2000 kHz
 
Erase Done.
Programming Done.
Verify OK.
Build target 'Target 1'
linking...
Program Size: Code=21796 RO-data=676 RW-data=228 ZI-data=20012  
"..\out\Air_FreeRTOS.axf" - 0 Error(s), 0 Warning(s).
Load "..\\out\\Air_FreeRTOS.AXF" 
* JLink Info: Device "STM32F103RC" selected (256 KB flash, 48 KB RAM).
Set JLink Project File to "E:\产品（网络报警器）\代码\stm32\FreeRTOS_stm32_6.3\mdk\JLinkSettings.ini"
 
JLink info:
------------
DLL: V4.50j, compiled Jun 26 2012 09:19:07
Firmware: J-Link ARM V8 compiled Jun 19 2012 11:29:30
Hardware: V8.00
S/N : 286370559 
Feature(s) : RDI,FlashDL,FlashBP,JFlash 
 
* JLink Info: TotalIRLen = 9, IRPrint = 0x0011
* JLink Info: TotalIRLen = 9, IRPrint = 0x0011
* JLink Info: Found Cortex-M3 r1p1, Little endian.
* JLink Info: TPIU fitted.
* JLink Info: ETM fitted.
* JLink Info: FPUnit: 6 code (BP) slots and 2 literal slots
ROMTableAddr = 0xE00FF003
* JLink Info: Found Cortex-M3 r1p1, Little endian.
* JLink Info: TPIU fitted.
* JLink Info: ETM fitted.
* JLink Info: FPUnit: 6 code (BP) slots and 2 literal slots
 
Target info:
------------
Device: STM32F103RC
VTarget = 3.300V
State of Pins: 
TCK: 1, TDI: 0, TDO: 1, TMS: 0, TRES: 1, TRST: 1
Hardware-Breakpoints: 6
Software-Breakpoints: 8192
Watchpoints:          4
JTAG speed: 2000 kHz
 
Erase Done.
Programming Done.
Verify OK.
Build target 'Target 1'
linking...
Program Size: Code=21796 RO-data=676 RW-data=228 ZI-data=20012  
"..\out\Air_FreeRTOS.axf" - 0 Error(s), 0 Warning(s).
Load "..\\out\\Air_FreeRTOS.AXF" 
* JLink Info: Device "STM32F103RC" selected (256 KB flash, 48 KB RAM).
Set JLink Project File to "E:\产品（网络报警器）\代码\stm32\FreeRTOS_stm32_6.3\mdk\JLinkSettings.ini"
 
JLink info:
------------
DLL: V4.50j, compiled Jun 26 2012 09:19:07
Firmware: J-Link ARM V8 compiled Jun 19 2012 11:29:30
Hardware: V8.00
S/N : 286370559 
Feature(s) : RDI,FlashDL,FlashBP,JFlash 
 
* JLink Info: TotalIRLen = 9, IRPrint = 0x0011
* JLink Info: TotalIRLen = 9, IRPrint = 0x0011
* JLink Info: Found Cortex-M3 r1p1, Little endian.
* JLink Info: TPIU fitted.
* JLink Info: ETM fitted.
* JLink Info: FPUnit: 6 code (BP) slots and 2 literal slots
ROMTableAddr = 0xE00FF003
* JLink Info: Found Cortex-M3 r1p1, Little endian.
* JLink Info: TPIU fitted.
* JLink Info: ETM fitted.
* JLink Info: FPUnit: 6 code (BP) slots and 2 literal slots
 
Target info:
------------
Device: STM32F103RC
VTarget = 3.300V
State of Pins: 
TCK: 1, TDI: 0, TDO: 1, TMS: 0, TRES: 1, TRST: 1
Hardware-Breakpoints: 6
Software-Breakpoints: 8192
Watchpoints:          4
JTAG speed: 2000 kHz
 
Erase Done.
Programming Done.
Verify OK.
Build target 'Target 1'
linking...
Program Size: Code=21796 RO-data=676 RW-data=228 ZI-data=20012  
"..\out\Air_FreeRTOS.axf" - 0 Error(s), 0 Warning(s).
Load "..\\out\\Air_FreeRTOS.AXF" 
* JLink Info: Device "STM32F103RC" selected (256 KB flash, 48 KB RAM).
Set JLink Project File to "E:\产品（网络报警器）\代码\stm32\FreeRTOS_stm32_6.3\mdk\JLinkSettings.ini"
 
JLink info:
------------
DLL: V4.50j, compiled Jun 26 2012 09:19:07
Firmware: J-Link ARM V8 compiled Jun 19 2012 11:29:30
Hardware: V8.00
S/N : 286370559 
Feature(s) : RDI,FlashDL,FlashBP,JFlash 
 
* JLink Info: TotalIRLen = 9, IRPrint = 0x0011
* JLink Info: TotalIRLen = 9, IRPrint = 0x0011
* JLink Info: Found Cortex-M3 r1p1, Little endian.
* JLink Info: TPIU fitted.
* JLink Info: ETM fitted.
* JLink Info: FPUnit: 6 code (BP) slots and 2 literal slots
ROMTableAddr = 0xE00FF003
* JLink Info: Found Cortex-M3 r1p1, Little endian.
* JLink Info: TPIU fitted.
* JLink Info: ETM fitted.
* JLink Info: FPUnit: 6 code (BP) slots and 2 literal slots
 
Target info:
------------
Device: STM32F103RC
VTarget = 3.300V
State of Pins: 
TCK: 1, TDI: 0, TDO: 1, TMS: 0, TRES: 1, TRST: 1
Hardware-Breakpoints: 6
Software-Breakpoints: 8192
Watchpoints:          4
JTAG speed: 2000 kHz
 
Erase Done.
Programming Done.
Verify OK.
Build target 'Target 1'
compiling sys_uart.c...
linking...
Program Size: Code=21808 RO-data=676 RW-data=228 ZI-data=20012  
"..\out\Air_FreeRTOS.axf" - 0 Error(s), 0 Warning(s).
Load "..\\out\\Air_FreeRTOS.AXF" 
* JLink Info: Device "STM32F103RC" selected (256 KB flash, 48 KB RAM).
Set JLink Project File to "E:\产品（网络报警器）\代码\stm32\FreeRTOS_stm32_6.3\mdk\JLinkSettings.ini"
 
JLink info:
------------
DLL: V4.50j, compiled Jun 26 2012 09:19:07
Firmware: J-Link ARM V8 compiled Jun 19 2012 11:29:30
Hardware: V8.00
S/N : 286370559 
Feature(s) : RDI,FlashDL,FlashBP,JFlash 
 
* JLink Info: TotalIRLen = 9, IRPrint = 0x0011
* JLink Info: TotalIRLen = 9, IRPrint = 0x0011
* JLink Info: Found Cortex-M3 r1p1, Little endian.
* JLink Info: TPIU fitted.
* JLink Info: ETM fitted.
* JLink Info: FPUnit: 6 code (BP) slots and 2 literal slots
ROMTableAddr = 0xE00FF003
* JLink Info: Found Cortex-M3 r1p1, Little endian.
* JLink Info: TPIU fitted.
* JLink Info: ETM fitted.
* JLink Info: FPUnit: 6 code (BP) slots and 2 literal slots
 
Target info:
------------
Device: STM32F103RC
VTarget = 3.300V
State of Pins: 
TCK: 1, TDI: 0, TDO: 1, TMS: 0, TRES: 1, TRST: 1
Hardware-Breakpoints: 6
Software-Breakpoints: 8192
Watchpoints:          4
JTAG speed: 2000 kHz
 
Erase Done.
Programming Done.
Verify OK.
Build target 'Target 1'
compiling back_task.c...
linking...
Program Size: Code=21836 RO-data=676 RW-data=228 ZI-data=20012  
"..\out\Air_FreeRTOS.axf" - 0 Error(s), 0 Warning(s).
Load "..\\out\\Air_FreeRTOS.AXF" 
Build target 'Target 1'
linking...
Program Size: Code=21836 RO-data=676 RW-data=228 ZI-data=20012  
"..\out\Air_FreeRTOS.axf" - 0 Error(s), 0 Warning(s).
Load "..\\out\\Air_FreeRTOS.AXF" 
Build target 'Target 1'
linking...
Program Size: Code=21836 RO-data=676 RW-data=228 ZI-data=20012  
"..\out\Air_FreeRTOS.axf" - 0 Error(s), 0 Warning(s).
Load "..\\out\\Air_FreeRTOS.AXF" 
Load "..\\out\\Air_FreeRTOS.AXF" 
* JLink Info: Device "STM32F103RC" selected (256 KB flash, 48 KB RAM).
Set JLink Project File to "E:\产品（网络报警器）\代码\stm32\FreeRTOS_stm32_6.3\mdk\JLinkSettings.ini"
 
JLink info:
------------
DLL: V4.50j, compiled Jun 26 2012 09:19:07
Firmware: J-Link ARM V8 compiled Jun 19 2012 11:29:30
Hardware: V8.00
S/N : 286370559 
Feature(s) : RDI,FlashDL,FlashBP,JFlash 
 
* JLink Info: TotalIRLen = 9, IRPrint = 0x0011
* JLink Info: TotalIRLen = 9, IRPrint = 0x0011
* JLink Info: Found Cortex-M3 r1p1, Little endian.
* JLink Info: TPIU fitted.
* JLink Info: ETM fitted.
* JLink Info: FPUnit: 6 code (BP) slots and 2 literal slots
ROMTableAddr = 0xE00FF003
* JLink Info: Found Cortex-M3 r1p1, Little endian.
* JLink Info: TPIU fitted.
* JLink Info: ETM fitted.
* JLink Info: FPUnit: 6 code (BP) slots and 2 literal slots
 
Target info:
------------
Device: STM32F103RC
VTarget = 3.306V
State of Pins: 
TCK: 1, TDI: 0, TDO: 1, TMS: 0, TRES: 1, TRST: 1
Hardware-Breakpoints: 6
Software-Breakpoints: 8192
Watchpoints:          4
JTAG speed: 2000 kHz
 
Erase Done.
Programming Done.
Verify OK.
Build target 'Target 1'
compiling back_task.c...
linking...
Program Size: Code=21840 RO-data=676 RW-data=228 ZI-data=20012  
"..\out\Air_FreeRTOS.axf" - 0 Error(s), 0 Warning(s).
Load "..\\out\\Air_FreeRTOS.AXF" 
* JLink Info: Device "STM32F103RC" selected (256 KB flash, 48 KB RAM).
Set JLink Project File to "E:\产品（网络报警器）\代码\stm32\FreeRTOS_stm32_6.3\mdk\JLinkSettings.ini"
 
JLink info:
------------
DLL: V4.50j, compiled Jun 26 2012 09:19:07
Firmware: J-Link ARM V8 compiled Jun 19 2012 11:29:30
Hardware: V8.00
S/N : 286370559 
Feature(s) : RDI,FlashDL,FlashBP,JFlash 
 
* JLink Info: TotalIRLen = 9, IRPrint = 0x0011
* JLink Info: TotalIRLen = 9, IRPrint = 0x0011
* JLink Info: Found Cortex-M3 r1p1, Little endian.
* JLink Info: TPIU fitted.
* JLink Info: ETM fitted.
* JLink Info: FPUnit: 6 code (BP) slots and 2 literal slots
ROMTableAddr = 0xE00FF003
* JLink Info: Found Cortex-M3 r1p1, Little endian.
* JLink Info: TPIU fitted.
* JLink Info: ETM fitted.
* JLink Info: FPUnit: 6 code (BP) slots and 2 literal slots
 
Target info:
------------
Device: STM32F103RC
VTarget = 3.300V
State of Pins: 
TCK: 1, TDI: 0, TDO: 1, TMS: 0, TRES: 1, TRST: 1
Hardware-Breakpoints: 6
Software-Breakpoints: 8192
Watchpoints:          4
JTAG speed: 2000 kHz
 
Erase Done.
Programming Done.
Verify OK.
