<html>
<body>
<pre>
<h1>礦ision Build Log</h1>
<h2>Project:</h2>
E:\产品（网络报警器）\代码\stm32\b\FreeRTOS_stm32_6.3-150705\mdk\Air_FreeRTOS.uvproj
Project File Date:  06/28/2015

<h2>Output:</h2>
Build target 'Target 1'
linking...
Program Size: Code=23492 RO-data=175980 RW-data=228 ZI-data=20052  
"..\out\Air_FreeRTOS.axf" - 0 Error(s), 0 Warning(s).
Load "..\\out\\Air_FreeRTOS.AXF" 
* JLink Info: Device "STM32F103RC" selected (256 KB flash, 48 KB RAM).
Set JLink Project File to "E:\产品（网络报警器）\代码\stm32\b\FreeRTOS_stm32_6.3-150705\mdk\JLinkSettings.ini"
 
JLink info:
------------
DLL: V4.50j, compiled Jun 26 2012 09:19:07
Firmware: J-Link ARM V8 compiled Nov 14 2012 22:34:52
Hardware: V8.00
S/N : 58001139 
Feature(s) : RDI,FlashDL,FlashBP,JFlash 
 
* JLink Info: TotalIRLen = 9, IRPrint = 0x0011
* JLink Info: TotalIRLen = 9, IRPrint = 0x0011
* JLink Info: Found Cortex-M3 r1p1, Little endian.
* JLink Info: TPIU fitted.
* JLink Info: ETM fitted.
* JLink Info: FPUnit: 6 code (BP) slots and 2 literal slots
ROMTableAddr = 0xE00FF003
* JLink Info: Found Cortex-M3 r1p1, Little endian.
* JLink Info: TPIU fitted.
* JLink Info: ETM fitted.
* JLink Info: FPUnit: 6 code (BP) slots and 2 literal slots
 
Target info:
------------
Device: STM32F103RC
VTarget = 3.293V
State of Pins: 
TCK: 1, TDI: 0, TDO: 1, TMS: 0, TRES: 1, TRST: 1
Hardware-Breakpoints: 6
Software-Breakpoints: 8192
Watchpoints:          4
JTAG speed: 2000 kHz
 
No Algorithm found for: 08020000H - 0802FFFFH
No Algorithm found for: 08030000H - 08030C13H
Partial Erase Done (areas with no algorithms skipped!)
No Algorithm found for: 08020000H - 0802FFFFH
No Algorithm found for: 08030000H - 08030C13H
Partial Programming Done (areas with no algorithms skipped!)
Partial Verify OK (areas with no algorithms skipped!)
