<html>
<body>
<pre>
<h1>µVision Build Log</h1>
<h2>Project:</h2>
E:\¶¦Ê¢\È«ÐÂ¿ò¼Ü-freert\FreeRTOS_stm32_6.3\mdk\Air_FreeRTOS.uvproj
Project File Date:  06/22/2015

<h2>Output:</h2>
Build target 'Target 1'
compiling core_cm3.c...
assembling startup_stm32f10x_hd.s...
compiling croutine.c...
compiling list.c...
compiling queue.c...
compiling tasks.c...
compiling timers.c...
compiling heap_2.c...
compiling port.c...
compiling misc.c...
compiling stm32f10x_adc.c...
compiling stm32f10x_bkp.c...
compiling stm32f10x_can.c...
compiling stm32f10x_cec.c...
compiling stm32f10x_crc.c...
compiling stm32f10x_dac.c...
compiling stm32f10x_dbgmcu.c...
compiling stm32f10x_dma.c...
compiling stm32f10x_exti.c...
compiling stm32f10x_flash.c...
compiling stm32f10x_fsmc.c...
compiling stm32f10x_gpio.c...
compiling stm32f10x_i2c.c...
compiling stm32f10x_iwdg.c...
compiling stm32f10x_pwr.c...
compiling stm32f10x_rcc.c...
compiling stm32f10x_rtc.c...
compiling stm32f10x_sdio.c...
compiling stm32f10x_spi.c...
compiling stm32f10x_tim.c...
compiling stm32f10x_usart.c...
compiling stm32f10x_wwdg.c...
compiling main.c...
..\User\main.c(79): warning:  #167-D: argument of type "void (*)(void)" is incompatible with parameter of type "pdTASK_CODE"
..\User\main.c(81): warning:  #223-D: function "printp" declared implicitly
compiling stm32f10x_it.c...
compiling bsp.c...
compiling delay.c...
compiling g7185.c...
compiling sys_time.c...
compiling MyString.c...
..\src\MyString.c(97): warning:  #1293-D: assignment in condition
compiling msg_list.c...
..\sys\msg_list.c(28): warning:  #117-D: non-void function "msg_send" should return a value
..\sys\msg_list.c(61): warning:  #174-D: expression has no effect
compiling my_list.c...
compiling printp.c...
compiling input_task.c...
linking...
Program Size: Code=19862 RO-data=690 RW-data=172 ZI-data=18796  
"..\out\Air_FreeRTOS.axf" - 0 Error(s), 5 Warning(s).
Build target 'Target 1'
linking...
Program Size: Code=19862 RO-data=690 RW-data=172 ZI-data=18796  
"..\out\Air_FreeRTOS.axf" - 0 Error(s), 0 Warning(s).
