ARM Linker, 4.1 [Build 894] [Standard]

==============================================================================

Section Cross References

    startup_stm32f10x_hd.o(STACK) refers (Special) to heapauxi.o(.text) for __use_two_region_memory
    startup_stm32f10x_hd.o(HEAP) refers (Special) to heapauxi.o(.text) for __use_two_region_memory
    startup_stm32f10x_hd.o(RESET) refers (Special) to heapauxi.o(.text) for __use_two_region_memory
    startup_stm32f10x_hd.o(RESET) refers to startup_stm32f10x_hd.o(STACK) for __initial_sp
    startup_stm32f10x_hd.o(RESET) refers to startup_stm32f10x_hd.o(.text) for Reset_Handler
    startup_stm32f10x_hd.o(RESET) refers to stm32f10x_it.o(.text) for NMI_Handler
    startup_stm32f10x_hd.o(RESET) refers to port.o(.emb_text) for vPortSVCHandler
    startup_stm32f10x_hd.o(RESET) refers to port.o(.text) for xPortSysTickHandler
    startup_stm32f10x_hd.o(RESET) refers to sys_uart.o(.text) for USART1_IRQHandler
    startup_stm32f10x_hd.o(.text) refers (Special) to heapauxi.o(.text) for __use_two_region_memory
    startup_stm32f10x_hd.o(.text) refers to __main.o(!!!main) for __main
    startup_stm32f10x_hd.o(.text) refers to startup_stm32f10x_hd.o(HEAP) for Heap_Mem
    startup_stm32f10x_hd.o(.text) refers to startup_stm32f10x_hd.o(STACK) for Stack_Mem
    croutine.o(.text) refers to list.o(.text) for vListInitialise
    croutine.o(.text) refers to heap_2.o(.text) for pvPortMalloc
    croutine.o(.text) refers to port.o(.emb_text) for vPortSetInterruptMask
    croutine.o(.text) refers to tasks.o(.text) for xTaskGetTickCount
    croutine.o(.text) refers to croutine.o(.bss) for pxReadyCoRoutineLists
    croutine.o(.text) refers to croutine.o(.data) for pxDelayedCoRoutineList
    queue.o(.text) refers to heap_2.o(.text) for pvPortMalloc
    queue.o(.text) refers to list.o(.text) for vListInitialise
    queue.o(.text) refers to port.o(.text) for vPortEnterCritical
    queue.o(.text) refers to tasks.o(.text) for xTaskRemoveFromEventList
    queue.o(.text) refers to rt_memcpy_v6.o(.text) for __aeabi_memcpy
    queue.o(.text) refers to port.o(.emb_text) for vPortSetInterruptMask
    tasks.o(.text) refers to list.o(.text) for vListInitialise
    tasks.o(.text) refers to strncpy.o(.text) for strncpy
    tasks.o(.text) refers to heap_2.o(.text) for pvPortMalloc
    tasks.o(.text) refers to aeabi_memset.o(.text) for __aeabi_memset
    tasks.o(.text) refers to port.o(.text) for pxPortInitialiseStack
    tasks.o(.text) refers to tasks.o(.bss) for pxReadyTasksLists
    tasks.o(.text) refers to tasks.o(.data) for pxDelayedTaskList
    tasks.o(.text) refers to port.o(.emb_text) for vPortSetInterruptMask
    heap_2.o(.text) refers to tasks.o(.text) for vTaskSuspendAll
    heap_2.o(.text) refers to heap_2.o(.data) for xHeapHasBeenInitialised
    heap_2.o(.text) refers to heap_2.o(.bss) for xHeap
    port.o(.emb_text) refers to tasks.o(.text) for vTaskSwitchContext
    port.o(.emb_text) refers to tasks.o(.data) for pxCurrentTCB
    port.o(.text) refers to port.o(.emb_text) for vPortStartFirstTask
    port.o(.text) refers to tasks.o(.text) for vTaskIncrementTick
    port.o(.text) refers to port.o(.data) for uxCriticalNesting
    stm32f10x_adc.o(.text) refers to stm32f10x_rcc.o(.text) for RCC_APB2PeriphResetCmd
    stm32f10x_bkp.o(.text) refers to stm32f10x_rcc.o(.text) for RCC_BackupResetCmd
    stm32f10x_can.o(.text) refers to stm32f10x_rcc.o(.text) for RCC_APB1PeriphResetCmd
    stm32f10x_cec.o(.text) refers to stm32f10x_rcc.o(.text) for RCC_APB1PeriphResetCmd
    stm32f10x_dac.o(.text) refers to stm32f10x_rcc.o(.text) for RCC_APB1PeriphResetCmd
    stm32f10x_gpio.o(.text) refers to stm32f10x_rcc.o(.text) for RCC_APB2PeriphResetCmd
    stm32f10x_i2c.o(.text) refers to stm32f10x_rcc.o(.text) for RCC_APB1PeriphResetCmd
    stm32f10x_pwr.o(.text) refers to stm32f10x_rcc.o(.text) for RCC_APB1PeriphResetCmd
    stm32f10x_rcc.o(.text) refers to stm32f10x_rcc.o(.data) for APBAHBPrescTable
    stm32f10x_spi.o(.text) refers to stm32f10x_rcc.o(.text) for RCC_APB2PeriphResetCmd
    stm32f10x_tim.o(.text) refers to stm32f10x_rcc.o(.text) for RCC_APB2PeriphResetCmd
    stm32f10x_usart.o(.text) refers to stm32f10x_rcc.o(.text) for RCC_APB2PeriphResetCmd
    stm32f10x_wwdg.o(.text) refers to stm32f10x_rcc.o(.text) for RCC_APB1PeriphResetCmd
    main.o(.text) refers to bsp.o(.text) for bsp_init
    main.o(.text) refers to msg_list.o(.text) for sys_msg_init
    main.o(.text) refers to tasks.o(.text) for xTaskGenericCreate
    main.o(.text) refers to printp.o(.text) for printp
    main.o(.text) refers to delay.o(.data) for delay_flg
    main.o(.text) refers to input_task.o(.text) for input_task
    main.o(.text) refers to gsm_task.o(.text) for gsm_task
    main.o(.text) refers to back_task.o(.text) for back_task
    stm32f10x_it.o(.text) refers to stm32f10x_tim.o(.text) for TIM_GetITStatus
[...]
    .ARM.Collect$$rtentry$$0000000A          0x080001c8   Section        4  rtentry2.o(.ARM.Collect$$rtentry$$0000000A)
    .ARM.Collect$$rtentry$$0000000C          0x080001cc   Section        0  rtentry2.o(.ARM.Collect$$rtentry$$0000000C)
    .ARM.Collect$$rtentry$$0000000D          0x080001cc   Section        8  rtentry2.o(.ARM.Collect$$rtentry$$0000000D)
    .ARM.Collect$$rtexit$$00000000           0x080001d4   Section        2  rtexit.o(.ARM.Collect$$rtexit$$00000000)
    .ARM.Collect$$rtexit$$00000002           0x080001d6   Section        0  rtexit2.o(.ARM.Collect$$rtexit$$00000002)
    .ARM.Collect$$rtexit$$00000003           0x080001d6   Section        4  rtexit2.o(.ARM.Collect$$rtexit$$00000003)
    .ARM.Collect$$rtexit$$00000004           0x080001da   Section        6  rtexit2.o(.ARM.Collect$$rtexit$$00000004)
    .emb_text                                0x080001e0   Section       32  core_cm3.o(.emb_text)
    .emb_text                                0x08000200   Section      140  port.o(.emb_text)
    .text                                    0x0800028c   Section       52  startup_stm32f10x_hd.o(.text)
    .text                                    0x080002c0   Section        0  list.o(.text)
    .text                                    0x08000354   Section        0  queue.o(.text)
    prvUnlockQueue                           0x080003c5   Thumb Code   126  queue.o(.text)
    prvIsQueueFull                           0x08000443   Thumb Code    32  queue.o(.text)
    prvCopyDataToQueue                       0x08000463   Thumb Code    88  queue.o(.text)
    prvIsQueueEmpty                          0x080005e3   Thumb Code    28  queue.o(.text)
    prvCopyDataFromQueue                     0x080005ff   Thumb Code    42  queue.o(.text)
    .text                                    0x080007cc   Section        0  tasks.o(.text)
    prvInitialiseTaskLists                   0x080007cd   Thumb Code    70  tasks.o(.text)
    prvInitialiseTCBVariables                0x08000813   Thumb Code    68  tasks.o(.text)
    prvAllocateTCBAndStack                   0x08000857   Thumb Code    58  tasks.o(.text)
    prvAddCurrentTaskToDelayedList           0x08000b7f   Thumb Code   146  tasks.o(.text)
    prvDeleteTCB                             0x08000f25   Thumb Code    18  tasks.o(.text)
    prvCheckTasksWaitingTermination          0x08000f37   Thumb Code    82  tasks.o(.text)
    prvIdleTask                              0x08000f89   Thumb Code    20  tasks.o(.text)
    .text                                    0x08001180   Section        0  heap_2.o(.text)
    .text                                    0x08001298   Section        0  port.o(.text)
    prvSetupTimerInterrupt                   0x080012b3   Thumb Code    14  port.o(.text)
    .text                                    0x0800134c   Section        0  misc.o(.text)
    .text                                    0x08001428   Section        0  stm32f10x_flash.o(.text)
    .text                                    0x080019e0   Section        0  stm32f10x_gpio.o(.text)
    .text                                    0x08001d38   Section        0  stm32f10x_rcc.o(.text)
    .text                                    0x080020d8   Section        0  stm32f10x_tim.o(.text)
    TI4_Config                               0x08002563   Thumb Code   118  stm32f10x_tim.o(.text)
    TI3_Config                               0x080025eb   Thumb Code   114  stm32f10x_tim.o(.text)
    TI2_Config                               0x08002673   Thumb Code   118  stm32f10x_tim.o(.text)
    TI1_Config                               0x080026fb   Thumb Code   106  stm32f10x_tim.o(.text)
    .text                                    0x08002e88   Section        0  stm32f10x_usart.o(.text)
    .text                                    0x08003294   Section        0  main.o(.text)
    .text                                    0x08003398   Section        0  stm32f10x_it.o(.text)
    .text                                    0x080033f4   Section        0  bsp.o(.text)
    .text                                    0x0800357c   Section        0  delay.o(.text)
    .text                                    0x080035f4   Section        0  sys_time.o(.text)
    .text                                    0x080036c0   Section        0  sys_uart.o(.text)
    itoa                                     0x080039f7   Thumb Code    98  sys_uart.o(.text)
    .text                                    0x08003bdc   Section        0  msg_list.o(.text)
    .text                                    0x08003d64   Section        0  my_list.o(.text)
    INIT_LIST_HEAD                           0x08003d65   Thumb Code     6  my_list.o(.text)
    __list_add                               0x08003d6b   Thumb Code    10  my_list.o(.text)
    __list_del                               0x08003d99   Thumb Code     6  my_list.o(.text)
    list_empty                               0x08003e2f   Thumb Code    16  my_list.o(.text)
    list_is_singular                         0x08003e55   Thumb Code    28  my_list.o(.text)
    __list_cut_position                      0x08003e71   Thumb Code    22  my_list.o(.text)
    __list_splice                            0x08003ec7   Thumb Code    16  my_list.o(.text)
    .text                                    0x08003f4c   Section        0  printp.o(.text)
    padding                                  0x08003fc3   Thumb Code    50  printp.o(.text)
    outs                                     0x08003ff5   Thumb Code    82  printp.o(.text)
    reoutnum                                 0x08004047   Thumb Code   118  printp.o(.text)
    outnum                                   0x080040bd   Thumb Code    38  printp.o(.text)
    getnum                                   0x080040e3   Thumb Code    44  printp.o(.text)
    .text                                    0x08004548   Section        0  input_task.o(.text)
    __decode                                 0x08004549   Thumb Code   102  input_task.o(.text)
    .text                                    0x080046e8   Section        0  back_task.o(.text)
    .text                                    0x080049a0   Section        0  gsm_task.o(.text)
    .text                                    0x08004c1c   Section        0  sim900a.o(.text)
    .text                                    0x080050ac   Section        0  ev1527.o(.text)
    .text                                    0x08005840   Section        0  cc936.o(.text)
    .text                                    0x080058f4   Section       16  rt_ctype_table.o(.text)
    .text                                    0x08005904   Section        0  tolower.o(.text)
    .text                                    0x0800591e   Section        0  strstr.o(.text)
    .text                                    0x08005942   Section        0  strcpy.o(.text)
    .text                                    0x0800598a   Section        0  strlen.o(.text)
    .text                                    0x080059c8   Section      138  rt_memcpy_v6.o(.text)
    .text                                    0x08005a52   Section      100  rt_memcpy_w.o(.text)
    .text                                    0x08005ab6   Section       16  aeabi_memset.o(.text)
    .text                                    0x08005ac6   Section       68  rt_memclr.o(.text)
    .text                                    0x08005b0a   Section       86  strncpy.o(.text)
    .text                                    0x08005b60   Section      128  strcmpv7m.o(.text)
    .text                                    0x08005be0   Section        0  heapauxi.o(.text)
    .text                                    0x08005be8   Section        8  rt_locale_intlibspace.o(.text)
    .text                                    0x08005bf0   Section       78  rt_memclr_w.o(.text)
    .text                                    0x08005c40   Section        8  libspace.o(.text)
    .text                                    0x08005c48   Section       74  sys_stackheap_outer.o(.text)
    .text                                    0x08005c92   Section        0  exit.o(.text)
    .text                                    0x08005ca0   Section        8  rt_fp_status_addr_intlibspace.o(.text)
    .text                                    0x08005ca8   Section        0  sys_exit.o(.text)
    .text                                    0x08005cb4   Section        2  use_no_semi.o(.text)
    .text                                    0x08005cb6   Section        0  indicate_semi.o(.text)
    locale$$code                             0x08005cb8   Section       44  lc_ctype_c.o(locale$$code)
    x$fpl$fpinit                             0x08005ce4   Section       14  fpinit.o(x$fpl$fpinit)
    .constdata                               0x08005cf4   Section       68  back_task.o(.constdata)
    .constdata                               0x08005d38   Section    175304  cc936.o(.constdata)
    uni2oem                                  0x08005d38   Data       87172  cc936.o(.constdata)
    oem2uni                                  0x0801b1bc   Data       87172  cc936.o(.constdata)
    tbl_lower                                0x08030640   Data         480  cc936.o(.constdata)
    tbl_upper                                0x08030820   Data         480  cc936.o(.constdata)
    locale$$data                             0x08030a20   Section      272  lc_ctype_c.o(locale$$data)
    __lcctype_c_name                         0x08030a24   Data           2  lc_ctype_c.o(locale$$data)
    __lcctype_c_start                        0x08030a2c   Data           0  lc_ctype_c.o(locale$$data)
    __lcctype_c_end                          0x08030b30   Data           0  lc_ctype_c.o(locale$$data)
    .data                                    0x20000000   Section       60  tasks.o(.data)
    uxTasksDeleted                           0x20000004   Data           4  tasks.o(.data)
    uxCurrentNumberOfTasks                   0x20000008   Data           4  tasks.o(.data)
    xTickCount                               0x2000000c   Data           4  tasks.o(.data)
    uxTopUsedPriority                        0x20000010   Data           4  tasks.o(.data)
    uxTopReadyPriority                       0x20000014   Data           4  tasks.o(.data)
    xSchedulerRunning                        0x20000018   Data           4  tasks.o(.data)
    uxSchedulerSuspended                     0x2000001c   Data           4  tasks.o(.data)
    uxMissedTicks                            0x20000020   Data           4  tasks.o(.data)
    xMissedYield                             0x20000024   Data           4  tasks.o(.data)
    xNumOfOverflows                          0x20000028   Data           4  tasks.o(.data)
    uxTaskNumber                             0x2000002c   Data           4  tasks.o(.data)
    xNextTaskUnblockTime                     0x20000030   Data           4  tasks.o(.data)
    pxDelayedTaskList                        0x20000034   Data           4  tasks.o(.data)
    pxOverflowDelayedTaskList                0x20000038   Data           4  tasks.o(.data)
    .data                                    0x2000003c   Section       24  heap_2.o(.data)
    xFreeBytesRemaining                      0x2000003c   Data           4  heap_2.o(.data)
    xHeapHasBeenInitialised                  0x20000040   Data           4  heap_2.o(.data)
    xStart                                   0x20000044   Data           8  heap_2.o(.data)
    xEnd                                     0x2000004c   Data           8  heap_2.o(.data)
    .data                                    0x20000054   Section        4  port.o(.data)
    uxCriticalNesting                        0x20000054   Data           4  port.o(.data)
    .data                                    0x20000058   Section       20  stm32f10x_rcc.o(.data)
    APBAHBPrescTable                         0x20000058   Data          16  stm32f10x_rcc.o(.data)
    ADCPrescTable                            0x20000068   Data           4  stm32f10x_rcc.o(.data)
    .data                                    0x2000006c   Section        1  bsp.o(.data)
    .data                                    0x2000006e   Section        4  delay.o(.data)
    TimingDelay                              0x20000070   Data           2  delay.o(.data)
    .data                                    0x20000072   Section        3  sys_time.o(.data)
    .data                                    0x20000076   Section        6  sys_uart.o(.data)
    .data                                    0x2000007c   Section       16  msg_list.o(.data)
    xQueue                                   0x20000088   Data           4  msg_list.o(.data)
    .data                                    0x2000008c   Section       21  printp.o(.data)
    do_padding                               0x2000008c   Data           4  printp.o(.data)
    left_flag                                0x20000090   Data           4  printp.o(.data)
    len                                      0x20000094   Data           4  printp.o(.data)
    num1                                     0x20000098   Data           4  printp.o(.data)
    num2                                     0x2000009c   Data           4  printp.o(.data)
    pad_character                            0x200000a0   Data           1  printp.o(.data)
    .data                                    0x200000a4   Section        4  back_task.o(.data)
    .data                                    0x200000a8   Section       60  ev1527.o(.data)
    __cnt                                    0x200000a8   Data           4  ev1527.o(.data)
    .bss                                     0x200000e4   Section      200  tasks.o(.bss)
    pxReadyTasksLists                        0x200000e4   Data         100  tasks.o(.bss)
    xDelayedTaskList1                        0x20000148   Data          20  tasks.o(.bss)
    xDelayedTaskList2                        0x2000015c   Data          20  tasks.o(.bss)
    xPendingReadyList                        0x20000170   Data          20  tasks.o(.bss)
    xTasksWaitingTermination                 0x20000184   Data          20  tasks.o(.bss)
    xSuspendedTaskList                       0x20000198   Data          20  tasks.o(.bss)
    .bss                                     0x200001b0   Section    17408  heap_2.o(.bss)
    xHeap                                    0x200001b0   Data       17408  heap_2.o(.bss)
    .bss                                     0x200045b0   Section     1279  sys_uart.o(.bss)
    .bss                                     0x20004ab0   Section       36  input_task.o(.bss)
    .bss                                     0x20004ad4   Section       96  libspace.o(.bss)
    HEAP                                     0x20004b38   Section        0  startup_stm32f10x_hd.o(HEAP)
    STACK                                    0x20004b38   Section     1024  startup_stm32f10x_hd.o(STACK)
    Heap_Mem                                 0x20004b38   Data           0  startup_stm32f10x_hd.o(HEAP)
    Stack_Mem                                0x20004b38   Data        1024  startup_stm32f10x_hd.o(STACK)
    __initial_sp                             0x20004f38   Data           0  startup_stm32f10x_hd.o(STACK)

    Global Symbols

    Symbol Name                              Value     Ov Type        Size  Object(Section)

    BuildAttributes$$THM_ISAv4$P$D$K$B$S$PE$A:L22UL41UL21$X:L11$S22US41US21$IEEE1$IW$USESV6$~STKCKD$USESV7$~SHL$OSPACE$ROPI$EBA8$UX$STANDARDLIB$REQ8$PRES8$EABIv2 0x00000000   Number         0  anon$$obj.o ABSOLUTE
    __ARM_use_no_argv                        0x00000000   Number         0  main.o ABSOLUTE
    __ARM_exceptions_init                     - Undefined Weak Reference
    __alloca_initialize                       - Undefined Weak Reference
    __cpp_initialize__aeabi_                  - Undefined Weak Reference
    __cxa_finalize                            - Undefined Weak Reference
    __sigvec_lookup                           - Undefined Weak Reference
    _atexit_init                              - Undefined Weak Reference
    _call_atexit_fns                          - Undefined Weak Reference
    _clock_init                               - Undefined Weak Reference
    _fp_trap_init                             - Undefined Weak Reference
    _fp_trap_shutdown                         - Undefined Weak Reference
    _get_lc_collate                           - Undefined Weak Reference
    _get_lc_monetary                          - Undefined Weak Reference
    _get_lc_numeric                           - Undefined Weak Reference
    _get_lc_time                              - Undefined Weak Reference
    _getenv_init                              - Undefined Weak Reference
    _handle_redirection                       - Undefined Weak Reference
    _init_alloc                               - Undefined Weak Reference
    _init_user_alloc                          - Undefined Weak Reference
    _initio                                   - Undefined Weak Reference
    _rand_init                                - Undefined Weak Reference
    _signal_finish                            - Undefined Weak Reference
    _signal_init                              - Undefined Weak Reference
    _terminate_alloc                          - Undefined Weak Reference
    _terminate_user_alloc                     - Undefined Weak Reference
    _terminateio                              - Undefined Weak Reference
    __Vectors                                0x08000000   Data           4  startup_stm32f10x_hd.o(RESET)
    __main                                   0x08000131   Thumb Code     8  __main.o(!!!main)
    __scatterload                            0x08000139   Thumb Code     0  __scatter.o(!!!scatter)
    __scatterload_rt2                        0x08000139   Thumb Code    44  __scatter.o(!!!scatter)
    __scatterload_rt2_thumb_only             0x08000139   Thumb Code     0  __scatter.o(!!!scatter)
    __scatterload_null                       0x08000147   Thumb Code     0  __scatter.o(!!!scatter)
    __scatterload_copy                       0x0800016d   Thumb Code    26  __scatter_copy.o(!!handler_copy)
    __scatterload_zeroinit                   0x08000189   Thumb Code    28  __scatter_zi.o(!!handler_zi)
    __rt_lib_init                            0x080001a5   Thumb Code     0  libinit.o(.ARM.Collect$$libinit$$00000000)
    __rt_lib_init_heap_1                     0x080001ab   Thumb Code     0  libinit2.o(.ARM.Collect$$libinit$$00000006)
    __rt_lib_init_lc_common                  0x080001ab   Thumb Code     0  libinit2.o(.ARM.Collect$$libinit$$0000000B)
    __rt_lib_init_rand_1                     0x080001ab   Thumb Code     0  libinit2.o(.ARM.Collect$$libinit$$0000000A)
    __rt_lib_init_user_alloc_1               0x080001ab   Thumb Code     0  libinit2.o(.ARM.Collect$$libinit$$00000008)
    __rt_lib_init_lc_collate_1               0x080001b1   Thumb Code     0  libinit2.o(.ARM.Collect$$libinit$$0000000D)
    __rt_lib_init_lc_ctype_2                 0x080001b1   Thumb Code     0  libinit2.o(.ARM.Collect$$libinit$$0000000E)
    __rt_lib_init_alloca_1                   0x080001bd   Thumb Code     0  libinit2.o(.ARM.Collect$$libinit$$0000002A)
    __rt_lib_init_argv_1                     0x080001bd   Thumb Code     0  libinit2.o(.ARM.Collect$$libinit$$00000028)
    __rt_lib_init_atexit_1                   0x080001bd   Thumb Code     0  libinit2.o(.ARM.Collect$$libinit$$00000017)
    __rt_lib_init_clock_1                    0x080001bd   Thumb Code     0  libinit2.o(.ARM.Collect$$libinit$$0000001D)
    __rt_lib_init_cpp_1                      0x080001bd   Thumb Code     0  libinit2.o(.ARM.Collect$$libinit$$0000002E)
    __rt_lib_init_exceptions_1               0x080001bd   Thumb Code     0  libinit2.o(.ARM.Collect$$libinit$$0000002C)
    __rt_lib_init_fp_trap_1                  0x080001bd   Thumb Code     0  libinit2.o(.ARM.Collect$$libinit$$0000001B)
    __rt_lib_init_getenv_1                   0x080001bd   Thumb Code     0  libinit2.o(.ARM.Collect$$libinit$$0000001F)
    __rt_lib_init_lc_ctype_1                 0x080001bd   Thumb Code     0  libinit2.o(.ARM.Collect$$libinit$$0000000F)
    __rt_lib_init_lc_monetary_1              0x080001bd   Thumb Code     0  libinit2.o(.ARM.Collect$$libinit$$00000011)
    __rt_lib_init_lc_numeric_1               0x080001bd   Thumb Code     0  libinit2.o(.ARM.Collect$$libinit$$00000013)
    __rt_lib_init_lc_time_1                  0x080001bd   Thumb Code     0  libinit2.o(.ARM.Collect$$libinit$$00000015)
    __rt_lib_init_return                     0x080001bd   Thumb Code     0  libinit2.o(.ARM.Collect$$libinit$$0000002F)
    __rt_lib_init_signal_1                   0x080001bd   Thumb Code     0  libinit2.o(.ARM.Collect$$libinit$$00000019)
    __rt_lib_init_stdio_1                    0x080001bd   Thumb Code     0  libinit2.o(.ARM.Collect$$libinit$$00000021)
    __rt_lib_shutdown                        0x080001bf   Thumb Code     0  libshutdown.o(.ARM.Collect$$libshutdown$$00000000)
    __rt_lib_shutdown_fp_trap_1              0x080001c1   Thumb Code     0  libshutdown2.o(.ARM.Collect$$libshutdown$$00000006)
    __rt_lib_shutdown_heap_1                 0x080001c1   Thumb Code     0  libshutdown2.o(.ARM.Collect$$libshutdown$$0000000E)
    __rt_lib_shutdown_return                 0x080001c1   Thumb Code     0  libshutdown2.o(.ARM.Collect$$libshutdown$$0000000F)
    __rt_lib_shutdown_signal_1               0x080001c1   Thumb Code     0  libshutdown2.o(.ARM.Collect$$libshutdown$$00000009)
    __rt_lib_shutdown_stdio_1                0x080001c1   Thumb Code     0  libshutdown2.o(.ARM.Collect$$libshutdown$$00000003)
    __rt_lib_shutdown_user_alloc_1           0x080001c1   Thumb Code     0  libshutdown2.o(.ARM.Collect$$libshutdown$$0000000B)
    __rt_entry                               0x080001c3   Thumb Code     0  rtentry.o(.ARM.Collect$$rtentry$$00000000)
    __rt_entry_presh_1                       0x080001c3   Thumb Code     0  rtentry2.o(.ARM.Collect$$rtentry$$00000002)
    __rt_entry_sh                            0x080001c3   Thumb Code     0  rtentry4.o(.ARM.Collect$$rtentry$$00000004)
    __rt_entry_li                            0x080001c9   Thumb Code     0  rtentry2.o(.ARM.Collect$$rtentry$$0000000A)
    __rt_entry_postsh_1                      0x080001c9   Thumb Code     0  rtentry2.o(.ARM.Collect$$rtentry$$00000009)
    __rt_entry_main                          0x080001cd   Thumb Code     0  rtentry2.o(.ARM.Collect$$rtentry$$0000000D)
    __rt_entry_postli_1                      0x080001cd   Thumb Code     0  rtentry2.o(.ARM.Collect$$rtentry$$0000000C)
    __rt_exit                                0x080001d5   Thumb Code     0  rtexit.o(.ARM.Collect$$rtexit$$00000000)
    __rt_exit_ls                             0x080001d7   Thumb Code     0  rtexit2.o(.ARM.Collect$$rtexit$$00000003)
    __rt_exit_prels_1                        0x080001d7   Thumb Code     0  rtexit2.o(.ARM.Collect$$rtexit$$00000002)
    __rt_exit_exit                           0x080001db   Thumb Code     0  rtexit2.o(.ARM.Collect$$rtexit$$00000004)
    __get_PSP                                0x080001e1   Thumb Code     6  core_cm3.o(.emb_text)
    __set_PSP                                0x080001e7   Thumb Code     6  core_cm3.o(.emb_text)
    __get_MSP                                0x080001ed   Thumb Code     6  core_cm3.o(.emb_text)
    __set_MSP                                0x080001f3   Thumb Code     6  core_cm3.o(.emb_text)
    __REV16                                  0x080001f9   Thumb Code     4  core_cm3.o(.emb_text)
    __REVSH                                  0x080001fd   Thumb Code     4  core_cm3.o(.emb_text)
    vPortSVCHandler                          0x08000201   Thumb Code    28  port.o(.emb_text)
    vPortStartFirstTask                      0x08000221   Thumb Code    16  port.o(.emb_text)
    xPortPendSVHandler                       0x08000235   Thumb Code    56  port.o(.emb_text)
    vPortSetInterruptMask                    0x08000271   Thumb Code    14  port.o(.emb_text)
    vPortClearInterruptMask                  0x0800027f   Thumb Code    14  port.o(.emb_text)
    Reset_Handler                            0x0800028d   Thumb Code     4  startup_stm32f10x_hd.o(.text)
    ADC1_2_IRQHandler                        0x080002a3   Thumb Code     0  startup_stm32f10x_hd.o(.text)
    ADC3_IRQHandler                          0x080002a3   Thumb Code     0  startup_stm32f10x_hd.o(.text)
    CAN1_RX1_IRQHandler                      0x080002a3   Thumb Code     0  startup_stm32f10x_hd.o(.text)
    CAN1_SCE_IRQHandler                      0x080002a3   Thumb Code     0  startup_stm32f10x_hd.o(.text)
    DMA1_Channel1_IRQHandler                 0x080002a3   Thumb Code     0  startup_stm32f10x_hd.o(.text)
    DMA1_Channel2_IRQHandler                 0x080002a3   Thumb Code     0  startup_stm32f10x_hd.o(.text)
    DMA1_Channel3_IRQHandler                 0x080002a3   Thumb Code     0  startup_stm32f10x_hd.o(.text)
    DMA1_Channel4_IRQHandler                 0x080002a3   Thumb Code     0  startup_stm32f10x_hd.o(.text)
    DMA1_Channel5_IRQHandler                 0x080002a3   Thumb Code     0  startup_stm32f10x_hd.o(.text)
    DMA1_Channel6_IRQHandler                 0x080002a3   Thumb Code     0  startup_stm32f10x_hd.o(.text)
    DMA1_Channel7_IRQHandler                 0x080002a3   Thumb Code     0  startup_stm32f10x_hd.o(.text)
    DMA2_Channel1_IRQHandler                 0x080002a3   Thumb Code     0  startup_stm32f10x_hd.o(.text)
    DMA2_Channel2_IRQHandler                 0x080002a3   Thumb Code     0  startup_stm32f10x_hd.o(.text)
    DMA2_Channel3_IRQHandler                 0x080002a3   Thumb Code     0  startup_stm32f10x_hd.o(.text)
    DMA2_Channel4_5_IRQHandler               0x080002a3   Thumb Code     0  startup_stm32f10x_hd.o(.text)
    EXTI0_IRQHandler                         0x080002a3   Thumb Code     0  startup_stm32f10x_hd.o(.text)
    EXTI15_10_IRQHandler                     0x080002a3   Thumb Code     0  startup_stm32f10x_hd.o(.text)
    EXTI1_IRQHandler                         0x080002a3   Thumb Code     0  startup_stm32f10x_hd.o(.text)
    EXTI2_IRQHandler                         0x080002a3   Thumb Code     0  startup_stm32f10x_hd.o(.text)
    EXTI3_IRQHandler                         0x080002a3   Thumb Code     0  startup_stm32f10x_hd.o(.text)
    EXTI4_IRQHandler                         0x080002a3   Thumb Code     0  startup_stm32f10x_hd.o(.text)
    EXTI9_5_IRQHandler                       0x080002a3   Thumb Code     0  startup_stm32f10x_hd.o(.text)
    FLASH_IRQHandler                         0x080002a3   Thumb Code     0  startup_stm32f10x_hd.o(.text)
    FSMC_IRQHandler                          0x080002a3   Thumb Code     0  startup_stm32f10x_hd.o(.text)
    I2C1_ER_IRQHandler                       0x080002a3   Thumb Code     0  startup_stm32f10x_hd.o(.text)
    I2C1_EV_IRQHandler                       0x080002a3   Thumb Code     0  startup_stm32f10x_hd.o(.text)
    I2C2_ER_IRQHandler                       0x080002a3   Thumb Code     0  startup_stm32f10x_hd.o(.text)
    I2C2_EV_IRQHandler                       0x080002a3   Thumb Code     0  startup_stm32f10x_hd.o(.text)
    PVD_IRQHandler                           0x080002a3   Thumb Code     0  startup_stm32f10x_hd.o(.text)
    RCC_IRQHandler                           0x080002a3   Thumb Code     0  startup_stm32f10x_hd.o(.text)
    RTCAlarm_IRQHandler                      0x080002a3   Thumb Code     0  startup_stm32f10x_hd.o(.text)
    RTC_IRQHandler                           0x080002a3   Thumb Code     0  startup_stm32f10x_hd.o(.text)
    SDIO_IRQHandler                          0x080002a3   Thumb Code     0  startup_stm32f10x_hd.o(.text)
    SPI1_IRQHandler                          0x080002a3   Thumb Code     0  startup_stm32f10x_hd.o(.text)
    SPI2_IRQHandler                          0x080002a3   Thumb Code     0  startup_stm32f10x_hd.o(.text)
    SPI3_IRQHandler                          0x080002a3   Thumb Code     0  startup_stm32f10x_hd.o(.text)
    TAMPER_IRQHandler                        0x080002a3   Thumb Code     0  startup_stm32f10x_hd.o(.text)
    TIM1_BRK_IRQHandler                      0x080002a3   Thumb Code     0  startup_stm32f10x_hd.o(.text)
    TIM1_CC_IRQHandler                       0x080002a3   Thumb Code     0  startup_stm32f10x_hd.o(.text)
    TIM1_TRG_COM_IRQHandler                  0x080002a3   Thumb Code     0  startup_stm32f10x_hd.o(.text)
    TIM3_IRQHandler                          0x080002a3   Thumb Code     0  startup_stm32f10x_hd.o(.text)
    TIM4_IRQHandler                          0x080002a3   Thumb Code     0  startup_stm32f10x_hd.o(.text)
    TIM5_IRQHandler                          0x080002a3   Thumb Code     0  startup_stm32f10x_hd.o(.text)
    TIM6_IRQHandler                          0x080002a3   Thumb Code     0  startup_stm32f10x_hd.o(.text)
    TIM7_IRQHandler                          0x080002a3   Thumb Code     0  startup_stm32f10x_hd.o(.text)
    TIM8_BRK_IRQHandler                      0x080002a3   Thumb Code     0  startup_stm32f10x_hd.o(.text)
    TIM8_CC_IRQHandler                       0x080002a3   Thumb Code     0  startup_stm32f10x_hd.o(.text)
    TIM8_TRG_COM_IRQHandler                  0x080002a3   Thumb Code     0  startup_stm32f10x_hd.o(.text)
    TIM8_UP_IRQHandler                       0x080002a3   Thumb Code     0  startup_stm32f10x_hd.o(.text)
    UART4_IRQHandler                         0x080002a3   Thumb Code     0  startup_stm32f10x_hd.o(.text)
    UART5_IRQHandler                         0x080002a3   Thumb Code     0  startup_stm32f10x_hd.o(.text)
    USART3_IRQHandler                        0x080002a3   Thumb Code     0  startup_stm32f10x_hd.o(.text)
    USBWakeUp_IRQHandler                     0x080002a3   Thumb Code     0  startup_stm32f10x_hd.o(.text)
    USB_HP_CAN1_TX_IRQHandler                0x080002a3   Thumb Code     0  startup_stm32f10x_hd.o(.text)
    USB_LP_CAN1_RX0_IRQHandler               0x080002a3   Thumb Code     0  startup_stm32f10x_hd.o(.text)
    WWDG_IRQHandler                          0x080002a3   Thumb Code     0  startup_stm32f10x_hd.o(.text)
    __user_initial_stackheap                 0x080002a5   Thumb Code     0  startup_stm32f10x_hd.o(.text)
    vListInitialise                          0x080002c1   Thumb Code    26  list.o(.text)
    vListInitialiseItem                      0x080002db   Thumb Code     6  list.o(.text)
    vListInsertEnd                           0x080002e1   Thumb Code    28  list.o(.text)
    vListInsert                              0x080002fd   Thumb Code    52  list.o(.text)
    vListRemove                              0x08000331   Thumb Code    36  list.o(.text)
    xQueueCreate                             0x08000355   Thumb Code   112  queue.o(.text)
    xQueueGenericSend                        0x080004bb   Thumb Code   202  queue.o(.text)
    xQueueGenericSendFromISR                 0x08000585   Thumb Code    94  queue.o(.text)
    xQueueGenericReceive                     0x08000629   Thumb Code   248  queue.o(.text)
    xQueueReceiveFromISR                     0x08000721   Thumb Code    92  queue.o(.text)
    uxQueueMessagesWaiting                   0x0800077d   Thumb Code    18  queue.o(.text)
    uxQueueMessagesWaitingFromISR            0x0800078f   Thumb Code     6  queue.o(.text)
    vQueueDelete                             0x08000795   Thumb Code    18  queue.o(.text)
    xQueueIsQueueEmptyFromISR                0x080007a7   Thumb Code    16  queue.o(.text)
    xQueueIsQueueFullFromISR                 0x080007b7   Thumb Code    20  queue.o(.text)
    xTaskGenericCreate                       0x08000891   Thumb Code   240  tasks.o(.text)
    vTaskDelete                              0x08000981   Thumb Code    94  tasks.o(.text)
    vTaskIncrementTick                       0x080009df   Thumb Code   228  tasks.o(.text)
    xTaskResumeAll                           0x08000ac3   Thumb Code   188  tasks.o(.text)
    vTaskSuspendAll                          0x08000c11   Thumb Code    12  tasks.o(.text)
    vTaskDelayUntil                          0x08000c1d   Thumb Code   108  tasks.o(.text)
    vTaskDelay                               0x08000c89   Thumb Code    48  tasks.o(.text)
    uxTaskPriorityGet                        0x08000cb9   Thumb Code    30  tasks.o(.text)
    vTaskPrioritySet                         0x08000cd7   Thumb Code   150  tasks.o(.text)
    vTaskSwitchContext                       0x08000d6d   Thumb Code    92  tasks.o(.text)
    vTaskSuspend                             0x08000dc9   Thumb Code    96  tasks.o(.text)
    xTaskIsTaskSuspended                     0x08000e29   Thumb Code    60  tasks.o(.text)
    vTaskResume                              0x08000e65   Thumb Code    92  tasks.o(.text)
    xTaskResumeFromISR                       0x08000ec1   Thumb Code   100  tasks.o(.text)
    vTaskStartScheduler                      0x08000f9d   Thumb Code    52  tasks.o(.text)
    vTaskEndScheduler                        0x08000fd1   Thumb Code    18  tasks.o(.text)
    xTaskGetTickCount                        0x08000fe3   Thumb Code    78  tasks.o(.text)
    xTaskGetTickCountFromISR                 0x08001031   Thumb Code    20  tasks.o(.text)
    uxTaskGetNumberOfTasks                   0x08001045   Thumb Code     6  tasks.o(.text)
    vTaskPlaceOnEventList                    0x0800104b   Thumb Code    60  tasks.o(.text)
    xTaskRemoveFromEventList                 0x08001087   Thumb Code    96  tasks.o(.text)
    vTaskSetTimeOutState                     0x080010e7   Thumb Code    14  tasks.o(.text)
    xTaskCheckForTimeOut                     0x080010f5   Thumb Code    92  tasks.o(.text)
    vTaskMissedYield                         0x08001151   Thumb Code     8  tasks.o(.text)
    pvPortMalloc                             0x08001181   Thumb Code   194  heap_2.o(.text)
    vPortFree                                0x08001243   Thumb Code    56  heap_2.o(.text)
    xPortGetFreeHeapSize                     0x0800127b   Thumb Code     6  heap_2.o(.text)
    vPortInitialiseBlocks                    0x08001281   Thumb Code     2  heap_2.o(.text)
    pxPortInitialiseStack                    0x08001299   Thumb Code    26  port.o(.text)
    xPortStartScheduler                      0x080012c1   Thumb Code    42  port.o(.text)
    vPortEndScheduler                        0x080012eb   Thumb Code     2  port.o(.text)
    vPortYieldFromISR                        0x080012ed   Thumb Code    12  port.o(.text)
    vPortEnterCritical                       0x080012f9   Thumb Code    18  port.o(.text)
    vPortExitCritical                        0x0800130b   Thumb Code    24  port.o(.text)
    xPortSysTickHandler                      0x08001323   Thumb Code    28  port.o(.text)
    NVIC_PriorityGroupConfig                 0x0800134d   Thumb Code    10  misc.o(.text)
    NVIC_Init                                0x08001357   Thumb Code   102  misc.o(.text)
    NVIC_SetVectorTable                      0x080013bd   Thumb Code    14  misc.o(.text)
    NVIC_SystemLPConfig                      0x080013cb   Thumb Code    34  misc.o(.text)
    SysTick_CLKSourceConfig                  0x080013ed   Thumb Code    40  misc.o(.text)
    FLASH_SetLatency                         0x08001429   Thumb Code    18  stm32f10x_flash.o(.text)
    FLASH_HalfCycleAccessCmd                 0x0800143b   Thumb Code    22  stm32f10x_flash.o(.text)
    FLASH_PrefetchBufferCmd                  0x08001451   Thumb Code    22  stm32f10x_flash.o(.text)
    FLASH_Unlock                             0x08001467   Thumb Code    12  stm32f10x_flash.o(.text)
    FLASH_UnlockBank1                        0x08001473   Thumb Code    12  stm32f10x_flash.o(.text)
    FLASH_Lock                               0x0800147f   Thumb Code    14  stm32f10x_flash.o(.text)
    FLASH_LockBank1                          0x0800148d   Thumb Code    14  stm32f10x_flash.o(.text)
    FLASH_GetBank1Status                     0x0800149b   Thumb Code    50  stm32f10x_flash.o(.text)
    FLASH_WaitForLastOperation               0x080014cd   Thumb Code    38  stm32f10x_flash.o(.text)
    FLASH_ErasePage                          0x080014f3   Thumb Code    72  stm32f10x_flash.o(.text)
    FLASH_EraseAllPages                      0x0800153b   Thumb Code    68  stm32f10x_flash.o(.text)
    FLASH_WaitForLastBank1Operation          0x0800157f   Thumb Code    38  stm32f10x_flash.o(.text)
    FLASH_EraseAllBank1Pages                 0x080015a5   Thumb Code    68  stm32f10x_flash.o(.text)
    FLASH_GetReadOutProtectionStatus         0x080015e9   Thumb Code    20  stm32f10x_flash.o(.text)
    FLASH_EraseOptionBytes                   0x080015fd   Thumb Code   150  stm32f10x_flash.o(.text)
    FLASH_ProgramWord                        0x08001693   Thumb Code    96  stm32f10x_flash.o(.text)
    FLASH_ProgramHalfWord                    0x080016f3   Thumb Code    60  stm32f10x_flash.o(.text)
    FLASH_ProgramOptionByteData              0x0800172f   Thumb Code    72  stm32f10x_flash.o(.text)
    FLASH_EnableWriteProtection              0x08001777   Thumb Code   200  stm32f10x_flash.o(.text)
    FLASH_ReadOutProtection                  0x0800183f   Thumb Code   156  stm32f10x_flash.o(.text)
    FLASH_UserOptionByteConfig               0x080018db   Thumb Code    88  stm32f10x_flash.o(.text)
    FLASH_GetUserOptionByte                  0x08001933   Thumb Code     8  stm32f10x_flash.o(.text)
    FLASH_GetWriteProtectionOptionByte       0x0800193b   Thumb Code     6  stm32f10x_flash.o(.text)
    FLASH_GetPrefetchBufferStatus            0x08001941   Thumb Code    20  stm32f10x_flash.o(.text)
    FLASH_ITConfig                           0x08001955   Thumb Code    26  stm32f10x_flash.o(.text)
    FLASH_GetFlagStatus                      0x0800196f   Thumb Code    42  stm32f10x_flash.o(.text)
    FLASH_ClearFlag                          0x08001999   Thumb Code     6  stm32f10x_flash.o(.text)
    FLASH_GetStatus                          0x0800199f   Thumb Code    50  stm32f10x_flash.o(.text)
    GPIO_DeInit                              0x080019e1   Thumb Code   172  stm32f10x_gpio.o(.text)
    GPIO_AFIODeInit                          0x08001a8d   Thumb Code    20  stm32f10x_gpio.o(.text)
    GPIO_Init                                0x08001aa1   Thumb Code   274  stm32f10x_gpio.o(.text)
    GPIO_StructInit                          0x08001bb3   Thumb Code    16  stm32f10x_gpio.o(.text)
    GPIO_ReadInputDataBit                    0x08001bc3   Thumb Code    18  stm32f10x_gpio.o(.text)
    GPIO_ReadInputData                       0x08001bd5   Thumb Code     8  stm32f10x_gpio.o(.text)
    GPIO_ReadOutputDataBit                   0x08001bdd   Thumb Code    18  stm32f10x_gpio.o(.text)
    GPIO_ReadOutputData                      0x08001bef   Thumb Code     8  stm32f10x_gpio.o(.text)
    GPIO_SetBits                             0x08001bf7   Thumb Code     4  stm32f10x_gpio.o(.text)
    GPIO_ResetBits                           0x08001bfb   Thumb Code     4  stm32f10x_gpio.o(.text)
    GPIO_WriteBit                            0x08001bff   Thumb Code    10  stm32f10x_gpio.o(.text)
    GPIO_Write                               0x08001c09   Thumb Code     4  stm32f10x_gpio.o(.text)
    GPIO_PinLockConfig                       0x08001c0d   Thumb Code    18  stm32f10x_gpio.o(.text)
    GPIO_EventOutputConfig                   0x08001c1f   Thumb Code    26  stm32f10x_gpio.o(.text)
    GPIO_EventOutputCmd                      0x08001c39   Thumb Code     6  stm32f10x_gpio.o(.text)
    GPIO_PinRemapConfig                      0x08001c3f   Thumb Code   138  stm32f10x_gpio.o(.text)
    GPIO_EXTILineConfig                      0x08001cc9   Thumb Code    66  stm32f10x_gpio.o(.text)
    GPIO_ETH_MediaInterfaceConfig            0x08001d0b   Thumb Code     6  stm32f10x_gpio.o(.text)
    RCC_DeInit                               0x08001d39   Thumb Code    64  stm32f10x_rcc.o(.text)
    RCC_HSEConfig                            0x08001d79   Thumb Code    70  stm32f10x_rcc.o(.text)
    RCC_GetFlagStatus                        0x08001dbf   Thumb Code    56  stm32f10x_rcc.o(.text)
    RCC_WaitForHSEStartUp                    0x08001df7   Thumb Code    48  stm32f10x_rcc.o(.text)
    RCC_AdjustHSICalibrationValue            0x08001e27   Thumb Code    20  stm32f10x_rcc.o(.text)
    RCC_HSICmd                               0x08001e3b   Thumb Code     6  stm32f10x_rcc.o(.text)
    RCC_PLLConfig                            0x08001e41   Thumb Code    24  stm32f10x_rcc.o(.text)
    RCC_PLLCmd                               0x08001e59   Thumb Code     6  stm32f10x_rcc.o(.text)
    RCC_SYSCLKConfig                         0x08001e5f   Thumb Code    18  stm32f10x_rcc.o(.text)
    RCC_GetSYSCLKSource                      0x08001e71   Thumb Code    10  stm32f10x_rcc.o(.text)
    RCC_HCLKConfig                           0x08001e7b   Thumb Code    18  stm32f10x_rcc.o(.text)
    RCC_PCLK1Config                          0x08001e8d   Thumb Code    18  stm32f10x_rcc.o(.text)
    RCC_PCLK2Config                          0x08001e9f   Thumb Code    20  stm32f10x_rcc.o(.text)
    RCC_ITConfig                             0x08001eb3   Thumb Code    30  stm32f10x_rcc.o(.text)
    RCC_USBCLKConfig                         0x08001ed1   Thumb Code     6  stm32f10x_rcc.o(.text)
    RCC_ADCCLKConfig                         0x08001ed7   Thumb Code    18  stm32f10x_rcc.o(.text)
    RCC_LSEConfig                            0x08001ee9   Thumb Code    44  stm32f10x_rcc.o(.text)
    RCC_LSICmd                               0x08001f15   Thumb Code     6  stm32f10x_rcc.o(.text)
    RCC_RTCCLKConfig                         0x08001f1b   Thumb Code    12  stm32f10x_rcc.o(.text)
    RCC_RTCCLKCmd                            0x08001f27   Thumb Code     8  stm32f10x_rcc.o(.text)
    RCC_GetClocksFreq                        0x08001f2f   Thumb Code   192  stm32f10x_rcc.o(.text)
    RCC_AHBPeriphClockCmd                    0x08001fef   Thumb Code    26  stm32f10x_rcc.o(.text)
    RCC_APB2PeriphClockCmd                   0x08002009   Thumb Code    26  stm32f10x_rcc.o(.text)
    RCC_APB1PeriphClockCmd                   0x08002023   Thumb Code    26  stm32f10x_rcc.o(.text)
    RCC_APB2PeriphResetCmd                   0x0800203d   Thumb Code    26  stm32f10x_rcc.o(.text)
    RCC_APB1PeriphResetCmd                   0x08002057   Thumb Code    26  stm32f10x_rcc.o(.text)
    RCC_BackupResetCmd                       0x08002071   Thumb Code     8  stm32f10x_rcc.o(.text)
    RCC_ClockSecuritySystemCmd               0x08002079   Thumb Code     6  stm32f10x_rcc.o(.text)
    RCC_MCOConfig                            0x0800207f   Thumb Code     6  stm32f10x_rcc.o(.text)
    RCC_ClearFlag                            0x08002085   Thumb Code    14  stm32f10x_rcc.o(.text)
    RCC_GetITStatus                          0x08002093   Thumb Code    20  stm32f10x_rcc.o(.text)
    RCC_ClearITPendingBit                    0x080020a7   Thumb Code     6  stm32f10x_rcc.o(.text)
    TIM_DeInit                               0x080020d9   Thumb Code   424  stm32f10x_tim.o(.text)
    TIM_TimeBaseInit                         0x08002281   Thumb Code   122  stm32f10x_tim.o(.text)
    TIM_OC1Init                              0x080022fb   Thumb Code   132  stm32f10x_tim.o(.text)
    TIM_OC2Init                              0x0800237f   Thumb Code   146  stm32f10x_tim.o(.text)
    TIM_OC3Init                              0x08002411   Thumb Code   142  stm32f10x_tim.o(.text)
    TIM_OC4Init                              0x0800249f   Thumb Code   174  stm32f10x_tim.o(.text)
    TIM_SetIC4Prescaler                      0x0800254d   Thumb Code    22  stm32f10x_tim.o(.text)
    TIM_SetIC3Prescaler                      0x080025d9   Thumb Code    18  stm32f10x_tim.o(.text)
    TIM_SetIC2Prescaler                      0x0800265d   Thumb Code    22  stm32f10x_tim.o(.text)
    TIM_SetIC1Prescaler                      0x080026e9   Thumb Code    18  stm32f10x_tim.o(.text)
    TIM_ICInit                               0x08002765   Thumb Code   150  stm32f10x_tim.o(.text)
    TIM_PWMIConfig                           0x080027fb   Thumb Code   124  stm32f10x_tim.o(.text)
    TIM_BDTRConfig                           0x08002877   Thumb Code    32  stm32f10x_tim.o(.text)
    TIM_TimeBaseStructInit                   0x08002897   Thumb Code    18  stm32f10x_tim.o(.text)
    TIM_OCStructInit                         0x080028a9   Thumb Code    20  stm32f10x_tim.o(.text)
    TIM_ICStructInit                         0x080028bd   Thumb Code    18  stm32f10x_tim.o(.text)
    TIM_BDTRStructInit                       0x080028cf   Thumb Code    18  stm32f10x_tim.o(.text)
    TIM_Cmd                                  0x080028e1   Thumb Code    24  stm32f10x_tim.o(.text)
    TIM_CtrlPWMOutputs                       0x080028f9   Thumb Code    50  stm32f10x_tim.o(.text)
    TIM_ITConfig                             0x0800292b   Thumb Code    24  stm32f10x_tim.o(.text)
    TIM_GenerateEvent                        0x08002943   Thumb Code     4  stm32f10x_tim.o(.text)
    TIM_DMAConfig                            0x08002947   Thumb Code    10  stm32f10x_tim.o(.text)
    TIM_DMACmd                               0x08002951   Thumb Code    24  stm32f10x_tim.o(.text)
    TIM_InternalClockConfig                  0x08002969   Thumb Code    12  stm32f10x_tim.o(.text)
    TIM_SelectInputTrigger                   0x08002975   Thumb Code    18  stm32f10x_tim.o(.text)
    TIM_ITRxExternalClockConfig              0x08002987   Thumb Code    24  stm32f10x_tim.o(.text)
    TIM_TIxExternalClockConfig               0x0800299f   Thumb Code    62  stm32f10x_tim.o(.text)
    TIM_ETRConfig                            0x080029dd   Thumb Code    24  stm32f10x_tim.o(.text)
    TIM_ETRClockMode1Config                  0x080029f5   Thumb Code    54  stm32f10x_tim.o(.text)
    TIM_ETRClockMode2Config                  0x08002a2b   Thumb Code    32  stm32f10x_tim.o(.text)
    TIM_PrescalerConfig                      0x08002a4b   Thumb Code     6  stm32f10x_tim.o(.text)
    TIM_CounterModeConfig                    0x08002a51   Thumb Code    18  stm32f10x_tim.o(.text)
    TIM_EncoderInterfaceConfig               0x08002a63   Thumb Code    62  stm32f10x_tim.o(.text)
    TIM_ForcedOC1Config                      0x08002aa1   Thumb Code    18  stm32f10x_tim.o(.text)
    TIM_ForcedOC2Config                      0x08002ab3   Thumb Code    22  stm32f10x_tim.o(.text)
    TIM_ForcedOC3Config                      0x08002ac9   Thumb Code    18  stm32f10x_tim.o(.text)
    TIM_ForcedOC4Config                      0x08002adb   Thumb Code    22  stm32f10x_tim.o(.text)
    TIM_ARRPreloadConfig                     0x08002af1   Thumb Code    24  stm32f10x_tim.o(.text)
    TIM_SelectCOM                            0x08002b09   Thumb Code    24  stm32f10x_tim.o(.text)
    TIM_SelectCCDMA                          0x08002b21   Thumb Code    24  stm32f10x_tim.o(.text)
    TIM_CCPreloadControl                     0x08002b39   Thumb Code    24  stm32f10x_tim.o(.text)
    TIM_OC1PreloadConfig                     0x08002b51   Thumb Code    18  stm32f10x_tim.o(.text)
    TIM_OC2PreloadConfig                     0x08002b63   Thumb Code    22  stm32f10x_tim.o(.text)
    TIM_OC3PreloadConfig                     0x08002b79   Thumb Code    18  stm32f10x_tim.o(.text)
    TIM_OC4PreloadConfig                     0x08002b8b   Thumb Code    22  stm32f10x_tim.o(.text)
    TIM_OC1FastConfig                        0x08002ba1   Thumb Code    18  stm32f10x_tim.o(.text)
    TIM_OC2FastConfig                        0x08002bb3   Thumb Code    22  stm32f10x_tim.o(.text)
    TIM_OC3FastConfig                        0x08002bc9   Thumb Code    18  stm32f10x_tim.o(.text)
    TIM_OC4FastConfig                        0x08002bdb   Thumb Code    22  stm32f10x_tim.o(.text)
    TIM_ClearOC1Ref                          0x08002bf1   Thumb Code    18  stm32f10x_tim.o(.text)
    TIM_ClearOC2Ref                          0x08002c03   Thumb Code    20  stm32f10x_tim.o(.text)
    TIM_ClearOC3Ref                          0x08002c17   Thumb Code    18  stm32f10x_tim.o(.text)
    TIM_ClearOC4Ref                          0x08002c29   Thumb Code    20  stm32f10x_tim.o(.text)
    TIM_OC1PolarityConfig                    0x08002c3d   Thumb Code    18  stm32f10x_tim.o(.text)
    TIM_OC1NPolarityConfig                   0x08002c4f   Thumb Code    18  stm32f10x_tim.o(.text)
    TIM_OC2PolarityConfig                    0x08002c61   Thumb Code    22  stm32f10x_tim.o(.text)
    TIM_OC2NPolarityConfig                   0x08002c77   Thumb Code    22  stm32f10x_tim.o(.text)
    TIM_OC3PolarityConfig                    0x08002c8d   Thumb Code    22  stm32f10x_tim.o(.text)
    TIM_OC3NPolarityConfig                   0x08002ca3   Thumb Code    22  stm32f10x_tim.o(.text)
    TIM_OC4PolarityConfig                    0x08002cb9   Thumb Code    22  stm32f10x_tim.o(.text)
    TIM_CCxCmd                               0x08002ccf   Thumb Code    34  stm32f10x_tim.o(.text)
    TIM_CCxNCmd                              0x08002cf1   Thumb Code    34  stm32f10x_tim.o(.text)
    TIM_SelectOCxM                           0x08002d13   Thumb Code    82  stm32f10x_tim.o(.text)
    TIM_UpdateDisableConfig                  0x08002d65   Thumb Code    24  stm32f10x_tim.o(.text)
    TIM_UpdateRequestConfig                  0x08002d7d   Thumb Code    24  stm32f10x_tim.o(.text)
    TIM_SelectHallSensor                     0x08002d95   Thumb Code    24  stm32f10x_tim.o(.text)
    TIM_SelectOnePulseMode                   0x08002dad   Thumb Code    18  stm32f10x_tim.o(.text)
    TIM_SelectOutputTrigger                  0x08002dbf   Thumb Code    18  stm32f10x_tim.o(.text)
    TIM_SelectSlaveMode                      0x08002dd1   Thumb Code    18  stm32f10x_tim.o(.text)
    TIM_SelectMasterSlaveMode                0x08002de3   Thumb Code    18  stm32f10x_tim.o(.text)
    TIM_SetCounter                           0x08002df5   Thumb Code     4  stm32f10x_tim.o(.text)
    TIM_SetAutoreload                        0x08002df9   Thumb Code     4  stm32f10x_tim.o(.text)
    TIM_SetCompare1                          0x08002dfd   Thumb Code     4  stm32f10x_tim.o(.text)
    TIM_SetCompare2                          0x08002e01   Thumb Code     4  stm32f10x_tim.o(.text)
    TIM_SetCompare3                          0x08002e05   Thumb Code     4  stm32f10x_tim.o(.text)
    TIM_SetCompare4                          0x08002e09   Thumb Code     6  stm32f10x_tim.o(.text)
    TIM_SetClockDivision                     0x08002e0f   Thumb Code    18  stm32f10x_tim.o(.text)
    TIM_GetCapture1                          0x08002e21   Thumb Code     6  stm32f10x_tim.o(.text)
    TIM_GetCapture2                          0x08002e27   Thumb Code     6  stm32f10x_tim.o(.text)
    TIM_GetCapture3                          0x08002e2d   Thumb Code     6  stm32f10x_tim.o(.text)
    TIM_GetCapture4                          0x08002e33   Thumb Code     8  stm32f10x_tim.o(.text)
    TIM_GetCounter                           0x08002e3b   Thumb Code     6  stm32f10x_tim.o(.text)
    TIM_GetPrescaler                         0x08002e41   Thumb Code     6  stm32f10x_tim.o(.text)
    TIM_GetFlagStatus                        0x08002e47   Thumb Code    18  stm32f10x_tim.o(.text)
    TIM_ClearFlag                            0x08002e59   Thumb Code     6  stm32f10x_tim.o(.text)
    TIM_GetITStatus                          0x08002e5f   Thumb Code    34  stm32f10x_tim.o(.text)
    TIM_ClearITPendingBit                    0x08002e81   Thumb Code     6  stm32f10x_tim.o(.text)
    USART_DeInit                             0x08002e89   Thumb Code   134  stm32f10x_usart.o(.text)
    USART_Init                               0x08002f0f   Thumb Code   210  stm32f10x_usart.o(.text)
    USART_StructInit                         0x08002fe1   Thumb Code    24  stm32f10x_usart.o(.text)
    USART_ClockInit                          0x08002ff9   Thumb Code    34  stm32f10x_usart.o(.text)
    USART_ClockStructInit                    0x0800301b   Thumb Code    12  stm32f10x_usart.o(.text)
    USART_Cmd                                0x08003027   Thumb Code    24  stm32f10x_usart.o(.text)
    USART_ITConfig                           0x0800303f   Thumb Code    74  stm32f10x_usart.o(.text)
    USART_DMACmd                             0x08003089   Thumb Code    24  stm32f10x_usart.o(.text)
    USART_SetAddress                         0x080030a1   Thumb Code    18  stm32f10x_usart.o(.text)
    USART_WakeUpConfig                       0x080030b3   Thumb Code    18  stm32f10x_usart.o(.text)
    USART_ReceiverWakeUpCmd                  0x080030c5   Thumb Code    24  stm32f10x_usart.o(.text)
    USART_LINBreakDetectLengthConfig         0x080030dd   Thumb Code    18  stm32f10x_usart.o(.text)
    USART_LINCmd                             0x080030ef   Thumb Code    24  stm32f10x_usart.o(.text)
    USART_SendData                           0x08003107   Thumb Code     8  stm32f10x_usart.o(.text)
    USART_ReceiveData                        0x0800310f   Thumb Code    10  stm32f10x_usart.o(.text)
    USART_SendBreak                          0x08003119   Thumb Code    10  stm32f10x_usart.o(.text)
    USART_SetGuardTime                       0x08003123   Thumb Code    16  stm32f10x_usart.o(.text)
    USART_SetPrescaler                       0x08003133   Thumb Code    16  stm32f10x_usart.o(.text)
    USART_SmartCardCmd                       0x08003143   Thumb Code    24  stm32f10x_usart.o(.text)
    USART_SmartCardNACKCmd                   0x0800315b   Thumb Code    24  stm32f10x_usart.o(.text)
    USART_HalfDuplexCmd                      0x08003173   Thumb Code    24  stm32f10x_usart.o(.text)
    USART_OverSampling8Cmd                   0x0800318b   Thumb Code    22  stm32f10x_usart.o(.text)
    USART_OneBitMethodCmd                    0x080031a1   Thumb Code    24  stm32f10x_usart.o(.text)
    USART_IrDAConfig                         0x080031b9   Thumb Code    18  stm32f10x_usart.o(.text)
    USART_IrDACmd                            0x080031cb   Thumb Code    24  stm32f10x_usart.o(.text)
    USART_GetFlagStatus                      0x080031e3   Thumb Code    26  stm32f10x_usart.o(.text)
    USART_ClearFlag                          0x080031fd   Thumb Code    18  stm32f10x_usart.o(.text)
    USART_GetITStatus                        0x0800320f   Thumb Code    84  stm32f10x_usart.o(.text)
    USART_ClearITPendingBit                  0x08003263   Thumb Code    50  stm32f10x_usart.o(.text)
    main                                     0x08003295   Thumb Code   138  main.o(.text)
    NMI_Handler                              0x08003399   Thumb Code     2  stm32f10x_it.o(.text)
    HardFault_Handler                        0x0800339b   Thumb Code     4  stm32f10x_it.o(.text)
    MemManage_Handler                        0x0800339f   Thumb Code     4  stm32f10x_it.o(.text)
    BusFault_Handler                         0x080033a3   Thumb Code     4  stm32f10x_it.o(.text)
    UsageFault_Handler                       0x080033a7   Thumb Code     4  stm32f10x_it.o(.text)
    SVC_Handler                              0x080033ab   Thumb Code     2  stm32f10x_it.o(.text)
    DebugMon_Handler                         0x080033ad   Thumb Code     2  stm32f10x_it.o(.text)
    PendSV_Handler                           0x080033af   Thumb Code     2  stm32f10x_it.o(.text)
    SysTick_Handler                          0x080033b1   Thumb Code     2  stm32f10x_it.o(.text)
    TIM1_UP_IRQHandler                       0x080033b3   Thumb Code    26  stm32f10x_it.o(.text)
    TIM2_IRQHandler                          0x080033cd   Thumb Code    26  stm32f10x_it.o(.text)
    USART2_IRQHandler                        0x080033e7   Thumb Code     8  stm32f10x_it.o(.text)
    RCC_Configuration                        0x080033f5   Thumb Code   108  bsp.o(.text)
    EXTIX_Switch                             0x08003461   Thumb Code    72  bsp.o(.text)
    IO_init                                  0x080034a9   Thumb Code   154  bsp.o(.text)
    bsp_init                                 0x08003543   Thumb Code    28  bsp.o(.text)
    delay_init                               0x0800357d   Thumb Code     2  delay.o(.text)
    delay_us                                 0x0800357f   Thumb Code    28  delay.o(.text)
    delay_ms                                 0x0800359b   Thumb Code    46  delay.o(.text)
    delay_xus                                0x080035c9   Thumb Code    12  delay.o(.text)
    delay_xms                                0x080035d5   Thumb Code    12  delay.o(.text)
    Delay_10ms                               0x080035e1   Thumb Code    16  delay.o(.text)
    Time_10ms_Interrupt                      0x080035f5   Thumb Code    88  sys_time.o(.text)
    sys_time1_init                           0x0800364d   Thumb Code   100  sys_time.o(.text)
    sys_uart1_init                           0x080036c1   Thumb Code   152  sys_uart.o(.text)
    sys_uart2_init                           0x08003759   Thumb Code   164  sys_uart.o(.text)
    sys_uart1_sendchar                       0x080037fd   Thumb Code    28  sys_uart.o(.text)
    my_send_str                              0x08003819   Thumb Code    22  sys_uart.o(.text)
    my_send_buf                              0x0800382f   Thumb Code   100  sys_uart.o(.text)
    my_send_hex                              0x08003893   Thumb Code   104  sys_uart.o(.text)
    send_var                                 0x080038fb   Thumb Code   104  sys_uart.o(.text)
    USARTx_TimeCheck                         0x08003963   Thumb Code    46  sys_uart.o(.text)
    USART1_IRQHandler                        0x08003991   Thumb Code   102  sys_uart.o(.text)
    bsp_USART2_IRQHandler                    0x08003a59   Thumb Code    48  sys_uart.o(.text)
    get_rebuff                               0x08003a89   Thumb Code    12  sys_uart.o(.text)
    clean_rebuff                             0x08003a95   Thumb Code    18  sys_uart.o(.text)
    USART2_printf                            0x08003aa7   Thumb Code   308  sys_uart.o(.text)
    msg_send                                 0x08003bdd   Thumb Code    80  msg_list.o(.text)
    msg_recv                                 0x08003c2d   Thumb Code   124  msg_list.o(.text)
    msg_init_group                           0x08003ca9   Thumb Code    46  msg_list.o(.text)
    msg_set_group                            0x08003cd7   Thumb Code    12  msg_list.o(.text)
    msg_get                                  0x08003ce3   Thumb Code    42  msg_list.o(.text)
    msg_guard_task                           0x08003d0d   Thumb Code    16  msg_list.o(.text)
    sys_msg_init                             0x08003d1d   Thumb Code    56  msg_list.o(.text)
    list_add                                 0x08003d75   Thumb Code    18  my_list.o(.text)
    list_add_tail                            0x08003d87   Thumb Code    18  my_list.o(.text)
    list_del                                 0x08003d9f   Thumb Code    20  my_list.o(.text)
    list_replace                             0x08003db3   Thumb Code    18  my_list.o(.text)
    list_replace_init                        0x08003dc5   Thumb Code    22  my_list.o(.text)
    list_del_init                            0x08003ddb   Thumb Code    20  my_list.o(.text)
    list_move                                0x08003def   Thumb Code    24  my_list.o(.text)
    list_move_tail                           0x08003e07   Thumb Code    24  my_list.o(.text)
    list_is_last                             0x08003e1f   Thumb Code    16  my_list.o(.text)
    list_empty_careful                       0x08003e3f   Thumb Code    22  my_list.o(.text)
    list_cut_position                        0x08003e87   Thumb Code    64  my_list.o(.text)
    list_splice                              0x08003ed7   Thumb Code    26  my_list.o(.text)
    list_splice_tail                         0x08003ef1   Thumb Code    26  my_list.o(.text)
    list_splice_init                         0x08003f0b   Thumb Code    32  my_list.o(.text)
    list_splice_tail_init                    0x08003f2b   Thumb Code    32  my_list.o(.text)
    putchar1                                 0x08003f4d   Thumb Code    28  printp.o(.text)
    getchar1                                 0x08003f69   Thumb Code    26  printp.o(.text)
    PUT_u8_HexTOString                       0x08003f83   Thumb Code    64  printp.o(.text)
    printp                                   0x0800410f   Thumb Code   424  printp.o(.text)
    PUT_INT32U_DecTOString                   0x080042b7   Thumb Code   280  printp.o(.text)
    StringTODec                              0x080043cf   Thumb Code   178  printp.o(.text)
    USART_Scanf_Name                         0x08004481   Thumb Code    70  printp.o(.text)
    USART_Scanf_Cmd                          0x080044c7   Thumb Code    74  printp.o(.text)
    Equal                                    0x08004511   Thumb Code    48  printp.o(.text)
    uart1_recv                               0x080045af   Thumb Code   112  input_task.o(.text)
    input_task                               0x0800461f   Thumb Code    94  input_task.o(.text)
    __back_1s_handle                         0x080046e9   Thumb Code     2  back_task.o(.text)
    __test_gsm                               0x080046eb   Thumb Code   228  back_task.o(.text)
    __test_sms                               0x080047cf   Thumb Code    56  back_task.o(.text)
    back_task                                0x08004807   Thumb Code    60  back_task.o(.text)
    dail_phone                               0x080049a1   Thumb Code   132  gsm_task.o(.text)
    gsm_init                                 0x08004a25   Thumb Code   106  gsm_task.o(.text)
    gsm_task                                 0x08004a8f   Thumb Code    70  gsm_task.o(.text)
    sim900a_cmd_check                        0x08004c1d   Thumb Code    30  sim900a.o(.text)
    sim900a_cmd                              0x08004c3b   Thumb Code    42  sim900a.o(.text)
    sim900a_waitask                          0x08004c65   Thumb Code    44  sim900a.o(.text)
    sim900a_cnum                             0x08004c91   Thumb Code    96  sim900a.o(.text)
    sim900a_call                             0x08004cf1   Thumb Code    20  sim900a.o(.text)
    IsASSIC                                  0x08004d05   Thumb Code    26  sim900a.o(.text)
    sim900a_gbk2ucs2                         0x08004d1f   Thumb Code    74  sim900a.o(.text)
    sim900a_char2hex                         0x08004d69   Thumb Code    34  sim900a.o(.text)
    sim900a_gbk2ucs2hex                      0x08004d8b   Thumb Code    90  sim900a.o(.text)
    sim900a_sms                              0x08004de5   Thumb Code   174  sim900a.o(.text)
    sim900a_gprs_init                        0x08004e93   Thumb Code    54  sim900a.o(.text)
    sim900a_gprs_tcp_link                    0x08004ec9   Thumb Code    38  sim900a.o(.text)
    sim900a_gprs_udp_link                    0x08004eef   Thumb Code    38  sim900a.o(.text)
    sim900a_gprs_send                        0x08004f15   Thumb Code    32  sim900a.o(.text)
    sim900a_gprs_link_close                  0x08004f35   Thumb Code    12  sim900a.o(.text)
    sys_timer2_init                          0x080050ad   Thumb Code   102  ev1527.o(.text)
    __dbg_ev1527                             0x08005113   Thumb Code    36  ev1527.o(.text)
    rf_io_init                               0x08005137   Thumb Code    24  ev1527.o(.text)
    chick1527                                0x0800514f   Thumb Code    36  ev1527.o(.text)
    RF_decode                                0x08005173   Thumb Code  1552  ev1527.o(.text)
    send_rf_data                             0x08005783   Thumb Code    38  ev1527.o(.text)
    ev1527_init                              0x080057a9   Thumb Code    12  ev1527.o(.text)
    ff_convert                               0x08005841   Thumb Code   116  cc936.o(.text)
    ff_wtoupper                              0x080058b5   Thumb Code    46  cc936.o(.text)
    __rt_ctype_table                         0x080058f5   Thumb Code    16  rt_ctype_table.o(.text)
    tolower                                  0x08005905   Thumb Code    26  tolower.o(.text)
    strstr                                   0x0800591f   Thumb Code    36  strstr.o(.text)
    strcpy                                   0x08005943   Thumb Code    72  strcpy.o(.text)
    strlen                                   0x0800598b   Thumb Code    62  strlen.o(.text)
    __aeabi_memcpy                           0x080059c9   Thumb Code     0  rt_memcpy_v6.o(.text)
    __rt_memcpy                              0x080059c9   Thumb Code   138  rt_memcpy_v6.o(.text)
    _memcpy_lastbytes                        0x08005a2f   Thumb Code     0  rt_memcpy_v6.o(.text)
    __aeabi_memcpy4                          0x08005a53   Thumb Code     0  rt_memcpy_w.o(.text)
    __aeabi_memcpy8                          0x08005a53   Thumb Code     0  rt_memcpy_w.o(.text)
    __rt_memcpy_w                            0x08005a53   Thumb Code   100  rt_memcpy_w.o(.text)
    _memcpy_lastbytes_aligned                0x08005a9b   Thumb Code     0  rt_memcpy_w.o(.text)
    __aeabi_memset                           0x08005ab7   Thumb Code    16  aeabi_memset.o(.text)
    __aeabi_memclr                           0x08005ac7   Thumb Code     0  rt_memclr.o(.text)
    __rt_memclr                              0x08005ac7   Thumb Code    68  rt_memclr.o(.text)
    _memset                                  0x08005acb   Thumb Code     0  rt_memclr.o(.text)
    strncpy                                  0x08005b0b   Thumb Code    86  strncpy.o(.text)
    strcmp                                   0x08005b61   Thumb Code   128  strcmpv7m.o(.text)
    __use_two_region_memory                  0x08005be1   Thumb Code     2  heapauxi.o(.text)
    __rt_heap_escrow$2region                 0x08005be3   Thumb Code     2  heapauxi.o(.text)
    __rt_heap_expand$2region                 0x08005be5   Thumb Code     2  heapauxi.o(.text)
    __rt_locale                              0x08005be9   Thumb Code     8  rt_locale_intlibspace.o(.text)
    __aeabi_memclr4                          0x08005bf1   Thumb Code     0  rt_memclr_w.o(.text)
    __aeabi_memclr8                          0x08005bf1   Thumb Code     0  rt_memclr_w.o(.text)
    __rt_memclr_w                            0x08005bf1   Thumb Code    78  rt_memclr_w.o(.text)
    _memset_w                                0x08005bf5   Thumb Code     0  rt_memclr_w.o(.text)
    __user_libspace                          0x08005c41   Thumb Code     8  libspace.o(.text)
    __user_perproc_libspace                  0x08005c41   Thumb Code     0  libspace.o(.text)
    __user_perthread_libspace                0x08005c41   Thumb Code     0  libspace.o(.text)
    __user_setup_stackheap                   0x08005c49   Thumb Code    74  sys_stackheap_outer.o(.text)
    exit                                     0x08005c93   Thumb Code    12  exit.o(.text)
    __rt_fp_status_addr                      0x08005ca1   Thumb Code     8  rt_fp_status_addr_intlibspace.o(.text)
    _sys_exit                                0x08005ca9   Thumb Code     8  sys_exit.o(.text)
    __I$use$semihosting                      0x08005cb5   Thumb Code     0  use_no_semi.o(.text)
    __use_no_semihosting_swi                 0x08005cb5   Thumb Code     2  use_no_semi.o(.text)
    __semihosting_library_function           0x08005cb7   Thumb Code     0  indicate_semi.o(.text)
    _get_lc_ctype                            0x08005cb9   Thumb Code    44  lc_ctype_c.o(locale$$code)
    _fp_init                                 0x08005ce5   Thumb Code    14  fpinit.o(x$fpl$fpinit)
    __fplib_config_pureend_doubles           0x08005cf1   Thumb Code     0  fpinit.o(x$fpl$fpinit)
    Region$$Table$$Base                      0x08030a00   Number         0  anon$$obj.o(Region$$Table)
    Region$$Table$$Limit                     0x08030a20   Number         0  anon$$obj.o(Region$$Table)
    __ctype                                  0x08030a2d   Data           0  lc_ctype_c.o(locale$$data)
    pxCurrentTCB                             0x20000000   Data           4  tasks.o(.data)
    InterEvent                               0x2000006c   Data           1  bsp.o(.data)
    delay_flg                                0x2000006e   Data           1  delay.o(.data)
    Timer5ms                                 0x20000072   Data           1  sys_time.o(.data)
    Time10ms                                 0x20000073   Data           1  sys_time.o(.data)
    time_x100ms                              0x20000074   Data           1  sys_time.o(.data)
    uart_p                                   0x20000076   Data           1  sys_uart.o(.data)
    COM1_RX_Cnt                              0x20000078   Data           2  sys_uart.o(.data)
    COM1_RX_TimeOut                          0x2000007a   Data           1  sys_uart.o(.data)
    FlagMainUartOK                           0x2000007b   Data           1  sys_uart.o(.data)
    msg_gourp_list                           0x2000007c   Data           8  msg_list.o(.data)
    __msg_ok                                 0x20000084   Data           1  msg_list.o(.data)
    rebuff                                   0x200000a4   Data           4  back_task.o(.data)
    LED                                      0x200000ac   Data           1  ev1527.o(.data)
    D0                                       0x200000ad   Data           1  ev1527.o(.data)
    D1                                       0x200000ae   Data           1  ev1527.o(.data)
    D2                                       0x200000af   Data           1  ev1527.o(.data)
    D3                                       0x200000b0   Data           1  ev1527.o(.data)
    VT                                       0x200000b1   Data           1  ev1527.o(.data)
    decode_ok                                0x200000b2   Data           1  ev1527.o(.data)
    rf_ok                                    0x200000b3   Data           1  ev1527.o(.data)
    study                                    0x200000b4   Data           1  ev1527.o(.data)
    jmnx                                     0x200000b5   Data           1  ev1527.o(.data)
    hh_w                                     0x200000b6   Data           1  ev1527.o(.data)
    ll_w                                     0x200000b7   Data           1  ev1527.o(.data)
    ma_x                                     0x200000b8   Data           1  ev1527.o(.data)
    bma1                                     0x200000b9   Data           1  ev1527.o(.data)
    bma2                                     0x200000ba   Data           1  ev1527.o(.data)
    bma3                                     0x200000bb   Data           1  ev1527.o(.data)
    bma4                                     0x200000bc   Data           1  ev1527.o(.data)
    mmb1                                     0x200000bd   Data           1  ev1527.o(.data)
    mmb2                                     0x200000be   Data           1  ev1527.o(.data)
    mmb3                                     0x200000bf   Data           1  ev1527.o(.data)
    mmb4                                     0x200000c0   Data           1  ev1527.o(.data)
    mma1                                     0x200000c1   Data           1  ev1527.o(.data)
    mma2                                     0x200000c2   Data           1  ev1527.o(.data)
    mma3                                     0x200000c3   Data           1  ev1527.o(.data)
    mma4                                     0x200000c4   Data           1  ev1527.o(.data)
    rf_ok1                                   0x200000c5   Data           1  ev1527.o(.data)
    rf_ok2                                   0x200000c6   Data           1  ev1527.o(.data)
    old_rc5                                  0x200000c7   Data           1  ev1527.o(.data)
    tb_ok                                    0x200000c8   Data           1  ev1527.o(.data)
    xplx                                     0x200000c9   Data           1  ev1527.o(.data)
    key_data                                 0x200000ca   Data           1  ev1527.o(.data)
    temp_h                                   0x200000cb   Data           1  ev1527.o(.data)
    temp_l                                   0x200000cc   Data           1  ev1527.o(.data)
    bt_auto                                  0x200000cd   Data           1  ev1527.o(.data)
    short_k                                  0x200000ce   Data           1  ev1527.o(.data)
    da1527                                   0x200000cf   Data           6  ev1527.o(.data)
    s                                        0x200000d8   Data           4  ev1527.o(.data)
    s1                                       0x200000dc   Data           4  ev1527.o(.data)
    ev1527_data                              0x200000e0   Data           3  ev1527.o(.data)
    _dbg                                     0x200000e3   Data           1  ev1527.o(.data)
    COM1_RX_Buffer                           0x200045b0   Data        1024  sys_uart.o(.bss)
    uart_buff                                0x200049b0   Data         255  sys_uart.o(.bss)
    call_phone                               0x20004ab0   Data          20  input_task.o(.bss)
    arg                                      0x20004ac4   Data          16  input_task.o(.bss)
    __libspace_start                         0x20004ad4   Data          96  libspace.o(.bss)
    __temporary_stack_top$libspace           0x20004b34   Data           0  libspace.o(.bss)



==============================================================================

Memory Map of the image

  Image Entry point : 0x08000131

  Load Region LR_IROM1 (Base: 0x08000000, Size: 0x00030c14, Max: 0x00040000, ABSOLUTE)

    Execution Region ER_IROM1 (Base: 0x08000000, Size: 0x00030b30, Max: 0x00040000, ABSOLUTE)

    Base Addr    Size         Type   Attr      Idx    E Section Name        Object

    0x08000000   0x00000130   Data   RO           19    RESET               startup_stm32f10x_hd.o
    0x08000130   0x00000008   Code   RO         1113  * !!!main             c_w.l(__main.o)
    0x08000138   0x00000034   Code   RO         1280    !!!scatter          c_w.l(__scatter.o)
    0x0800016c   0x0000001a   Code   RO         1282    !!handler_copy      c_w.l(__scatter_copy.o)
    0x08000186   0x00000002   PAD
    0x08000188   0x0000001c   Code   RO         1284    !!handler_zi        c_w.l(__scatter_zi.o)
    0x080001a4   0x00000006   Code   RO         1196    .ARM.Collect$$libinit$$00000000  c_w.l(libinit.o)
    0x080001aa   0x00000000   Code   RO         1146    .ARM.Collect$$libinit$$00000006  c_w.l(libinit2.o)
    0x080001aa   0x00000000   Code   RO         1148    .ARM.Collect$$libinit$$00000008  c_w.l(libinit2.o)
    0x080001aa   0x00000000   Code   RO         1150    .ARM.Collect$$libinit$$0000000A  c_w.l(libinit2.o)
    0x080001aa   0x00000006   Code   RO         1151    .ARM.Collect$$libinit$$0000000B  c_w.l(libinit2.o)
    0x080001b0   0x00000000   Code   RO         1153    .ARM.Collect$$libinit$$0000000D  c_w.l(libinit2.o)
    0x080001b0   0x0000000c   Code   RO         1154    .ARM.Collect$$libinit$$0000000E  c_w.l(libinit2.o)
    0x080001bc   0x00000000   Code   RO         1155    .ARM.Collect$$libinit$$0000000F  c_w.l(libinit2.o)
    0x080001bc   0x00000000   Code   RO         1157    .ARM.Collect$$libinit$$00000011  c_w.l(libinit2.o)
    0x080001bc   0x00000000   Code   RO         1159    .ARM.Collect$$libinit$$00000013  c_w.l(libinit2.o)
    0x080001bc   0x00000000   Code   RO         1161    .ARM.Collect$$libinit$$00000015  c_w.l(libinit2.o)
    0x080001bc   0x00000000   Code   RO         1163    .ARM.Collect$$libinit$$00000017  c_w.l(libinit2.o)
    0x080001bc   0x00000000   Code   RO         1165    .ARM.Collect$$libinit$$00000019  c_w.l(libinit2.o)
    0x080001bc   0x00000000   Code   RO         1167    .ARM.Collect$$libinit$$0000001B  c_w.l(libinit2.o)
    0x080001bc   0x00000000   Code   RO         1169    .ARM.Collect$$libinit$$0000001D  c_w.l(libinit2.o)
    0x080001bc   0x00000000   Code   RO         1171    .ARM.Collect$$libinit$$0000001F  c_w.l(libinit2.o)
    0x080001bc   0x00000000   Code   RO         1173    .ARM.Collect$$libinit$$00000021  c_w.l(libinit2.o)
    0x080001bc   0x00000000   Code   RO         1177    .ARM.Collect$$libinit$$00000028  c_w.l(libinit2.o)
    0x080001bc   0x00000000   Code   RO         1179    .ARM.Collect$$libinit$$0000002A  c_w.l(libinit2.o)
    0x080001bc   0x00000000   Code   RO         1181    .ARM.Collect$$libinit$$0000002C  c_w.l(libinit2.o)
    0x080001bc   0x00000000   Code   RO         1183    .ARM.Collect$$libinit$$0000002E  c_w.l(libinit2.o)
    0x080001bc   0x00000002   Code   RO         1184    .ARM.Collect$$libinit$$0000002F  c_w.l(libinit2.o)
    0x080001be   0x00000002   Code   RO         1238    .ARM.Collect$$libshutdown$$00000000  c_w.l(libshutdown.o)
    0x080001c0   0x00000000   Code   RO         1245    .ARM.Collect$$libshutdown$$00000003  c_w.l(libshutdown2.o)
    0x080001c0   0x00000000   Code   RO         1248    .ARM.Collect$$libshutdown$$00000006  c_w.l(libshutdown2.o)
    0x080001c0   0x00000000   Code   RO         1251    .ARM.Collect$$libshutdown$$00000009  c_w.l(libshutdown2.o)
    0x080001c0   0x00000000   Code   RO         1253    .ARM.Collect$$libshutdown$$0000000B  c_w.l(libshutdown2.o)
    0x080001c0   0x00000000   Code   RO         1256    .ARM.Collect$$libshutdown$$0000000E  c_w.l(libshutdown2.o)
    0x080001c0   0x00000002   Code   RO         1257    .ARM.Collect$$libshutdown$$0000000F  c_w.l(libshutdown2.o)
    0x080001c2   0x00000000   Code   RO         1115    .ARM.Collect$$rtentry$$00000000  c_w.l(rtentry.o)
    0x080001c2   0x00000000   Code   RO         1130    .ARM.Collect$$rtentry$$00000002  c_w.l(rtentry2.o)
    0x080001c2   0x00000006   Code   RO         1142    .ARM.Collect$$rtentry$$00000004  c_w.l(rtentry4.o)
    0x080001c8   0x00000000   Code   RO         1132    .ARM.Collect$$rtentry$$00000009  c_w.l(rtentry2.o)
    0x080001c8   0x00000004   Code   RO         1133    .ARM.Collect$$rtentry$$0000000A  c_w.l(rtentry2.o)
    0x080001cc   0x00000000   Code   RO         1135    .ARM.Collect$$rtentry$$0000000C  c_w.l(rtentry2.o)
    0x080001cc   0x00000008   Code   RO         1136    .ARM.Collect$$rtentry$$0000000D  c_w.l(rtentry2.o)
    0x080001d4   0x00000002   Code   RO         1197    .ARM.Collect$$rtexit$$00000000  c_w.l(rtexit.o)
    0x080001d6   0x00000000   Code   RO         1208    .ARM.Collect$$rtexit$$00000002  c_w.l(rtexit2.o)
    0x080001d6   0x00000004   Code   RO         1209    .ARM.Collect$$rtexit$$00000003  c_w.l(rtexit2.o)
    0x080001da   0x00000006   Code   RO         1210    .ARM.Collect$$rtexit$$00000004  c_w.l(rtexit2.o)
    0x080001e0   0x00000020   Code   RO            1    .emb_text           core_cm3.o
    0x08000200   0x0000008c   Code   RO          162    .emb_text           port.o
    0x0800028c   0x00000034   Code   RO           20    .text               startup_stm32f10x_hd.o
    0x080002c0   0x00000094   Code   RO           70    .text               list.o
    0x08000354   0x00000476   Code   RO           88    .text               queue.o
    0x080007ca   0x00000002   PAD
    0x080007cc   0x000009b4   Code   RO          103    .text               tasks.o
    0x08001180   0x00000118   Code   RO          147    .text               heap_2.o
    0x08001298   0x000000b4   Code   RO          163    .text               port.o
    0x0800134c   0x000000dc   Code   RO          180    .text               misc.o
    0x08001428   0x000005b8   Code   RO          413    .text               stm32f10x_flash.o
    0x080019e0   0x00000358   Code   RO          443    .text               stm32f10x_gpio.o
    0x08001d38   0x000003a0   Code   RO          503    .text               stm32f10x_rcc.o
    0x080020d8   0x00000dae   Code   RO          565    .text               stm32f10x_tim.o
    0x08002e86   0x00000002   PAD
    0x08002e88   0x0000040c   Code   RO          580    .text               stm32f10x_usart.o
    0x08003294   0x00000104   Code   RO          610    .text               main.o
    0x08003398   0x0000005c   Code   RO          766    .text               stm32f10x_it.o
    0x080033f4   0x00000188   Code   RO          782    .text               bsp.o
    0x0800357c   0x00000078   Code   RO          810    .text               delay.o
    0x080035f4   0x000000cc   Code   RO          828    .text               sys_time.o
    0x080036c0   0x0000051a   Code   RO          846    .text               sys_uart.o
    0x08003bda   0x00000002   PAD
    0x08003bdc   0x00000188   Code   RO          891    .text               msg_list.o
    0x08003d64   0x000001e6   Code   RO          909    .text               my_list.o
    0x08003f4a   0x00000002   PAD
    0x08003f4c   0x000005fc   Code   RO          924    .text               printp.o
    0x08004548   0x000001a0   Code   RO          944    .text               input_task.o
    0x080046e8   0x000002b8   Code   RO          962    .text               back_task.o
    0x080049a0   0x0000027c   Code   RO          981    .text               gsm_task.o
    0x08004c1c   0x00000490   Code   RO          996    .text               sim900a.o
    0x080050ac   0x00000794   Code   RO         1008    .text               ev1527.o
    0x08005840   0x000000b4   Code   RO         1062    .text               cc936.o
    0x080058f4   0x00000010   Code   RO         1087    .text               c_w.l(rt_ctype_table.o)
    0x08005904   0x0000001a   Code   RO         1089    .text               c_w.l(tolower.o)
    0x0800591e   0x00000024   Code   RO         1091    .text               c_w.l(strstr.o)
    0x08005942   0x00000048   Code   RO         1093    .text               c_w.l(strcpy.o)
    0x0800598a   0x0000003e   Code   RO         1095    .text               c_w.l(strlen.o)
    0x080059c8   0x0000008a   Code   RO         1099    .text               c_w.l(rt_memcpy_v6.o)
    0x08005a52   0x00000064   Code   RO         1101    .text               c_w.l(rt_memcpy_w.o)
    0x08005ab6   0x00000010   Code   RO         1103    .text               c_w.l(aeabi_memset.o)
    0x08005ac6   0x00000044   Code   RO         1105    .text               c_w.l(rt_memclr.o)
    0x08005b0a   0x00000056   Code   RO         1107    .text               c_w.l(strncpy.o)
    0x08005b60   0x00000080   Code   RO         1109    .text               c_w.l(strcmpv7m.o)
    0x08005be0   0x00000006   Code   RO         1111    .text               c_w.l(heapauxi.o)
    0x08005be6   0x00000002   PAD
    0x08005be8   0x00000008   Code   RO         1119    .text               c_w.l(rt_locale_intlibspace.o)
    0x08005bf0   0x0000004e   Code   RO         1124    .text               c_w.l(rt_memclr_w.o)
    0x08005c3e   0x00000002   PAD
    0x08005c40   0x00000008   Code   RO         1126    .text               c_w.l(libspace.o)
    0x08005c48   0x0000004a   Code   RO         1185    .text               c_w.l(sys_stackheap_outer.o)
    0x08005c92   0x0000000c   Code   RO         1187    .text               c_w.l(exit.o)
    0x08005c9e   0x00000002   PAD
    0x08005ca0   0x00000008   Code   RO         1217    .text               c_w.l(rt_fp_status_addr_intlibspace.o)
    0x08005ca8   0x0000000c   Code   RO         1225    .text               c_w.l(sys_exit.o)
    0x08005cb4   0x00000002   Code   RO         1227    .text               c_w.l(use_no_semi.o)
    0x08005cb6   0x00000000   Code   RO         1229    .text               c_w.l(indicate_semi.o)
    0x08005cb6   0x00000002   PAD
    0x08005cb8   0x0000002c   Code   RO         1122    locale$$code        c_w.l(lc_ctype_c.o)
    0x08005ce4   0x0000000e   Code   RO         1203    x$fpl$fpinit        fz_ws.l(fpinit.o)
    0x08005cf2   0x00000002   PAD
    0x08005cf4   0x00000044   Data   RO          963    .constdata          back_task.o
    0x08005d38   0x0002acc8   Data   RO         1063    .constdata          cc936.o
    0x08030a00   0x00000020   Data   RO         1278    Region$$Table       anon$$obj.o
    0x08030a20   0x00000110   Data   RO         1121    locale$$data        c_w.l(lc_ctype_c.o)


    Execution Region RW_IRAM1 (Base: 0x20000000, Size: 0x00004f38, Max: 0x0000c000, ABSOLUTE)

    Base Addr    Size         Type   Attr      Idx    E Section Name        Object

    0x20000000   0x0000003c   Data   RW          105    .data               tasks.o
    0x2000003c   0x00000018   Data   RW          149    .data               heap_2.o
    0x20000054   0x00000004   Data   RW          164    .data               port.o
    0x20000058   0x00000014   Data   RW          504    .data               stm32f10x_rcc.o
    0x2000006c   0x00000001   Data   RW          783    .data               bsp.o
    0x2000006d   0x00000001   PAD
    0x2000006e   0x00000004   Data   RW          811    .data               delay.o
    0x20000072   0x00000003   Data   RW          829    .data               sys_time.o
    0x20000075   0x00000001   PAD
    0x20000076   0x00000006   Data   RW          848    .data               sys_uart.o
    0x2000007c   0x00000010   Data   RW          892    .data               msg_list.o
    0x2000008c   0x00000015   Data   RW          925    .data               printp.o
    0x200000a1   0x00000003   PAD
    0x200000a4   0x00000004   Data   RW          964    .data               back_task.o
    0x200000a8   0x0000003c   Data   RW         1009    .data               ev1527.o
    0x200000e4   0x000000c8   Zero   RW          104    .bss                tasks.o
    0x200001ac   0x00000004   PAD
    0x200001b0   0x00004400   Zero   RW          148    .bss                heap_2.o
    0x200045b0   0x000004ff   Zero   RW          847    .bss                sys_uart.o
    0x20004aaf   0x00000001   PAD
    0x20004ab0   0x00000024   Zero   RW          945    .bss                input_task.o
    0x20004ad4   0x00000060   Zero   RW         1127    .bss                c_w.l(libspace.o)
    0x20004b34   0x00000004   PAD
    0x20004b38   0x00000000   Zero   RW           18    HEAP                startup_stm32f10x_hd.o
    0x20004b38   0x00000400   Zero   RW           17    STACK               startup_stm32f10x_hd.o


==============================================================================

Image component sizes


      Code (inc. data)   RO Data    RW Data    ZI Data      Debug   Object Name

       696        350         68          4          0       1588   back_task.o
       392         30          0          1          0       2051   bsp.o
       180         18     175304          0          0       2069   cc936.o
        32          0          0          0          0       4732   core_cm3.o
         0          0          0          0          0       4892   croutine.o
       120          4          0          4          0       1990   delay.o
      1940        272          0         60          0       4111   ev1527.o
       636        328          0          0          0       1199   gsm_task.o
       280         22          0         24      17408       3352   heap_2.o
       416        108          0          0         36       2021   input_task.o
       148          0          0          0          0       2993   list.o
       260        122          0          0          0      39434   main.o
       220         20          0          0          0     215077   misc.o
       392         16          0         16          0       3599   msg_list.o
       486          0          0          0          0       7342   my_list.o
       320         26          0          4          0       2357   port.o
      1532         68          0         21          0       4672   printp.o
      1142          0          0          0          0       6797   queue.o
      1168        364          0          0          0       4244   sim900a.o
        52         18        304          0       1024        756   startup_stm32f10x_hd.o
      1464         32          0          0          0      14418   stm32f10x_flash.o
       856         40          0          0          0      13961   stm32f10x_gpio.o
        92          6          0          0          0       1651   stm32f10x_it.o
       928         44          0         20          0      17472   stm32f10x_rcc.o
      3502         86          0          0          0      43116   stm32f10x_tim.o
      1036         20          0          0          0      14392   stm32f10x_usart.o
       204         16          0          3          0        957   sys_time.o
      1306         44          0          6       1279       5756   sys_uart.o
      2484        184          0         60        200      11930   tasks.o
         0          0          0          0          0       2108   timers.o

    ----------------------------------------------------------------------
     22292       2238     175708        228      19952     441037   Object Totals
         0          0         32          0          0          0   (incl. Generated)
         8          0          0          5          5          0   (incl. Padding)

    ----------------------------------------------------------------------

      Code (inc. data)   RO Data    RW Data    ZI Data      Debug   Library Member Name

         8          0          0          0          0         68   __main.o
        52          8          0          0          0          0   __scatter.o
        26          0          0          0          0          0   __scatter_copy.o
        28          0          0          0          0          0   __scatter_zi.o
        16          0          0          0          0         68   aeabi_memset.o
        12          0          0          0          0         72   exit.o
         6          0          0          0          0        152   heapauxi.o
         0          0          0          0          0          0   indicate_semi.o
        44         10        272          0          0         76   lc_ctype_c.o
         6          0          0          0          0          0   libinit.o
        20          0          0          0          0          0   libinit2.o
         2          0          0          0          0          0   libshutdown.o
         2          0          0          0          0          0   libshutdown2.o
         8          4          0          0         96         68   libspace.o
        16          4          0          0          0         76   rt_ctype_table.o
         8          4          0          0          0         68   rt_fp_status_addr_intlibspace.o
         8          4          0          0          0         68   rt_locale_intlibspace.o
        68          0          0          0          0         68   rt_memclr.o
        78          0          0          0          0         80   rt_memclr_w.o
       138          0          0          0          0         68   rt_memcpy_v6.o
       100          0          0          0          0         80   rt_memcpy_w.o
         0          0          0          0          0          0   rtentry.o
        12          0          0          0          0          0   rtentry2.o
         6          0          0          0          0          0   rtentry4.o
         2          0          0          0          0          0   rtexit.o
        10          0          0          0          0          0   rtexit2.o
       128          0          0          0          0         68   strcmpv7m.o
        72          0          0          0          0         80   strcpy.o
        62          0          0          0          0         76   strlen.o
        86          0          0          0          0         76   strncpy.o
        36          0          0          0          0         80   strstr.o
        12          4          0          0          0         68   sys_exit.o
        74          0          0          0          0         80   sys_stackheap_outer.o
        26          0          0          0          0         76   tolower.o
         2          0          0          0          0         68   use_no_semi.o
        14          0          0          0          0         76   fpinit.o

    ----------------------------------------------------------------------
      1200         38        272          0        100       1760   Library Totals
        12          0          0          0          4          0   (incl. Padding)

    ----------------------------------------------------------------------

      Code (inc. data)   RO Data    RW Data    ZI Data      Debug   Library Name

      1174         38        272          0         96       1684   c_w.l
        14          0          0          0          0         76   fz_ws.l

    ----------------------------------------------------------------------
      1200         38        272          0        100       1760   Library Totals

    ----------------------------------------------------------------------

==============================================================================


      Code (inc. data)   RO Data    RW Data    ZI Data      Debug   

     23492       2276     175980        228      20052     438793   Grand Totals
     23492       2276     175980        228      20052     438793   ELF Image Totals
     23492       2276     175980        228          0          0   ROM Totals

==============================================================================

    Total RO  Size (Code + RO Data)               199472 ( 194.80kB)
    Total RW  Size (RW Data + ZI Data)             20280 (  19.80kB)
    Total ROM Size (Code + RO Data + RW Data)     199700 ( 195.02kB)

==============================================================================

