<html>
<body>
<pre>
<h1>礦ision Build Log</h1>
<h2>Project:</h2>
E:\产品（网络报警器）\代码\stm32\FreeRTOS_stm32_6.3\mdk\Air_FreeRTOS.uvproj
Project File Date:  06/27/2015

<h2>Output:</h2>
Rebuild target 'Target 1'
compiling core_cm3.c...
assembling startup_stm32f10x_hd.s...
compiling croutine.c...
compiling list.c...
compiling queue.c...
compiling tasks.c...
compiling timers.c...
compiling heap_2.c...
compiling port.c...
compiling misc.c...
compiling stm32f10x_adc.c...
compiling stm32f10x_bkp.c...
compiling stm32f10x_can.c...
compiling stm32f10x_cec.c...
compiling stm32f10x_crc.c...
compiling stm32f10x_dac.c...
compiling stm32f10x_dbgmcu.c...
compiling stm32f10x_dma.c...
compiling stm32f10x_exti.c...
compiling stm32f10x_flash.c...
compiling stm32f10x_fsmc.c...
compiling stm32f10x_gpio.c...
compiling stm32f10x_i2c.c...
compiling stm32f10x_iwdg.c...
compiling stm32f10x_pwr.c...
compiling stm32f10x_rcc.c...
compiling stm32f10x_rtc.c...
compiling stm32f10x_sdio.c...
compiling stm32f10x_spi.c...
compiling stm32f10x_tim.c...
compiling stm32f10x_usart.c...
compiling stm32f10x_wwdg.c...
compiling main.c...
compiling stm32f10x_it.c...
..\Libraries\stm32f10x_it.c(176): warning:  #223-D: function "bsp_USART2_IRQHandler" declared implicitly
compiling bsp.c...
..\bsp\bsp.c(78): warning:  #177-D: variable "i" was declared but never referenced
..\bsp\bsp.c(78): warning:  #177-D: variable "j" was declared but never referenced
..\bsp\bsp.c(126): warning:  #223-D: function "delay_us" declared implicitly
..\bsp\bsp.c(121): warning:  #177-D: function "__debug_delay_us" was declared but never referenced
compiling delay.c...
compiling sys_time.c...
..\bsp\time\sys_time.c(20): warning:  #223-D: function "USARTx_TimeCheck" declared implicitly
compiling sys_uart.c...
..\bsp\uart\sys_uart.c(169): warning:  #69-D: integer conversion resulted in truncation
compiling MyString.c...
compiling msg_list.c...
..\sys\msg_list.c(61): warning:  #174-D: expression has no effect
compiling my_list.c...
compiling printp.c...
compiling input_task.c...
compiling back_task.c...
..\task\back_task.c(31): warning:  #223-D: function "delay_ms" declared implicitly
..\task\back_task.c(41): warning:  #223-D: function "clean_rebuff" declared implicitly
compiling sim900a.c...
..\driver\sim900a\sim900a.c(32): warning:  #223-D: function "clean_rebuff" declared implicitly
..\driver\sim900a\sim900a.c(34): warning:  #223-D: function "USART2_printf" declared implicitly
..\driver\sim900a\sim900a.c(41): warning:  #223-D: function "delay_ms" declared implicitly
..\driver\sim900a\sim900a.c(59): warning:  #223-D: function "get_rebuff" declared implicitly
..\driver\sim900a\sim900a.c(84): warning:  #223-D: function "get_rebuff" declared implicitly
..\driver\sim900a\sim900a.c(96): warning:  #223-D: function "delay_ms" declared implicitly
..\driver\sim900a\sim900a.c(117): warning:  #223-D: function "get_rebuff" declared implicitly
..\driver\sim900a\sim900a.c(154): warning:  #223-D: function "clean_rebuff" declared implicitly
..\driver\sim900a\sim900a.c(156): warning:  #223-D: function "USART2_printf" declared implicitly
..\driver\sim900a\sim900a.c(274): warning:  #223-D: function "clean_rebuff" declared implicitly
..\driver\sim900a\sim900a.c(279): warning:  #223-D: function "USART2_printf" declared implicitly
..\driver\sim900a\sim900a.c(280): warning:  #223-D: function "delay_ms" declared implicitly
..\driver\sim900a\sim900a.c(294): warning:  #223-D: function "USART2_printf" declared implicitly
..\driver\sim900a\sim900a.c(295): warning:  #223-D: function "delay_ms" declared implicitly
..\driver\sim900a\sim900a.c(312): warning:  #223-D: function "USART2_printf" declared implicitly
..\driver\sim900a\sim900a.c(323): warning:  #223-D: function "USART2_printf" declared implicitly
..\driver\sim900a\sim900a.c(324): warning:  #223-D: function "delay_ms" declared implicitly
..\driver\sim900a\sim900a.c(340): warning:  #223-D: function "USART2_printf" declared implicitly
..\driver\sim900a\sim900a.c(341): warning:  #223-D: function "delay_ms" declared implicitly
..\driver\sim900a\sim900a.c(355): warning:  #223-D: function "USART2_printf" declared implicitly
..\driver\sim900a\sim900a.c(356): warning:  #223-D: function "delay_ms" declared implicitly
..\driver\sim900a\sim900a.c(368): warning:  #223-D: function "USART2_printf" declared implicitly
..\driver\sim900a\sim900a.c(369): warning:  #223-D: function "delay_ms" declared implicitly
..\driver\sim900a\sim900a.c(382): warning:  #223-D: function "USART2_printf" declared implicitly
linking...
Program Size: Code=19664 RO-data=676 RW-data=168 ZI-data=20008  
"..\out\Air_FreeRTOS.axf" - 0 Error(s), 34 Warning(s).
Build target 'Target 1'
compiling main.c...
compiling stm32f10x_it.c...
compiling bsp.c...
..\bsp\bsp.c(119): warning:  #177-D: function "__debug_delay_us" was declared but never referenced
compiling delay.c...
compiling sys_time.c...
compiling sys_uart.c...
..\bsp\uart\sys_uart.c(164): warning:  #69-D: integer conversion resulted in truncation
compiling MyString.c...
compiling msg_list.c...
..\sys\msg_list.c(61): warning:  #174-D: expression has no effect
compiling printp.c...
compiling input_task.c...
compiling back_task.c...
..\task\back_task.c(31): warning:  #223-D: function "delay_ms" declared implicitly
..\task\back_task.c(41): warning:  #223-D: function "clean_rebuff" declared implicitly
compiling sim900a.c...
..\driver\sim900a\sim900a.c(32): warning:  #223-D: function "clean_rebuff" declared implicitly
..\driver\sim900a\sim900a.c(34): warning:  #223-D: function "USART2_printf" declared implicitly
..\driver\sim900a\sim900a.c(41): warning:  #223-D: function "delay_ms" declared implicitly
..\driver\sim900a\sim900a.c(59): warning:  #223-D: function "get_rebuff" declared implicitly
..\driver\sim900a\sim900a.c(84): warning:  #223-D: function "get_rebuff" declared implicitly
..\driver\sim900a\sim900a.c(96): warning:  #223-D: function "delay_ms" declared implicitly
..\driver\sim900a\sim900a.c(117): warning:  #223-D: function "get_rebuff" declared implicitly
..\driver\sim900a\sim900a.c(154): warning:  #223-D: function "clean_rebuff" declared implicitly
..\driver\sim900a\sim900a.c(156): warning:  #223-D: function "USART2_printf" declared implicitly
..\driver\sim900a\sim900a.c(274): warning:  #223-D: function "clean_rebuff" declared implicitly
..\driver\sim900a\sim900a.c(279): warning:  #223-D: function "USART2_printf" declared implicitly
..\driver\sim900a\sim900a.c(280): warning:  #223-D: function "delay_ms" declared implicitly
..\driver\sim900a\sim900a.c(294): warning:  #223-D: function "USART2_printf" declared implicitly
..\driver\sim900a\sim900a.c(295): warning:  #223-D: function "delay_ms" declared implicitly
..\driver\sim900a\sim900a.c(312): warning:  #223-D: function "USART2_printf" declared implicitly
..\driver\sim900a\sim900a.c(323): warning:  #223-D: function "USART2_printf" declared implicitly
..\driver\sim900a\sim900a.c(324): warning:  #223-D: function "delay_ms" declared implicitly
..\driver\sim900a\sim900a.c(340): warning:  #223-D: function "USART2_printf" declared implicitly
..\driver\sim900a\sim900a.c(341): warning:  #223-D: function "delay_ms" declared implicitly
..\driver\sim900a\sim900a.c(355): warning:  #223-D: function "USART2_printf" declared implicitly
..\driver\sim900a\sim900a.c(356): warning:  #223-D: function "delay_ms" declared implicitly
..\driver\sim900a\sim900a.c(368): warning:  #223-D: function "USART2_printf" declared implicitly
..\driver\sim900a\sim900a.c(369): warning:  #223-D: function "delay_ms" declared implicitly
..\driver\sim900a\sim900a.c(382): warning:  #223-D: function "USART2_printf" declared implicitly
linking...
Program Size: Code=19612 RO-data=676 RW-data=168 ZI-data=20008  
"..\out\Air_FreeRTOS.axf" - 0 Error(s), 29 Warning(s).
Build target 'Target 1'
compiling main.c...
compiling bsp.c...
..\bsp\bsp.c(119): warning:  #177-D: function "__debug_delay_us" was declared but never referenced
compiling delay.c...
compiling sys_time.c...
compiling sys_uart.c...
..\bsp\uart\sys_uart.c(164): warning:  #69-D: integer conversion resulted in truncation
compiling MyString.c...
compiling msg_list.c...
..\sys\msg_list.c(61): warning:  #174-D: expression has no effect
compiling printp.c...
compiling input_task.c...
compiling back_task.c...
..\task\back_task.c(31): warning:  #223-D: function "delay_ms" declared implicitly
compiling sim900a.c...
..\driver\sim900a\sim900a.c(41): warning:  #223-D: function "delay_ms" declared implicitly
..\driver\sim900a\sim900a.c(96): warning:  #223-D: function "delay_ms" declared implicitly
..\driver\sim900a\sim900a.c(280): warning:  #223-D: function "delay_ms" declared implicitly
..\driver\sim900a\sim900a.c(295): warning:  #223-D: function "delay_ms" declared implicitly
..\driver\sim900a\sim900a.c(324): warning:  #223-D: function "delay_ms" declared implicitly
..\driver\sim900a\sim900a.c(341): warning:  #223-D: function "delay_ms" declared implicitly
..\driver\sim900a\sim900a.c(356): warning:  #223-D: function "delay_ms" declared implicitly
..\driver\sim900a\sim900a.c(369): warning:  #223-D: function "delay_ms" declared implicitly
linking...
Program Size: Code=19612 RO-data=676 RW-data=168 ZI-data=20008  
"..\out\Air_FreeRTOS.axf" - 0 Error(s), 12 Warning(s).
Build target 'Target 1'
compiling main.c...
compiling bsp.c...
compiling delay.c...
compiling sys_time.c...
compiling sys_uart.c...
..\bsp\uart\sys_uart.c(166): warning:  #69-D: integer conversion resulted in truncation
compiling MyString.c...
compiling msg_list.c...
..\sys\msg_list.c(61): warning:  #174-D: expression has no effect
compiling printp.c...
compiling input_task.c...
compiling back_task.c...
compiling sim900a.c...
linking...
Program Size: Code=19612 RO-data=676 RW-data=168 ZI-data=20008  
"..\out\Air_FreeRTOS.axf" - 0 Error(s), 2 Warning(s).
Build target 'Target 1'
compiling main.c...
compiling bsp.c...
compiling delay.c...
compiling sys_time.c...
compiling sys_uart.c...
compiling MyString.c...
compiling msg_list.c...
..\sys\msg_list.c(61): warning:  #174-D: expression has no effect
compiling printp.c...
compiling input_task.c...
compiling back_task.c...
compiling sim900a.c...
linking...
Program Size: Code=19612 RO-data=676 RW-data=168 ZI-data=20008  
"..\out\Air_FreeRTOS.axf" - 0 Error(s), 1 Warning(s).
Load "..\\out\\Air_FreeRTOS.AXF" 
* JLink Info: Device "STM32F103RC" selected (256 KB flash, 48 KB RAM).
Set JLink Project File to "E:\产品（网络报警器）\代码\stm32\FreeRTOS_stm32_6.3\mdk\JLinkSettings.ini"
 
JLink info:
------------
DLL: V4.50j, compiled Jun 26 2012 09:19:07
Firmware: J-Link ARM V8 compiled Jun 19 2012 11:29:30
Hardware: V8.00
S/N : 286370559 
Feature(s) : RDI,FlashDL,FlashBP,JFlash 
 
* JLink Info: TotalIRLen = 9, IRPrint = 0x0011
* JLink Info: TotalIRLen = 9, IRPrint = 0x0011
* JLink Info: Found Cortex-M3 r1p1, Little endian.
* JLink Info: TPIU fitted.
* JLink Info: ETM fitted.
* JLink Info: FPUnit: 6 code (BP) slots and 2 literal slots
ROMTableAddr = 0xE00FF003
* JLink Info: Found Cortex-M3 r1p1, Little endian.
* JLink Info: TPIU fitted.
* JLink Info: ETM fitted.
* JLink Info: FPUnit: 6 code (BP) slots and 2 literal slots
 
Target info:
------------
Device: STM32F103RC
VTarget = 3.300V
State of Pins: 
TCK: 1, TDI: 0, TDO: 1, TMS: 0, TRES: 1, TRST: 1
Hardware-Breakpoints: 6
Software-Breakpoints: 8192
Watchpoints:          4
JTAG speed: 2000 kHz
 
Erase Done.
Programming Done.
Verify OK.
