ARM Linker, 4.1 [Build 894] [Standard]

==============================================================================

Section Cross References

    startup_stm32f10x_hd.o(STACK) refers (Special) to heapauxi.o(.text) for __use_two_region_memory
    startup_stm32f10x_hd.o(HEAP) refers (Special) to heapauxi.o(.text) for __use_two_region_memory
    startup_stm32f10x_hd.o(RESET) refers (Special) to heapauxi.o(.text) for __use_two_region_memory
    startup_stm32f10x_hd.o(RESET) refers to startup_stm32f10x_hd.o(STACK) for __initial_sp
    startup_stm32f10x_hd.o(RESET) refers to startup_stm32f10x_hd.o(.text) for Reset_Handler
    startup_stm32f10x_hd.o(RESET) refers to stm32f10x_it.o(.text) for NMI_Handler
    startup_stm32f10x_hd.o(RESET) refers to port.o(.emb_text) for vPortSVCHandler
    startup_stm32f10x_hd.o(RESET) refers to port.o(.text) for xPortSysTickHandler
    startup_stm32f10x_hd.o(RESET) refers to sys_uart.o(.text) for USART1_IRQHandler
    startup_stm32f10x_hd.o(.text) refers (Special) to heapauxi.o(.text) for __use_two_region_memory
    startup_stm32f10x_hd.o(.text) refers to __main.o(!!!main) for __main
    startup_stm32f10x_hd.o(.text) refers to startup_stm32f10x_hd.o(HEAP) for Heap_Mem
    startup_stm32f10x_hd.o(.text) refers to startup_stm32f10x_hd.o(STACK) for Stack_Mem
    croutine.o(.text) refers to list.o(.text) for vListInitialise
    croutine.o(.text) refers to heap_2.o(.text) for pvPortMalloc
    croutine.o(.text) refers to port.o(.emb_text) for vPortSetInterruptMask
    croutine.o(.text) refers to tasks.o(.text) for xTaskGetTickCount
    croutine.o(.text) refers to croutine.o(.bss) for pxReadyCoRoutineLists
    croutine.o(.text) refers to croutine.o(.data) for pxDelayedCoRoutineList
    queue.o(.text) refers to heap_2.o(.text) for pvPortMalloc
    queue.o(.text) refers to list.o(.text) for vListInitialise
    queue.o(.text) refers to port.o(.text) for vPortEnterCritical
    queue.o(.text) refers to tasks.o(.text) for xTaskRemoveFromEventList
    queue.o(.text) refers to rt_memcpy_v6.o(.text) for __aeabi_memcpy
    queue.o(.text) refers to port.o(.emb_text) for vPortSetInterruptMask
    tasks.o(.text) refers to list.o(.text) for vListInitialise
    tasks.o(.text) refers to strncpy.o(.text) for strncpy
    tasks.o(.text) refers to heap_2.o(.text) for pvPortMalloc
    tasks.o(.text) refers to aeabi_memset.o(.text) for __aeabi_memset
    tasks.o(.text) refers to port.o(.text) for pxPortInitialiseStack
    tasks.o(.text) refers to tasks.o(.bss) for pxReadyTasksLists
    tasks.o(.text) refers to tasks.o(.data) for pxDelayedTaskList
    tasks.o(.text) refers to port.o(.emb_text) for vPortSetInterruptMask
    heap_2.o(.text) refers to tasks.o(.text) for vTaskSuspendAll
    heap_2.o(.text) refers to heap_2.o(.data) for xHeapHasBeenInitialised
    heap_2.o(.text) refers to heap_2.o(.bss) for xHeap
    port.o(.emb_text) refers to tasks.o(.text) for vTaskSwitchContext
    port.o(.emb_text) refers to tasks.o(.data) for pxCurrentTCB
    port.o(.text) refers to port.o(.emb_text) for vPortStartFirstTask
    port.o(.text) refers to tasks.o(.text) for vTaskIncrementTick
    port.o(.text) refers to port.o(.data) for uxCriticalNesting
    stm32f10x_adc.o(.text) refers to stm32f10x_rcc.o(.text) for RCC_APB2PeriphResetCmd
    stm32f10x_bkp.o(.text) refers to stm32f10x_rcc.o(.text) for RCC_BackupResetCmd
    stm32f10x_can.o(.text) refers to stm32f10x_rcc.o(.text) for RCC_APB1PeriphResetCmd
    stm32f10x_cec.o(.text) refers to stm32f10x_rcc.o(.text) for RCC_APB1PeriphResetCmd
    stm32f10x_dac.o(.text) refers to stm32f10x_rcc.o(.text) for RCC_APB1PeriphResetCmd
    stm32f10x_gpio.o(.text) refers to stm32f10x_rcc.o(.text) for RCC_APB2PeriphResetCmd
    stm32f10x_i2c.o(.text) refers to stm32f10x_rcc.o(.text) for RCC_APB1PeriphResetCmd
    stm32f10x_pwr.o(.text) refers to stm32f10x_rcc.o(.text) for RCC_APB1PeriphResetCmd
    stm32f10x_rcc.o(.text) refers to stm32f10x_rcc.o(.data) for APBAHBPrescTable
    stm32f10x_spi.o(.text) refers to stm32f10x_rcc.o(.text) for RCC_APB2PeriphResetCmd
    stm32f10x_tim.o(.text) refers to stm32f10x_rcc.o(.text) for RCC_APB2PeriphResetCmd
    stm32f10x_usart.o(.text) refers to stm32f10x_rcc.o(.text) for RCC_APB2PeriphResetCmd
    stm32f10x_wwdg.o(.text) refers to stm32f10x_rcc.o(.text) for RCC_APB1PeriphResetCmd
    main.o(.text) refers to bsp.o(.text) for bsp_init
    main.o(.text) refers to msg_list.o(.text) for sys_msg_init
    main.o(.text) refers to tasks.o(.text) for xTaskGenericCreate
    main.o(.text) refers to printp.o(.text) for printp
    main.o(.text) refers to delay.o(.data) for delay_flg
    main.o(.text) refers to input_task.o(.text) for input_task
    main.o(.text) refers to back_task.o(.text) for back_task
    stm32f10x_it.o(.text) refers to stm32f10x_tim.o(.text) for TIM_GetITStatus
    stm32f10x_it.o(.text) refers to sys_time.o(.text) for Time_10ms_Interrupt
[...]
    .ARM.Collect$$libinit$$0000000E          0x080001b0   Section       12  libinit2.o(.ARM.Collect$$libinit$$0000000E)
    .ARM.Collect$$libinit$$0000000F          0x080001bc   Section        0  libinit2.o(.ARM.Collect$$libinit$$0000000F)
    .ARM.Collect$$libinit$$00000011          0x080001bc   Section        0  libinit2.o(.ARM.Collect$$libinit$$00000011)
    .ARM.Collect$$libinit$$00000013          0x080001bc   Section        0  libinit2.o(.ARM.Collect$$libinit$$00000013)
    .ARM.Collect$$libinit$$00000015          0x080001bc   Section        0  libinit2.o(.ARM.Collect$$libinit$$00000015)
    .ARM.Collect$$libinit$$00000017          0x080001bc   Section        0  libinit2.o(.ARM.Collect$$libinit$$00000017)
    .ARM.Collect$$libinit$$00000019          0x080001bc   Section        0  libinit2.o(.ARM.Collect$$libinit$$00000019)
    .ARM.Collect$$libinit$$0000001B          0x080001bc   Section        0  libinit2.o(.ARM.Collect$$libinit$$0000001B)
    .ARM.Collect$$libinit$$0000001D          0x080001bc   Section        0  libinit2.o(.ARM.Collect$$libinit$$0000001D)
    .ARM.Collect$$libinit$$0000001F          0x080001bc   Section        0  libinit2.o(.ARM.Collect$$libinit$$0000001F)
    .ARM.Collect$$libinit$$00000021          0x080001bc   Section        0  libinit2.o(.ARM.Collect$$libinit$$00000021)
    .ARM.Collect$$libinit$$00000028          0x080001bc   Section        0  libinit2.o(.ARM.Collect$$libinit$$00000028)
    .ARM.Collect$$libinit$$0000002A          0x080001bc   Section        0  libinit2.o(.ARM.Collect$$libinit$$0000002A)
    .ARM.Collect$$libinit$$0000002C          0x080001bc   Section        0  libinit2.o(.ARM.Collect$$libinit$$0000002C)
    .ARM.Collect$$libinit$$0000002E          0x080001bc   Section        0  libinit2.o(.ARM.Collect$$libinit$$0000002E)
    .ARM.Collect$$libinit$$0000002F          0x080001bc   Section        2  libinit2.o(.ARM.Collect$$libinit$$0000002F)
    .ARM.Collect$$libshutdown$$00000000      0x080001be   Section        2  libshutdown.o(.ARM.Collect$$libshutdown$$00000000)
    .ARM.Collect$$libshutdown$$00000003      0x080001c0   Section        0  libshutdown2.o(.ARM.Collect$$libshutdown$$00000003)
    .ARM.Collect$$libshutdown$$00000006      0x080001c0   Section        0  libshutdown2.o(.ARM.Collect$$libshutdown$$00000006)
    .ARM.Collect$$libshutdown$$00000009      0x080001c0   Section        0  libshutdown2.o(.ARM.Collect$$libshutdown$$00000009)
    .ARM.Collect$$libshutdown$$0000000B      0x080001c0   Section        0  libshutdown2.o(.ARM.Collect$$libshutdown$$0000000B)
    .ARM.Collect$$libshutdown$$0000000E      0x080001c0   Section        0  libshutdown2.o(.ARM.Collect$$libshutdown$$0000000E)
    .ARM.Collect$$libshutdown$$0000000F      0x080001c0   Section        2  libshutdown2.o(.ARM.Collect$$libshutdown$$0000000F)
    .ARM.Collect$$rtentry$$00000000          0x080001c2   Section        0  rtentry.o(.ARM.Collect$$rtentry$$00000000)
    .ARM.Collect$$rtentry$$00000002          0x080001c2   Section        0  rtentry2.o(.ARM.Collect$$rtentry$$00000002)
    .ARM.Collect$$rtentry$$00000004          0x080001c2   Section        6  rtentry4.o(.ARM.Collect$$rtentry$$00000004)
    .ARM.Collect$$rtentry$$00000009          0x080001c8   Section        0  rtentry2.o(.ARM.Collect$$rtentry$$00000009)
    .ARM.Collect$$rtentry$$0000000A          0x080001c8   Section        4  rtentry2.o(.ARM.Collect$$rtentry$$0000000A)
    .ARM.Collect$$rtentry$$0000000C          0x080001cc   Section        0  rtentry2.o(.ARM.Collect$$rtentry$$0000000C)
    .ARM.Collect$$rtentry$$0000000D          0x080001cc   Section        8  rtentry2.o(.ARM.Collect$$rtentry$$0000000D)
    .ARM.Collect$$rtexit$$00000000           0x080001d4   Section        2  rtexit.o(.ARM.Collect$$rtexit$$00000000)
    .ARM.Collect$$rtexit$$00000002           0x080001d6   Section        0  rtexit2.o(.ARM.Collect$$rtexit$$00000002)
    .ARM.Collect$$rtexit$$00000003           0x080001d6   Section        4  rtexit2.o(.ARM.Collect$$rtexit$$00000003)
    .ARM.Collect$$rtexit$$00000004           0x080001da   Section        6  rtexit2.o(.ARM.Collect$$rtexit$$00000004)
    .emb_text                                0x080001e0   Section      140  port.o(.emb_text)
    .text                                    0x0800026c   Section       52  startup_stm32f10x_hd.o(.text)
    .text                                    0x080002a0   Section        0  list.o(.text)
    .text                                    0x08000334   Section        0  queue.o(.text)
    prvUnlockQueue                           0x080003a5   Thumb Code   126  queue.o(.text)
    prvIsQueueFull                           0x08000423   Thumb Code    32  queue.o(.text)
    prvCopyDataToQueue                       0x08000443   Thumb Code    88  queue.o(.text)
    prvIsQueueEmpty                          0x080005c3   Thumb Code    28  queue.o(.text)
    prvCopyDataFromQueue                     0x080005df   Thumb Code    42  queue.o(.text)
    .text                                    0x080007ac   Section        0  tasks.o(.text)
    prvInitialiseTaskLists                   0x080007ad   Thumb Code    70  tasks.o(.text)
    prvInitialiseTCBVariables                0x080007f3   Thumb Code    68  tasks.o(.text)
    prvAllocateTCBAndStack                   0x08000837   Thumb Code    58  tasks.o(.text)
    prvAddCurrentTaskToDelayedList           0x08000b5f   Thumb Code   146  tasks.o(.text)
    prvDeleteTCB                             0x08000f05   Thumb Code    18  tasks.o(.text)
    prvCheckTasksWaitingTermination          0x08000f17   Thumb Code    82  tasks.o(.text)
    prvIdleTask                              0x08000f69   Thumb Code    20  tasks.o(.text)
    .text                                    0x08001160   Section        0  heap_2.o(.text)
    .text                                    0x08001278   Section        0  port.o(.text)
    prvSetupTimerInterrupt                   0x08001293   Thumb Code    14  port.o(.text)
    .text                                    0x0800132c   Section        0  misc.o(.text)
    .text                                    0x08001408   Section        0  stm32f10x_flash.o(.text)
    .text                                    0x080019c0   Section        0  stm32f10x_gpio.o(.text)
    .text                                    0x08001d18   Section        0  stm32f10x_rcc.o(.text)
    .text                                    0x080020b8   Section        0  stm32f10x_tim.o(.text)
    TI4_Config                               0x08002543   Thumb Code   118  stm32f10x_tim.o(.text)
    TI3_Config                               0x080025cb   Thumb Code   114  stm32f10x_tim.o(.text)
    TI2_Config                               0x08002653   Thumb Code   118  stm32f10x_tim.o(.text)
    TI1_Config                               0x080026db   Thumb Code   106  stm32f10x_tim.o(.text)
    .text                                    0x08002e68   Section        0  stm32f10x_usart.o(.text)
    .text                                    0x08003274   Section        0  main.o(.text)
    .text                                    0x08003330   Section        0  stm32f10x_it.o(.text)
    .text                                    0x0800338c   Section        0  bsp.o(.text)
    .text                                    0x08003514   Section        0  delay.o(.text)
    .text                                    0x0800358c   Section        0  sys_time.o(.text)
    .text                                    0x08003658   Section        0  sys_uart.o(.text)
    itoa                                     0x08003975   Thumb Code    98  sys_uart.o(.text)
    .text                                    0x08003b5c   Section        0  msg_list.o(.text)
    .text                                    0x08003ce4   Section        0  my_list.o(.text)
    INIT_LIST_HEAD                           0x08003ce5   Thumb Code     6  my_list.o(.text)
    __list_add                               0x08003ceb   Thumb Code    10  my_list.o(.text)
    __list_del                               0x08003d19   Thumb Code     6  my_list.o(.text)
    list_empty                               0x08003daf   Thumb Code    16  my_list.o(.text)
    list_is_singular                         0x08003dd5   Thumb Code    28  my_list.o(.text)
    __list_cut_position                      0x08003df1   Thumb Code    22  my_list.o(.text)
    __list_splice                            0x08003e47   Thumb Code    16  my_list.o(.text)
    .text                                    0x08003ecc   Section        0  printp.o(.text)
    padding                                  0x08003f43   Thumb Code    50  printp.o(.text)
    outs                                     0x08003f75   Thumb Code    82  printp.o(.text)
    reoutnum                                 0x08003fc7   Thumb Code   118  printp.o(.text)
    outnum                                   0x0800403d   Thumb Code    38  printp.o(.text)
    getnum                                   0x08004063   Thumb Code    44  printp.o(.text)
    .text                                    0x080044c0   Section        0  input_task.o(.text)
    .text                                    0x08004548   Section        0  back_task.o(.text)
    .text                                    0x08004738   Section        0  sim900a.o(.text)
    .text                                    0x08004b28   Section        0  ev1527.o(.text)
    .text                                    0x080052c8   Section       16  rt_ctype_table.o(.text)
    .text                                    0x080052d8   Section        0  tolower.o(.text)
    .text                                    0x080052f2   Section        0  strstr.o(.text)
    .text                                    0x08005316   Section        0  strlen.o(.text)
    .text                                    0x08005354   Section      138  rt_memcpy_v6.o(.text)
    .text                                    0x080053de   Section      100  rt_memcpy_w.o(.text)
    .text                                    0x08005442   Section       16  aeabi_memset.o(.text)
    .text                                    0x08005452   Section       68  rt_memclr.o(.text)
    .text                                    0x08005496   Section       86  strncpy.o(.text)
    .text                                    0x080054ec   Section        0  heapauxi.o(.text)
    .text                                    0x080054f4   Section        8  rt_locale_intlibspace.o(.text)
    .text                                    0x080054fc   Section       78  rt_memclr_w.o(.text)
    .text                                    0x0800554c   Section        8  libspace.o(.text)
    .text                                    0x08005554   Section      128  strcmpv7m.o(.text)
    .text                                    0x080055d4   Section       74  sys_stackheap_outer.o(.text)
    .text                                    0x0800561e   Section        0  exit.o(.text)
    .text                                    0x0800562c   Section        8  rt_fp_status_addr_intlibspace.o(.text)
    .text                                    0x08005634   Section        0  sys_exit.o(.text)
    .text                                    0x08005640   Section        2  use_no_semi.o(.text)
    .text                                    0x08005642   Section        0  indicate_semi.o(.text)
    locale$$code                             0x08005644   Section       44  lc_ctype_c.o(locale$$code)
    x$fpl$fpinit                             0x08005670   Section       14  fpinit.o(x$fpl$fpinit)
    .constdata                               0x08005680   Section       67  back_task.o(.constdata)
    locale$$data                             0x080056e4   Section      272  lc_ctype_c.o(locale$$data)
    __lcctype_c_name                         0x080056e8   Data           2  lc_ctype_c.o(locale$$data)
    __lcctype_c_start                        0x080056f0   Data           0  lc_ctype_c.o(locale$$data)
    __lcctype_c_end                          0x080057f4   Data           0  lc_ctype_c.o(locale$$data)
    .data                                    0x20000000   Section       60  tasks.o(.data)
    uxTasksDeleted                           0x20000004   Data           4  tasks.o(.data)
    uxCurrentNumberOfTasks                   0x20000008   Data           4  tasks.o(.data)
    xTickCount                               0x2000000c   Data           4  tasks.o(.data)
    uxTopUsedPriority                        0x20000010   Data           4  tasks.o(.data)
    uxTopReadyPriority                       0x20000014   Data           4  tasks.o(.data)
    xSchedulerRunning                        0x20000018   Data           4  tasks.o(.data)
    uxSchedulerSuspended                     0x2000001c   Data           4  tasks.o(.data)
    uxMissedTicks                            0x20000020   Data           4  tasks.o(.data)
    xMissedYield                             0x20000024   Data           4  tasks.o(.data)
    xNumOfOverflows                          0x20000028   Data           4  tasks.o(.data)
    uxTaskNumber                             0x2000002c   Data           4  tasks.o(.data)
    xNextTaskUnblockTime                     0x20000030   Data           4  tasks.o(.data)
    pxDelayedTaskList                        0x20000034   Data           4  tasks.o(.data)
    pxOverflowDelayedTaskList                0x20000038   Data           4  tasks.o(.data)
    .data                                    0x2000003c   Section       24  heap_2.o(.data)
    xFreeBytesRemaining                      0x2000003c   Data           4  heap_2.o(.data)
    xHeapHasBeenInitialised                  0x20000040   Data           4  heap_2.o(.data)
    xStart                                   0x20000044   Data           8  heap_2.o(.data)
    xEnd                                     0x2000004c   Data           8  heap_2.o(.data)
    .data                                    0x20000054   Section        4  port.o(.data)
    uxCriticalNesting                        0x20000054   Data           4  port.o(.data)
    .data                                    0x20000058   Section       20  stm32f10x_rcc.o(.data)
    APBAHBPrescTable                         0x20000058   Data          16  stm32f10x_rcc.o(.data)
    ADCPrescTable                            0x20000068   Data           4  stm32f10x_rcc.o(.data)
    .data                                    0x2000006c   Section        1  bsp.o(.data)
    .data                                    0x2000006e   Section        4  delay.o(.data)
    TimingDelay                              0x20000070   Data           2  delay.o(.data)
    .data                                    0x20000072   Section        3  sys_time.o(.data)
    .data                                    0x20000076   Section        6  sys_uart.o(.data)
    .data                                    0x2000007c   Section       16  msg_list.o(.data)
    xQueue                                   0x20000088   Data           4  msg_list.o(.data)
    .data                                    0x2000008c   Section       21  printp.o(.data)
    do_padding                               0x2000008c   Data           4  printp.o(.data)
    left_flag                                0x20000090   Data           4  printp.o(.data)
    len                                      0x20000094   Data           4  printp.o(.data)
    num1                                     0x20000098   Data           4  printp.o(.data)
    num2                                     0x2000009c   Data           4  printp.o(.data)
    pad_character                            0x200000a0   Data           1  printp.o(.data)
    .data                                    0x200000a4   Section        4  back_task.o(.data)
    .data                                    0x200000a8   Section       60  ev1527.o(.data)
    __cnt                                    0x200000a8   Data           4  ev1527.o(.data)
    .bss                                     0x200000e4   Section      200  tasks.o(.bss)
    pxReadyTasksLists                        0x200000e4   Data         100  tasks.o(.bss)
    xDelayedTaskList1                        0x20000148   Data          20  tasks.o(.bss)
    xDelayedTaskList2                        0x2000015c   Data          20  tasks.o(.bss)
    xPendingReadyList                        0x20000170   Data          20  tasks.o(.bss)
    xTasksWaitingTermination                 0x20000184   Data          20  tasks.o(.bss)
    xSuspendedTaskList                       0x20000198   Data          20  tasks.o(.bss)
    .bss                                     0x200001b0   Section    17408  heap_2.o(.bss)
    xHeap                                    0x200001b0   Data       17408  heap_2.o(.bss)
    .bss                                     0x200045b0   Section     1279  sys_uart.o(.bss)
    .bss                                     0x20004ab0   Section       96  libspace.o(.bss)
    HEAP                                     0x20004b10   Section        0  startup_stm32f10x_hd.o(HEAP)
    STACK                                    0x20004b10   Section     1024  startup_stm32f10x_hd.o(STACK)
    Heap_Mem                                 0x20004b10   Data           0  startup_stm32f10x_hd.o(HEAP)
    Stack_Mem                                0x20004b10   Data        1024  startup_stm32f10x_hd.o(STACK)
    __initial_sp                             0x20004f10   Data           0  startup_stm32f10x_hd.o(STACK)

    Global Symbols

    Symbol Name                              Value     Ov Type        Size  Object(Section)

    BuildAttributes$$THM_ISAv4$P$D$K$B$S$PE$A:L22UL41UL21$X:L11$S22US41US21$IEEE1$IW$USESV6$~STKCKD$USESV7$~SHL$OSPACE$ROPI$EBA8$UX$STANDARDLIB$REQ8$PRES8$EABIv2 0x00000000   Number         0  anon$$obj.o ABSOLUTE
    __ARM_use_no_argv                        0x00000000   Number         0  main.o ABSOLUTE
    __ARM_exceptions_init                     - Undefined Weak Reference
    __alloca_initialize                       - Undefined Weak Reference
    __cpp_initialize__aeabi_                  - Undefined Weak Reference
    __cxa_finalize                            - Undefined Weak Reference
    __sigvec_lookup                           - Undefined Weak Reference
    _atexit_init                              - Undefined Weak Reference
    _call_atexit_fns                          - Undefined Weak Reference
    _clock_init                               - Undefined Weak Reference
    _fp_trap_init                             - Undefined Weak Reference
    _fp_trap_shutdown                         - Undefined Weak Reference
    _get_lc_collate                           - Undefined Weak Reference
    _get_lc_monetary                          - Undefined Weak Reference
    _get_lc_numeric                           - Undefined Weak Reference
    _get_lc_time                              - Undefined Weak Reference
    _getenv_init                              - Undefined Weak Reference
    _handle_redirection                       - Undefined Weak Reference
    _init_alloc                               - Undefined Weak Reference
    _init_user_alloc                          - Undefined Weak Reference
    _initio                                   - Undefined Weak Reference
    _rand_init                                - Undefined Weak Reference
    _signal_finish                            - Undefined Weak Reference
    _signal_init                              - Undefined Weak Reference
    _terminate_alloc                          - Undefined Weak Reference
    _terminate_user_alloc                     - Undefined Weak Reference
    _terminateio                              - Undefined Weak Reference
    __Vectors                                0x08000000   Data           4  startup_stm32f10x_hd.o(RESET)
    __main                                   0x08000131   Thumb Code     8  __main.o(!!!main)
    __scatterload                            0x08000139   Thumb Code     0  __scatter.o(!!!scatter)
    __scatterload_rt2                        0x08000139   Thumb Code    44  __scatter.o(!!!scatter)
    __scatterload_rt2_thumb_only             0x08000139   Thumb Code     0  __scatter.o(!!!scatter)
    __scatterload_null                       0x08000147   Thumb Code     0  __scatter.o(!!!scatter)
    __scatterload_copy                       0x0800016d   Thumb Code    26  __scatter_copy.o(!!handler_copy)
    __scatterload_zeroinit                   0x08000189   Thumb Code    28  __scatter_zi.o(!!handler_zi)
    __rt_lib_init                            0x080001a5   Thumb Code     0  libinit.o(.ARM.Collect$$libinit$$00000000)
    __rt_lib_init_heap_1                     0x080001ab   Thumb Code     0  libinit2.o(.ARM.Collect$$libinit$$00000006)
    __rt_lib_init_lc_common                  0x080001ab   Thumb Code     0  libinit2.o(.ARM.Collect$$libinit$$0000000B)
    __rt_lib_init_rand_1                     0x080001ab   Thumb Code     0  libinit2.o(.ARM.Collect$$libinit$$0000000A)
    __rt_lib_init_user_alloc_1               0x080001ab   Thumb Code     0  libinit2.o(.ARM.Collect$$libinit$$00000008)
    __rt_lib_init_lc_collate_1               0x080001b1   Thumb Code     0  libinit2.o(.ARM.Collect$$libinit$$0000000D)
    __rt_lib_init_lc_ctype_2                 0x080001b1   Thumb Code     0  libinit2.o(.ARM.Collect$$libinit$$0000000E)
    __rt_lib_init_alloca_1                   0x080001bd   Thumb Code     0  libinit2.o(.ARM.Collect$$libinit$$0000002A)
    __rt_lib_init_argv_1                     0x080001bd   Thumb Code     0  libinit2.o(.ARM.Collect$$libinit$$00000028)
    __rt_lib_init_atexit_1                   0x080001bd   Thumb Code     0  libinit2.o(.ARM.Collect$$libinit$$00000017)
    __rt_lib_init_clock_1                    0x080001bd   Thumb Code     0  libinit2.o(.ARM.Collect$$libinit$$0000001D)
    __rt_lib_init_cpp_1                      0x080001bd   Thumb Code     0  libinit2.o(.ARM.Collect$$libinit$$0000002E)
    __rt_lib_init_exceptions_1               0x080001bd   Thumb Code     0  libinit2.o(.ARM.Collect$$libinit$$0000002C)
    __rt_lib_init_fp_trap_1                  0x080001bd   Thumb Code     0  libinit2.o(.ARM.Collect$$libinit$$0000001B)
    __rt_lib_init_getenv_1                   0x080001bd   Thumb Code     0  libinit2.o(.ARM.Collect$$libinit$$0000001F)
    __rt_lib_init_lc_ctype_1                 0x080001bd   Thumb Code     0  libinit2.o(.ARM.Collect$$libinit$$0000000F)
    __rt_lib_init_lc_monetary_1              0x080001bd   Thumb Code     0  libinit2.o(.ARM.Collect$$libinit$$00000011)
    __rt_lib_init_lc_numeric_1               0x080001bd   Thumb Code     0  libinit2.o(.ARM.Collect$$libinit$$00000013)
    __rt_lib_init_lc_time_1                  0x080001bd   Thumb Code     0  libinit2.o(.ARM.Collect$$libinit$$00000015)
    __rt_lib_init_return                     0x080001bd   Thumb Code     0  libinit2.o(.ARM.Collect$$libinit$$0000002F)
    __rt_lib_init_signal_1                   0x080001bd   Thumb Code     0  libinit2.o(.ARM.Collect$$libinit$$00000019)
    __rt_lib_init_stdio_1                    0x080001bd   Thumb Code     0  libinit2.o(.ARM.Collect$$libinit$$00000021)
    __rt_lib_shutdown                        0x080001bf   Thumb Code     0  libshutdown.o(.ARM.Collect$$libshutdown$$00000000)
    __rt_lib_shutdown_fp_trap_1              0x080001c1   Thumb Code     0  libshutdown2.o(.ARM.Collect$$libshutdown$$00000006)
    __rt_lib_shutdown_heap_1                 0x080001c1   Thumb Code     0  libshutdown2.o(.ARM.Collect$$libshutdown$$0000000E)
    __rt_lib_shutdown_return                 0x080001c1   Thumb Code     0  libshutdown2.o(.ARM.Collect$$libshutdown$$0000000F)
    __rt_lib_shutdown_signal_1               0x080001c1   Thumb Code     0  libshutdown2.o(.ARM.Collect$$libshutdown$$00000009)
    __rt_lib_shutdown_stdio_1                0x080001c1   Thumb Code     0  libshutdown2.o(.ARM.Collect$$libshutdown$$00000003)
    __rt_lib_shutdown_user_alloc_1           0x080001c1   Thumb Code     0  libshutdown2.o(.ARM.Collect$$libshutdown$$0000000B)
    __rt_entry                               0x080001c3   Thumb Code     0  rtentry.o(.ARM.Collect$$rtentry$$00000000)
    __rt_entry_presh_1                       0x080001c3   Thumb Code     0  rtentry2.o(.ARM.Collect$$rtentry$$00000002)
    __rt_entry_sh                            0x080001c3   Thumb Code     0  rtentry4.o(.ARM.Collect$$rtentry$$00000004)
    __rt_entry_li                            0x080001c9   Thumb Code     0  rtentry2.o(.ARM.Collect$$rtentry$$0000000A)
    __rt_entry_postsh_1                      0x080001c9   Thumb Code     0  rtentry2.o(.ARM.Collect$$rtentry$$00000009)
    __rt_entry_main                          0x080001cd   Thumb Code     0  rtentry2.o(.ARM.Collect$$rtentry$$0000000D)
    __rt_entry_postli_1                      0x080001cd   Thumb Code     0  rtentry2.o(.ARM.Collect$$rtentry$$0000000C)
    __rt_exit                                0x080001d5   Thumb Code     0  rtexit.o(.ARM.Collect$$rtexit$$00000000)
    __rt_exit_ls                             0x080001d7   Thumb Code     0  rtexit2.o(.ARM.Collect$$rtexit$$00000003)
    __rt_exit_prels_1                        0x080001d7   Thumb Code     0  rtexit2.o(.ARM.Collect$$rtexit$$00000002)
    __rt_exit_exit                           0x080001db   Thumb Code     0  rtexit2.o(.ARM.Collect$$rtexit$$00000004)
    vPortSVCHandler                          0x080001e1   Thumb Code    28  port.o(.emb_text)
    vPortStartFirstTask                      0x08000201   Thumb Code    16  port.o(.emb_text)
    xPortPendSVHandler                       0x08000215   Thumb Code    56  port.o(.emb_text)
    vPortSetInterruptMask                    0x08000251   Thumb Code    14  port.o(.emb_text)
    vPortClearInterruptMask                  0x0800025f   Thumb Code    14  port.o(.emb_text)
    Reset_Handler                            0x0800026d   Thumb Code     4  startup_stm32f10x_hd.o(.text)
    ADC1_2_IRQHandler                        0x08000283   Thumb Code     0  startup_stm32f10x_hd.o(.text)
    ADC3_IRQHandler                          0x08000283   Thumb Code     0  startup_stm32f10x_hd.o(.text)
    CAN1_RX1_IRQHandler                      0x08000283   Thumb Code     0  startup_stm32f10x_hd.o(.text)
    CAN1_SCE_IRQHandler                      0x08000283   Thumb Code     0  startup_stm32f10x_hd.o(.text)
    DMA1_Channel1_IRQHandler                 0x08000283   Thumb Code     0  startup_stm32f10x_hd.o(.text)
    DMA1_Channel2_IRQHandler                 0x08000283   Thumb Code     0  startup_stm32f10x_hd.o(.text)
    DMA1_Channel3_IRQHandler                 0x08000283   Thumb Code     0  startup_stm32f10x_hd.o(.text)
    DMA1_Channel4_IRQHandler                 0x08000283   Thumb Code     0  startup_stm32f10x_hd.o(.text)
    DMA1_Channel5_IRQHandler                 0x08000283   Thumb Code     0  startup_stm32f10x_hd.o(.text)
    DMA1_Channel6_IRQHandler                 0x08000283   Thumb Code     0  startup_stm32f10x_hd.o(.text)
    DMA1_Channel7_IRQHandler                 0x08000283   Thumb Code     0  startup_stm32f10x_hd.o(.text)
    DMA2_Channel1_IRQHandler                 0x08000283   Thumb Code     0  startup_stm32f10x_hd.o(.text)
    DMA2_Channel2_IRQHandler                 0x08000283   Thumb Code     0  startup_stm32f10x_hd.o(.text)
    DMA2_Channel3_IRQHandler                 0x08000283   Thumb Code     0  startup_stm32f10x_hd.o(.text)
    DMA2_Channel4_5_IRQHandler               0x08000283   Thumb Code     0  startup_stm32f10x_hd.o(.text)
    EXTI0_IRQHandler                         0x08000283   Thumb Code     0  startup_stm32f10x_hd.o(.text)
    EXTI15_10_IRQHandler                     0x08000283   Thumb Code     0  startup_stm32f10x_hd.o(.text)
    EXTI1_IRQHandler                         0x08000283   Thumb Code     0  startup_stm32f10x_hd.o(.text)
    EXTI2_IRQHandler                         0x08000283   Thumb Code     0  startup_stm32f10x_hd.o(.text)
    EXTI3_IRQHandler                         0x08000283   Thumb Code     0  startup_stm32f10x_hd.o(.text)
    EXTI4_IRQHandler                         0x08000283   Thumb Code     0  startup_stm32f10x_hd.o(.text)
    EXTI9_5_IRQHandler                       0x08000283   Thumb Code     0  startup_stm32f10x_hd.o(.text)
    FLASH_IRQHandler                         0x08000283   Thumb Code     0  startup_stm32f10x_hd.o(.text)
    FSMC_IRQHandler                          0x08000283   Thumb Code     0  startup_stm32f10x_hd.o(.text)
    I2C1_ER_IRQHandler                       0x08000283   Thumb Code     0  startup_stm32f10x_hd.o(.text)
    I2C1_EV_IRQHandler                       0x08000283   Thumb Code     0  startup_stm32f10x_hd.o(.text)
    I2C2_ER_IRQHandler                       0x08000283   Thumb Code     0  startup_stm32f10x_hd.o(.text)
    I2C2_EV_IRQHandler                       0x08000283   Thumb Code     0  startup_stm32f10x_hd.o(.text)
    PVD_IRQHandler                           0x08000283   Thumb Code     0  startup_stm32f10x_hd.o(.text)
    RCC_IRQHandler                           0x08000283   Thumb Code     0  startup_stm32f10x_hd.o(.text)
    RTCAlarm_IRQHandler                      0x08000283   Thumb Code     0  startup_stm32f10x_hd.o(.text)
    RTC_IRQHandler                           0x08000283   Thumb Code     0  startup_stm32f10x_hd.o(.text)
    SDIO_IRQHandler                          0x08000283   Thumb Code     0  startup_stm32f10x_hd.o(.text)
    SPI1_IRQHandler                          0x08000283   Thumb Code     0  startup_stm32f10x_hd.o(.text)
    SPI2_IRQHandler                          0x08000283   Thumb Code     0  startup_stm32f10x_hd.o(.text)
    SPI3_IRQHandler                          0x08000283   Thumb Code     0  startup_stm32f10x_hd.o(.text)
    TAMPER_IRQHandler                        0x08000283   Thumb Code     0  startup_stm32f10x_hd.o(.text)
    TIM1_BRK_IRQHandler                      0x08000283   Thumb Code     0  startup_stm32f10x_hd.o(.text)
    TIM1_CC_IRQHandler                       0x08000283   Thumb Code     0  startup_stm32f10x_hd.o(.text)
    TIM1_TRG_COM_IRQHandler                  0x08000283   Thumb Code     0  startup_stm32f10x_hd.o(.text)
    TIM3_IRQHandler                          0x08000283   Thumb Code     0  startup_stm32f10x_hd.o(.text)
    TIM4_IRQHandler                          0x08000283   Thumb Code     0  startup_stm32f10x_hd.o(.text)
    TIM5_IRQHandler                          0x08000283   Thumb Code     0  startup_stm32f10x_hd.o(.text)
    TIM6_IRQHandler                          0x08000283   Thumb Code     0  startup_stm32f10x_hd.o(.text)
    TIM7_IRQHandler                          0x08000283   Thumb Code     0  startup_stm32f10x_hd.o(.text)
    TIM8_BRK_IRQHandler                      0x08000283   Thumb Code     0  startup_stm32f10x_hd.o(.text)
    TIM8_CC_IRQHandler                       0x08000283   Thumb Code     0  startup_stm32f10x_hd.o(.text)
    TIM8_TRG_COM_IRQHandler                  0x08000283   Thumb Code     0  startup_stm32f10x_hd.o(.text)
    TIM8_UP_IRQHandler                       0x08000283   Thumb Code     0  startup_stm32f10x_hd.o(.text)
    UART4_IRQHandler                         0x08000283   Thumb Code     0  startup_stm32f10x_hd.o(.text)
    UART5_IRQHandler                         0x08000283   Thumb Code     0  startup_stm32f10x_hd.o(.text)
    USART3_IRQHandler                        0x08000283   Thumb Code     0  startup_stm32f10x_hd.o(.text)
    USBWakeUp_IRQHandler                     0x08000283   Thumb Code     0  startup_stm32f10x_hd.o(.text)
    USB_HP_CAN1_TX_IRQHandler                0x08000283   Thumb Code     0  startup_stm32f10x_hd.o(.text)
    USB_LP_CAN1_RX0_IRQHandler               0x08000283   Thumb Code     0  startup_stm32f10x_hd.o(.text)
    WWDG_IRQHandler                          0x08000283   Thumb Code     0  startup_stm32f10x_hd.o(.text)
    __user_initial_stackheap                 0x08000285   Thumb Code     0  startup_stm32f10x_hd.o(.text)
    vListInitialise                          0x080002a1   Thumb Code    26  list.o(.text)
    vListInitialiseItem                      0x080002bb   Thumb Code     6  list.o(.text)
    vListInsertEnd                           0x080002c1   Thumb Code    28  list.o(.text)
    vListInsert                              0x080002dd   Thumb Code    52  list.o(.text)
    vListRemove                              0x08000311   Thumb Code    36  list.o(.text)
    xQueueCreate                             0x08000335   Thumb Code   112  queue.o(.text)
    xQueueGenericSend                        0x0800049b   Thumb Code   202  queue.o(.text)
    xQueueGenericSendFromISR                 0x08000565   Thumb Code    94  queue.o(.text)
    xQueueGenericReceive                     0x08000609   Thumb Code   248  queue.o(.text)
    xQueueReceiveFromISR                     0x08000701   Thumb Code    92  queue.o(.text)
    uxQueueMessagesWaiting                   0x0800075d   Thumb Code    18  queue.o(.text)
    uxQueueMessagesWaitingFromISR            0x0800076f   Thumb Code     6  queue.o(.text)
    vQueueDelete                             0x08000775   Thumb Code    18  queue.o(.text)
    xQueueIsQueueEmptyFromISR                0x08000787   Thumb Code    16  queue.o(.text)
    xQueueIsQueueFullFromISR                 0x08000797   Thumb Code    20  queue.o(.text)
    xTaskGenericCreate                       0x08000871   Thumb Code   240  tasks.o(.text)
    vTaskDelete                              0x08000961   Thumb Code    94  tasks.o(.text)
    vTaskIncrementTick                       0x080009bf   Thumb Code   228  tasks.o(.text)
    xTaskResumeAll                           0x08000aa3   Thumb Code   188  tasks.o(.text)
    vTaskSuspendAll                          0x08000bf1   Thumb Code    12  tasks.o(.text)
    vTaskDelayUntil                          0x08000bfd   Thumb Code   108  tasks.o(.text)
    vTaskDelay                               0x08000c69   Thumb Code    48  tasks.o(.text)
    uxTaskPriorityGet                        0x08000c99   Thumb Code    30  tasks.o(.text)
    vTaskPrioritySet                         0x08000cb7   Thumb Code   150  tasks.o(.text)
    vTaskSwitchContext                       0x08000d4d   Thumb Code    92  tasks.o(.text)
    vTaskSuspend                             0x08000da9   Thumb Code    96  tasks.o(.text)
    xTaskIsTaskSuspended                     0x08000e09   Thumb Code    60  tasks.o(.text)
    vTaskResume                              0x08000e45   Thumb Code    92  tasks.o(.text)
    xTaskResumeFromISR                       0x08000ea1   Thumb Code   100  tasks.o(.text)
    vTaskStartScheduler                      0x08000f7d   Thumb Code    52  tasks.o(.text)
    vTaskEndScheduler                        0x08000fb1   Thumb Code    18  tasks.o(.text)
    xTaskGetTickCount                        0x08000fc3   Thumb Code    78  tasks.o(.text)
    xTaskGetTickCountFromISR                 0x08001011   Thumb Code    20  tasks.o(.text)
    uxTaskGetNumberOfTasks                   0x08001025   Thumb Code     6  tasks.o(.text)
    vTaskPlaceOnEventList                    0x0800102b   Thumb Code    60  tasks.o(.text)
    xTaskRemoveFromEventList                 0x08001067   Thumb Code    96  tasks.o(.text)
    vTaskSetTimeOutState                     0x080010c7   Thumb Code    14  tasks.o(.text)
    xTaskCheckForTimeOut                     0x080010d5   Thumb Code    92  tasks.o(.text)
    vTaskMissedYield                         0x08001131   Thumb Code     8  tasks.o(.text)
    pvPortMalloc                             0x08001161   Thumb Code   194  heap_2.o(.text)
    vPortFree                                0x08001223   Thumb Code    56  heap_2.o(.text)
    xPortGetFreeHeapSize                     0x0800125b   Thumb Code     6  heap_2.o(.text)
    vPortInitialiseBlocks                    0x08001261   Thumb Code     2  heap_2.o(.text)
    pxPortInitialiseStack                    0x08001279   Thumb Code    26  port.o(.text)
    xPortStartScheduler                      0x080012a1   Thumb Code    42  port.o(.text)
    vPortEndScheduler                        0x080012cb   Thumb Code     2  port.o(.text)
    vPortYieldFromISR                        0x080012cd   Thumb Code    12  port.o(.text)
    vPortEnterCritical                       0x080012d9   Thumb Code    18  port.o(.text)
    vPortExitCritical                        0x080012eb   Thumb Code    24  port.o(.text)
    xPortSysTickHandler                      0x08001303   Thumb Code    28  port.o(.text)
    NVIC_PriorityGroupConfig                 0x0800132d   Thumb Code    10  misc.o(.text)
    NVIC_Init                                0x08001337   Thumb Code   102  misc.o(.text)
    NVIC_SetVectorTable                      0x0800139d   Thumb Code    14  misc.o(.text)
    NVIC_SystemLPConfig                      0x080013ab   Thumb Code    34  misc.o(.text)
    SysTick_CLKSourceConfig                  0x080013cd   Thumb Code    40  misc.o(.text)
    FLASH_SetLatency                         0x08001409   Thumb Code    18  stm32f10x_flash.o(.text)
    FLASH_HalfCycleAccessCmd                 0x0800141b   Thumb Code    22  stm32f10x_flash.o(.text)
    FLASH_PrefetchBufferCmd                  0x08001431   Thumb Code    22  stm32f10x_flash.o(.text)
    FLASH_Unlock                             0x08001447   Thumb Code    12  stm32f10x_flash.o(.text)
    FLASH_UnlockBank1                        0x08001453   Thumb Code    12  stm32f10x_flash.o(.text)
    FLASH_Lock                               0x0800145f   Thumb Code    14  stm32f10x_flash.o(.text)
    FLASH_LockBank1                          0x0800146d   Thumb Code    14  stm32f10x_flash.o(.text)
    FLASH_GetBank1Status                     0x0800147b   Thumb Code    50  stm32f10x_flash.o(.text)
    FLASH_WaitForLastOperation               0x080014ad   Thumb Code    38  stm32f10x_flash.o(.text)
    FLASH_ErasePage                          0x080014d3   Thumb Code    72  stm32f10x_flash.o(.text)
    FLASH_EraseAllPages                      0x0800151b   Thumb Code    68  stm32f10x_flash.o(.text)
    FLASH_WaitForLastBank1Operation          0x0800155f   Thumb Code    38  stm32f10x_flash.o(.text)
    FLASH_EraseAllBank1Pages                 0x08001585   Thumb Code    68  stm32f10x_flash.o(.text)
    FLASH_GetReadOutProtectionStatus         0x080015c9   Thumb Code    20  stm32f10x_flash.o(.text)
    FLASH_EraseOptionBytes                   0x080015dd   Thumb Code   150  stm32f10x_flash.o(.text)
    FLASH_ProgramWord                        0x08001673   Thumb Code    96  stm32f10x_flash.o(.text)
    FLASH_ProgramHalfWord                    0x080016d3   Thumb Code    60  stm32f10x_flash.o(.text)
    FLASH_ProgramOptionByteData              0x0800170f   Thumb Code    72  stm32f10x_flash.o(.text)
    FLASH_EnableWriteProtection              0x08001757   Thumb Code   200  stm32f10x_flash.o(.text)
    FLASH_ReadOutProtection                  0x0800181f   Thumb Code   156  stm32f10x_flash.o(.text)
    FLASH_UserOptionByteConfig               0x080018bb   Thumb Code    88  stm32f10x_flash.o(.text)
    FLASH_GetUserOptionByte                  0x08001913   Thumb Code     8  stm32f10x_flash.o(.text)
    FLASH_GetWriteProtectionOptionByte       0x0800191b   Thumb Code     6  stm32f10x_flash.o(.text)
    FLASH_GetPrefetchBufferStatus            0x08001921   Thumb Code    20  stm32f10x_flash.o(.text)
    FLASH_ITConfig                           0x08001935   Thumb Code    26  stm32f10x_flash.o(.text)
    FLASH_GetFlagStatus                      0x0800194f   Thumb Code    42  stm32f10x_flash.o(.text)
    FLASH_ClearFlag                          0x08001979   Thumb Code     6  stm32f10x_flash.o(.text)
    FLASH_GetStatus                          0x0800197f   Thumb Code    50  stm32f10x_flash.o(.text)
    GPIO_DeInit                              0x080019c1   Thumb Code   172  stm32f10x_gpio.o(.text)
    GPIO_AFIODeInit                          0x08001a6d   Thumb Code    20  stm32f10x_gpio.o(.text)
    GPIO_Init                                0x08001a81   Thumb Code   274  stm32f10x_gpio.o(.text)
    GPIO_StructInit                          0x08001b93   Thumb Code    16  stm32f10x_gpio.o(.text)
    GPIO_ReadInputDataBit                    0x08001ba3   Thumb Code    18  stm32f10x_gpio.o(.text)
    GPIO_ReadInputData                       0x08001bb5   Thumb Code     8  stm32f10x_gpio.o(.text)
    GPIO_ReadOutputDataBit                   0x08001bbd   Thumb Code    18  stm32f10x_gpio.o(.text)
    GPIO_ReadOutputData                      0x08001bcf   Thumb Code     8  stm32f10x_gpio.o(.text)
    GPIO_SetBits                             0x08001bd7   Thumb Code     4  stm32f10x_gpio.o(.text)
    GPIO_ResetBits                           0x08001bdb   Thumb Code     4  stm32f10x_gpio.o(.text)
    GPIO_WriteBit                            0x08001bdf   Thumb Code    10  stm32f10x_gpio.o(.text)
    GPIO_Write                               0x08001be9   Thumb Code     4  stm32f10x_gpio.o(.text)
    GPIO_PinLockConfig                       0x08001bed   Thumb Code    18  stm32f10x_gpio.o(.text)
    GPIO_EventOutputConfig                   0x08001bff   Thumb Code    26  stm32f10x_gpio.o(.text)
    GPIO_EventOutputCmd                      0x08001c19   Thumb Code     6  stm32f10x_gpio.o(.text)
    GPIO_PinRemapConfig                      0x08001c1f   Thumb Code   138  stm32f10x_gpio.o(.text)
    GPIO_EXTILineConfig                      0x08001ca9   Thumb Code    66  stm32f10x_gpio.o(.text)
    GPIO_ETH_MediaInterfaceConfig            0x08001ceb   Thumb Code     6  stm32f10x_gpio.o(.text)
    RCC_DeInit                               0x08001d19   Thumb Code    64  stm32f10x_rcc.o(.text)
    RCC_HSEConfig                            0x08001d59   Thumb Code    70  stm32f10x_rcc.o(.text)
    RCC_GetFlagStatus                        0x08001d9f   Thumb Code    56  stm32f10x_rcc.o(.text)
    RCC_WaitForHSEStartUp                    0x08001dd7   Thumb Code    48  stm32f10x_rcc.o(.text)
    RCC_AdjustHSICalibrationValue            0x08001e07   Thumb Code    20  stm32f10x_rcc.o(.text)
    RCC_HSICmd                               0x08001e1b   Thumb Code     6  stm32f10x_rcc.o(.text)
    RCC_PLLConfig                            0x08001e21   Thumb Code    24  stm32f10x_rcc.o(.text)
    RCC_PLLCmd                               0x08001e39   Thumb Code     6  stm32f10x_rcc.o(.text)
    RCC_SYSCLKConfig                         0x08001e3f   Thumb Code    18  stm32f10x_rcc.o(.text)
    RCC_GetSYSCLKSource                      0x08001e51   Thumb Code    10  stm32f10x_rcc.o(.text)
    RCC_HCLKConfig                           0x08001e5b   Thumb Code    18  stm32f10x_rcc.o(.text)
    RCC_PCLK1Config                          0x08001e6d   Thumb Code    18  stm32f10x_rcc.o(.text)
    RCC_PCLK2Config                          0x08001e7f   Thumb Code    20  stm32f10x_rcc.o(.text)
    RCC_ITConfig                             0x08001e93   Thumb Code    30  stm32f10x_rcc.o(.text)
    RCC_USBCLKConfig                         0x08001eb1   Thumb Code     6  stm32f10x_rcc.o(.text)
    RCC_ADCCLKConfig                         0x08001eb7   Thumb Code    18  stm32f10x_rcc.o(.text)
    RCC_LSEConfig                            0x08001ec9   Thumb Code    44  stm32f10x_rcc.o(.text)
    RCC_LSICmd                               0x08001ef5   Thumb Code     6  stm32f10x_rcc.o(.text)
    RCC_RTCCLKConfig                         0x08001efb   Thumb Code    12  stm32f10x_rcc.o(.text)
    RCC_RTCCLKCmd                            0x08001f07   Thumb Code     8  stm32f10x_rcc.o(.text)
    RCC_GetClocksFreq                        0x08001f0f   Thumb Code   192  stm32f10x_rcc.o(.text)
    RCC_AHBPeriphClockCmd                    0x08001fcf   Thumb Code    26  stm32f10x_rcc.o(.text)
    RCC_APB2PeriphClockCmd                   0x08001fe9   Thumb Code    26  stm32f10x_rcc.o(.text)
    RCC_APB1PeriphClockCmd                   0x08002003   Thumb Code    26  stm32f10x_rcc.o(.text)
    RCC_APB2PeriphResetCmd                   0x0800201d   Thumb Code    26  stm32f10x_rcc.o(.text)
    RCC_APB1PeriphResetCmd                   0x08002037   Thumb Code    26  stm32f10x_rcc.o(.text)
    RCC_BackupResetCmd                       0x08002051   Thumb Code     8  stm32f10x_rcc.o(.text)
    RCC_ClockSecuritySystemCmd               0x08002059   Thumb Code     6  stm32f10x_rcc.o(.text)
    RCC_MCOConfig                            0x0800205f   Thumb Code     6  stm32f10x_rcc.o(.text)
    RCC_ClearFlag                            0x08002065   Thumb Code    14  stm32f10x_rcc.o(.text)
    RCC_GetITStatus                          0x08002073   Thumb Code    20  stm32f10x_rcc.o(.text)
    RCC_ClearITPendingBit                    0x08002087   Thumb Code     6  stm32f10x_rcc.o(.text)
    TIM_DeInit                               0x080020b9   Thumb Code   424  stm32f10x_tim.o(.text)
    TIM_TimeBaseInit                         0x08002261   Thumb Code   122  stm32f10x_tim.o(.text)
    TIM_OC1Init                              0x080022db   Thumb Code   132  stm32f10x_tim.o(.text)
    TIM_OC2Init                              0x0800235f   Thumb Code   146  stm32f10x_tim.o(.text)
    TIM_OC3Init                              0x080023f1   Thumb Code   142  stm32f10x_tim.o(.text)
    TIM_OC4Init                              0x0800247f   Thumb Code   174  stm32f10x_tim.o(.text)
    TIM_SetIC4Prescaler                      0x0800252d   Thumb Code    22  stm32f10x_tim.o(.text)
    TIM_SetIC3Prescaler                      0x080025b9   Thumb Code    18  stm32f10x_tim.o(.text)
    TIM_SetIC2Prescaler                      0x0800263d   Thumb Code    22  stm32f10x_tim.o(.text)
    TIM_SetIC1Prescaler                      0x080026c9   Thumb Code    18  stm32f10x_tim.o(.text)
    TIM_ICInit                               0x08002745   Thumb Code   150  stm32f10x_tim.o(.text)
    TIM_PWMIConfig                           0x080027db   Thumb Code   124  stm32f10x_tim.o(.text)
    TIM_BDTRConfig                           0x08002857   Thumb Code    32  stm32f10x_tim.o(.text)
    TIM_TimeBaseStructInit                   0x08002877   Thumb Code    18  stm32f10x_tim.o(.text)
    TIM_OCStructInit                         0x08002889   Thumb Code    20  stm32f10x_tim.o(.text)
    TIM_ICStructInit                         0x0800289d   Thumb Code    18  stm32f10x_tim.o(.text)
    TIM_BDTRStructInit                       0x080028af   Thumb Code    18  stm32f10x_tim.o(.text)
    TIM_Cmd                                  0x080028c1   Thumb Code    24  stm32f10x_tim.o(.text)
    TIM_CtrlPWMOutputs                       0x080028d9   Thumb Code    50  stm32f10x_tim.o(.text)
    TIM_ITConfig                             0x0800290b   Thumb Code    24  stm32f10x_tim.o(.text)
    TIM_GenerateEvent                        0x08002923   Thumb Code     4  stm32f10x_tim.o(.text)
    TIM_DMAConfig                            0x08002927   Thumb Code    10  stm32f10x_tim.o(.text)
    TIM_DMACmd                               0x08002931   Thumb Code    24  stm32f10x_tim.o(.text)
    TIM_InternalClockConfig                  0x08002949   Thumb Code    12  stm32f10x_tim.o(.text)
    TIM_SelectInputTrigger                   0x08002955   Thumb Code    18  stm32f10x_tim.o(.text)
    TIM_ITRxExternalClockConfig              0x08002967   Thumb Code    24  stm32f10x_tim.o(.text)
    TIM_TIxExternalClockConfig               0x0800297f   Thumb Code    62  stm32f10x_tim.o(.text)
    TIM_ETRConfig                            0x080029bd   Thumb Code    24  stm32f10x_tim.o(.text)
    TIM_ETRClockMode1Config                  0x080029d5   Thumb Code    54  stm32f10x_tim.o(.text)
    TIM_ETRClockMode2Config                  0x08002a0b   Thumb Code    32  stm32f10x_tim.o(.text)
    TIM_PrescalerConfig                      0x08002a2b   Thumb Code     6  stm32f10x_tim.o(.text)
    TIM_CounterModeConfig                    0x08002a31   Thumb Code    18  stm32f10x_tim.o(.text)
    TIM_EncoderInterfaceConfig               0x08002a43   Thumb Code    62  stm32f10x_tim.o(.text)
    TIM_ForcedOC1Config                      0x08002a81   Thumb Code    18  stm32f10x_tim.o(.text)
    TIM_ForcedOC2Config                      0x08002a93   Thumb Code    22  stm32f10x_tim.o(.text)
    TIM_ForcedOC3Config                      0x08002aa9   Thumb Code    18  stm32f10x_tim.o(.text)
    TIM_ForcedOC4Config                      0x08002abb   Thumb Code    22  stm32f10x_tim.o(.text)
    TIM_ARRPreloadConfig                     0x08002ad1   Thumb Code    24  stm32f10x_tim.o(.text)
    TIM_SelectCOM                            0x08002ae9   Thumb Code    24  stm32f10x_tim.o(.text)
    TIM_SelectCCDMA                          0x08002b01   Thumb Code    24  stm32f10x_tim.o(.text)
    TIM_CCPreloadControl                     0x08002b19   Thumb Code    24  stm32f10x_tim.o(.text)
    TIM_OC1PreloadConfig                     0x08002b31   Thumb Code    18  stm32f10x_tim.o(.text)
    TIM_OC2PreloadConfig                     0x08002b43   Thumb Code    22  stm32f10x_tim.o(.text)
    TIM_OC3PreloadConfig                     0x08002b59   Thumb Code    18  stm32f10x_tim.o(.text)
    TIM_OC4PreloadConfig                     0x08002b6b   Thumb Code    22  stm32f10x_tim.o(.text)
    TIM_OC1FastConfig                        0x08002b81   Thumb Code    18  stm32f10x_tim.o(.text)
    TIM_OC2FastConfig                        0x08002b93   Thumb Code    22  stm32f10x_tim.o(.text)
    TIM_OC3FastConfig                        0x08002ba9   Thumb Code    18  stm32f10x_tim.o(.text)
    TIM_OC4FastConfig                        0x08002bbb   Thumb Code    22  stm32f10x_tim.o(.text)
    TIM_ClearOC1Ref                          0x08002bd1   Thumb Code    18  stm32f10x_tim.o(.text)
    TIM_ClearOC2Ref                          0x08002be3   Thumb Code    20  stm32f10x_tim.o(.text)
    TIM_ClearOC3Ref                          0x08002bf7   Thumb Code    18  stm32f10x_tim.o(.text)
    TIM_ClearOC4Ref                          0x08002c09   Thumb Code    20  stm32f10x_tim.o(.text)
    TIM_OC1PolarityConfig                    0x08002c1d   Thumb Code    18  stm32f10x_tim.o(.text)
    TIM_OC1NPolarityConfig                   0x08002c2f   Thumb Code    18  stm32f10x_tim.o(.text)
    TIM_OC2PolarityConfig                    0x08002c41   Thumb Code    22  stm32f10x_tim.o(.text)
    TIM_OC2NPolarityConfig                   0x08002c57   Thumb Code    22  stm32f10x_tim.o(.text)
    TIM_OC3PolarityConfig                    0x08002c6d   Thumb Code    22  stm32f10x_tim.o(.text)
    TIM_OC3NPolarityConfig                   0x08002c83   Thumb Code    22  stm32f10x_tim.o(.text)
    TIM_OC4PolarityConfig                    0x08002c99   Thumb Code    22  stm32f10x_tim.o(.text)
    TIM_CCxCmd                               0x08002caf   Thumb Code    34  stm32f10x_tim.o(.text)
    TIM_CCxNCmd                              0x08002cd1   Thumb Code    34  stm32f10x_tim.o(.text)
    TIM_SelectOCxM                           0x08002cf3   Thumb Code    82  stm32f10x_tim.o(.text)
    TIM_UpdateDisableConfig                  0x08002d45   Thumb Code    24  stm32f10x_tim.o(.text)
    TIM_UpdateRequestConfig                  0x08002d5d   Thumb Code    24  stm32f10x_tim.o(.text)
    TIM_SelectHallSensor                     0x08002d75   Thumb Code    24  stm32f10x_tim.o(.text)
    TIM_SelectOnePulseMode                   0x08002d8d   Thumb Code    18  stm32f10x_tim.o(.text)
    TIM_SelectOutputTrigger                  0x08002d9f   Thumb Code    18  stm32f10x_tim.o(.text)
    TIM_SelectSlaveMode                      0x08002db1   Thumb Code    18  stm32f10x_tim.o(.text)
    TIM_SelectMasterSlaveMode                0x08002dc3   Thumb Code    18  stm32f10x_tim.o(.text)
    TIM_SetCounter                           0x08002dd5   Thumb Code     4  stm32f10x_tim.o(.text)
    TIM_SetAutoreload                        0x08002dd9   Thumb Code     4  stm32f10x_tim.o(.text)
    TIM_SetCompare1                          0x08002ddd   Thumb Code     4  stm32f10x_tim.o(.text)
    TIM_SetCompare2                          0x08002de1   Thumb Code     4  stm32f10x_tim.o(.text)
    TIM_SetCompare3                          0x08002de5   Thumb Code     4  stm32f10x_tim.o(.text)
    TIM_SetCompare4                          0x08002de9   Thumb Code     6  stm32f10x_tim.o(.text)
    TIM_SetClockDivision                     0x08002def   Thumb Code    18  stm32f10x_tim.o(.text)
    TIM_GetCapture1                          0x08002e01   Thumb Code     6  stm32f10x_tim.o(.text)
    TIM_GetCapture2                          0x08002e07   Thumb Code     6  stm32f10x_tim.o(.text)
    TIM_GetCapture3                          0x08002e0d   Thumb Code     6  stm32f10x_tim.o(.text)
    TIM_GetCapture4                          0x08002e13   Thumb Code     8  stm32f10x_tim.o(.text)
    TIM_GetCounter                           0x08002e1b   Thumb Code     6  stm32f10x_tim.o(.text)
    TIM_GetPrescaler                         0x08002e21   Thumb Code     6  stm32f10x_tim.o(.text)
    TIM_GetFlagStatus                        0x08002e27   Thumb Code    18  stm32f10x_tim.o(.text)
    TIM_ClearFlag                            0x08002e39   Thumb Code     6  stm32f10x_tim.o(.text)
    TIM_GetITStatus                          0x08002e3f   Thumb Code    34  stm32f10x_tim.o(.text)
    TIM_ClearITPendingBit                    0x08002e61   Thumb Code     6  stm32f10x_tim.o(.text)
    USART_DeInit                             0x08002e69   Thumb Code   134  stm32f10x_usart.o(.text)
    USART_Init                               0x08002eef   Thumb Code   210  stm32f10x_usart.o(.text)
    USART_StructInit                         0x08002fc1   Thumb Code    24  stm32f10x_usart.o(.text)
    USART_ClockInit                          0x08002fd9   Thumb Code    34  stm32f10x_usart.o(.text)
    USART_ClockStructInit                    0x08002ffb   Thumb Code    12  stm32f10x_usart.o(.text)
    USART_Cmd                                0x08003007   Thumb Code    24  stm32f10x_usart.o(.text)
    USART_ITConfig                           0x0800301f   Thumb Code    74  stm32f10x_usart.o(.text)
    USART_DMACmd                             0x08003069   Thumb Code    24  stm32f10x_usart.o(.text)
    USART_SetAddress                         0x08003081   Thumb Code    18  stm32f10x_usart.o(.text)
    USART_WakeUpConfig                       0x08003093   Thumb Code    18  stm32f10x_usart.o(.text)
    USART_ReceiverWakeUpCmd                  0x080030a5   Thumb Code    24  stm32f10x_usart.o(.text)
    USART_LINBreakDetectLengthConfig         0x080030bd   Thumb Code    18  stm32f10x_usart.o(.text)
    USART_LINCmd                             0x080030cf   Thumb Code    24  stm32f10x_usart.o(.text)
    USART_SendData                           0x080030e7   Thumb Code     8  stm32f10x_usart.o(.text)
    USART_ReceiveData                        0x080030ef   Thumb Code    10  stm32f10x_usart.o(.text)
    USART_SendBreak                          0x080030f9   Thumb Code    10  stm32f10x_usart.o(.text)
    USART_SetGuardTime                       0x08003103   Thumb Code    16  stm32f10x_usart.o(.text)
    USART_SetPrescaler                       0x08003113   Thumb Code    16  stm32f10x_usart.o(.text)
    USART_SmartCardCmd                       0x08003123   Thumb Code    24  stm32f10x_usart.o(.text)
    USART_SmartCardNACKCmd                   0x0800313b   Thumb Code    24  stm32f10x_usart.o(.text)
    USART_HalfDuplexCmd                      0x08003153   Thumb Code    24  stm32f10x_usart.o(.text)
    USART_OverSampling8Cmd                   0x0800316b   Thumb Code    22  stm32f10x_usart.o(.text)
    USART_OneBitMethodCmd                    0x08003181   Thumb Code    24  stm32f10x_usart.o(.text)
    USART_IrDAConfig                         0x08003199   Thumb Code    18  stm32f10x_usart.o(.text)
    USART_IrDACmd                            0x080031ab   Thumb Code    24  stm32f10x_usart.o(.text)
    USART_GetFlagStatus                      0x080031c3   Thumb Code    26  stm32f10x_usart.o(.text)
    USART_ClearFlag                          0x080031dd   Thumb Code    18  stm32f10x_usart.o(.text)
    USART_GetITStatus                        0x080031ef   Thumb Code    84  stm32f10x_usart.o(.text)
    USART_ClearITPendingBit                  0x08003243   Thumb Code    50  stm32f10x_usart.o(.text)
    main                                     0x08003275   Thumb Code   100  main.o(.text)
    NMI_Handler                              0x08003331   Thumb Code     2  stm32f10x_it.o(.text)
    HardFault_Handler                        0x08003333   Thumb Code     4  stm32f10x_it.o(.text)
    MemManage_Handler                        0x08003337   Thumb Code     4  stm32f10x_it.o(.text)
    BusFault_Handler                         0x0800333b   Thumb Code     4  stm32f10x_it.o(.text)
    UsageFault_Handler                       0x0800333f   Thumb Code     4  stm32f10x_it.o(.text)
    SVC_Handler                              0x08003343   Thumb Code     2  stm32f10x_it.o(.text)
    DebugMon_Handler                         0x08003345   Thumb Code     2  stm32f10x_it.o(.text)
    PendSV_Handler                           0x08003347   Thumb Code     2  stm32f10x_it.o(.text)
    SysTick_Handler                          0x08003349   Thumb Code     2  stm32f10x_it.o(.text)
    TIM1_UP_IRQHandler                       0x0800334b   Thumb Code    26  stm32f10x_it.o(.text)
    TIM2_IRQHandler                          0x08003365   Thumb Code    26  stm32f10x_it.o(.text)
    USART2_IRQHandler                        0x0800337f   Thumb Code     8  stm32f10x_it.o(.text)
    RCC_Configuration                        0x0800338d   Thumb Code   108  bsp.o(.text)
    EXTIX_Switch                             0x080033f9   Thumb Code    72  bsp.o(.text)
    IO_init                                  0x08003441   Thumb Code   154  bsp.o(.text)
    bsp_init                                 0x080034db   Thumb Code    28  bsp.o(.text)
    delay_init                               0x08003515   Thumb Code     2  delay.o(.text)
    delay_us                                 0x08003517   Thumb Code    28  delay.o(.text)
    delay_ms                                 0x08003533   Thumb Code    46  delay.o(.text)
    delay_xus                                0x08003561   Thumb Code    12  delay.o(.text)
    delay_xms                                0x0800356d   Thumb Code    12  delay.o(.text)
    Delay_10ms                               0x08003579   Thumb Code    16  delay.o(.text)
    Time_10ms_Interrupt                      0x0800358d   Thumb Code    88  sys_time.o(.text)
    sys_time1_init                           0x080035e5   Thumb Code   100  sys_time.o(.text)
    sys_uart1_init                           0x08003659   Thumb Code   152  sys_uart.o(.text)
    sys_uart2_init                           0x080036f1   Thumb Code   164  sys_uart.o(.text)
    sys_uart1_sendchar                       0x08003795   Thumb Code    28  sys_uart.o(.text)
    my_send_str                              0x080037b1   Thumb Code    22  sys_uart.o(.text)
    my_send_buf                              0x080037c7   Thumb Code   100  sys_uart.o(.text)
    my_send_hex                              0x0800382b   Thumb Code   104  sys_uart.o(.text)
    send_var                                 0x08003893   Thumb Code   104  sys_uart.o(.text)
    USARTx_TimeCheck                         0x080038fb   Thumb Code    20  sys_uart.o(.text)
    USART1_IRQHandler                        0x0800390f   Thumb Code   102  sys_uart.o(.text)
    bsp_USART2_IRQHandler                    0x080039d7   Thumb Code    48  sys_uart.o(.text)
    get_rebuff                               0x08003a07   Thumb Code    12  sys_uart.o(.text)
    clean_rebuff                             0x08003a13   Thumb Code    18  sys_uart.o(.text)
    USART2_printf                            0x08003a25   Thumb Code   310  sys_uart.o(.text)
    msg_send                                 0x08003b5d   Thumb Code    80  msg_list.o(.text)
    msg_recv                                 0x08003bad   Thumb Code   124  msg_list.o(.text)
    msg_init_group                           0x08003c29   Thumb Code    46  msg_list.o(.text)
    msg_set_group                            0x08003c57   Thumb Code    12  msg_list.o(.text)
    msg_get                                  0x08003c63   Thumb Code    42  msg_list.o(.text)
    msg_guard_task                           0x08003c8d   Thumb Code    16  msg_list.o(.text)
    sys_msg_init                             0x08003c9d   Thumb Code    56  msg_list.o(.text)
    list_add                                 0x08003cf5   Thumb Code    18  my_list.o(.text)
    list_add_tail                            0x08003d07   Thumb Code    18  my_list.o(.text)
    list_del                                 0x08003d1f   Thumb Code    20  my_list.o(.text)
    list_replace                             0x08003d33   Thumb Code    18  my_list.o(.text)
    list_replace_init                        0x08003d45   Thumb Code    22  my_list.o(.text)
    list_del_init                            0x08003d5b   Thumb Code    20  my_list.o(.text)
    list_move                                0x08003d6f   Thumb Code    24  my_list.o(.text)
    list_move_tail                           0x08003d87   Thumb Code    24  my_list.o(.text)
    list_is_last                             0x08003d9f   Thumb Code    16  my_list.o(.text)
    list_empty_careful                       0x08003dbf   Thumb Code    22  my_list.o(.text)
    list_cut_position                        0x08003e07   Thumb Code    64  my_list.o(.text)
    list_splice                              0x08003e57   Thumb Code    26  my_list.o(.text)
    list_splice_tail                         0x08003e71   Thumb Code    26  my_list.o(.text)
    list_splice_init                         0x08003e8b   Thumb Code    32  my_list.o(.text)
    list_splice_tail_init                    0x08003eab   Thumb Code    32  my_list.o(.text)
    putchar1                                 0x08003ecd   Thumb Code    28  printp.o(.text)
    getchar1                                 0x08003ee9   Thumb Code    26  printp.o(.text)
    PUT_u8_HexTOString                       0x08003f03   Thumb Code    64  printp.o(.text)
    printp                                   0x0800408f   Thumb Code   416  printp.o(.text)
    PUT_INT32U_DecTOString                   0x0800422f   Thumb Code   280  printp.o(.text)
    StringTODec                              0x08004347   Thumb Code   178  printp.o(.text)
    USART_Scanf_Name                         0x080043f9   Thumb Code    70  printp.o(.text)
    USART_Scanf_Cmd                          0x0800443f   Thumb Code    74  printp.o(.text)
    Equal                                    0x08004489   Thumb Code    48  printp.o(.text)
    input_task                               0x080044c1   Thumb Code    78  input_task.o(.text)
    __back_1s_handle                         0x08004549   Thumb Code     2  back_task.o(.text)
    __test_gsm                               0x0800454b   Thumb Code   168  back_task.o(.text)
    back_task                                0x080045f3   Thumb Code    64  back_task.o(.text)
    sim900a_cmd_check                        0x08004739   Thumb Code    30  sim900a.o(.text)
    sim900a_cmd                              0x08004757   Thumb Code    42  sim900a.o(.text)
    sim900a_waitask                          0x08004781   Thumb Code    44  sim900a.o(.text)
    sim900a_cnum                             0x080047ad   Thumb Code    96  sim900a.o(.text)
    sim900a_call                             0x0800480d   Thumb Code    20  sim900a.o(.text)
    IsASSIC                                  0x08004821   Thumb Code    26  sim900a.o(.text)
    sim900a_gbk2ucs2                         0x0800483b   Thumb Code     2  sim900a.o(.text)
    sim900a_char2hex                         0x0800483d   Thumb Code    34  sim900a.o(.text)
    sim900a_gbk2ucs2hex                      0x0800485f   Thumb Code     2  sim900a.o(.text)
    sim900a_sms                              0x08004861   Thumb Code   174  sim900a.o(.text)
    sim900a_gprs_init                        0x0800490f   Thumb Code    54  sim900a.o(.text)
    sim900a_gprs_tcp_link                    0x08004945   Thumb Code    38  sim900a.o(.text)
    sim900a_gprs_udp_link                    0x0800496b   Thumb Code    38  sim900a.o(.text)
    sim900a_gprs_send                        0x08004991   Thumb Code    32  sim900a.o(.text)
    sim900a_gprs_link_close                  0x080049b1   Thumb Code    12  sim900a.o(.text)
    sys_timer2_init                          0x08004b29   Thumb Code   102  ev1527.o(.text)
    __dbg_ev1527                             0x08004b8f   Thumb Code    36  ev1527.o(.text)
    rf_io_init                               0x08004bb3   Thumb Code    24  ev1527.o(.text)
    chick1527                                0x08004bcb   Thumb Code    36  ev1527.o(.text)
    RF_decode                                0x08004bef   Thumb Code  1552  ev1527.o(.text)
    send_rf_data                             0x080051ff   Thumb Code    52  ev1527.o(.text)
    ev1527_init                              0x08005233   Thumb Code    12  ev1527.o(.text)
    __rt_ctype_table                         0x080052c9   Thumb Code    16  rt_ctype_table.o(.text)
    tolower                                  0x080052d9   Thumb Code    26  tolower.o(.text)
    strstr                                   0x080052f3   Thumb Code    36  strstr.o(.text)
    strlen                                   0x08005317   Thumb Code    62  strlen.o(.text)
    __aeabi_memcpy                           0x08005355   Thumb Code     0  rt_memcpy_v6.o(.text)
    __rt_memcpy                              0x08005355   Thumb Code   138  rt_memcpy_v6.o(.text)
    _memcpy_lastbytes                        0x080053bb   Thumb Code     0  rt_memcpy_v6.o(.text)
    __aeabi_memcpy4                          0x080053df   Thumb Code     0  rt_memcpy_w.o(.text)
    __aeabi_memcpy8                          0x080053df   Thumb Code     0  rt_memcpy_w.o(.text)
    __rt_memcpy_w                            0x080053df   Thumb Code   100  rt_memcpy_w.o(.text)
    _memcpy_lastbytes_aligned                0x08005427   Thumb Code     0  rt_memcpy_w.o(.text)
    __aeabi_memset                           0x08005443   Thumb Code    16  aeabi_memset.o(.text)
    __aeabi_memclr                           0x08005453   Thumb Code     0  rt_memclr.o(.text)
    __rt_memclr                              0x08005453   Thumb Code    68  rt_memclr.o(.text)
    _memset                                  0x08005457   Thumb Code     0  rt_memclr.o(.text)
    strncpy                                  0x08005497   Thumb Code    86  strncpy.o(.text)
    __use_two_region_memory                  0x080054ed   Thumb Code     2  heapauxi.o(.text)
    __rt_heap_escrow$2region                 0x080054ef   Thumb Code     2  heapauxi.o(.text)
    __rt_heap_expand$2region                 0x080054f1   Thumb Code     2  heapauxi.o(.text)
    __rt_locale                              0x080054f5   Thumb Code     8  rt_locale_intlibspace.o(.text)
    __aeabi_memclr4                          0x080054fd   Thumb Code     0  rt_memclr_w.o(.text)
    __aeabi_memclr8                          0x080054fd   Thumb Code     0  rt_memclr_w.o(.text)
    __rt_memclr_w                            0x080054fd   Thumb Code    78  rt_memclr_w.o(.text)
    _memset_w                                0x08005501   Thumb Code     0  rt_memclr_w.o(.text)
    __user_libspace                          0x0800554d   Thumb Code     8  libspace.o(.text)
    __user_perproc_libspace                  0x0800554d   Thumb Code     0  libspace.o(.text)
    __user_perthread_libspace                0x0800554d   Thumb Code     0  libspace.o(.text)
    strcmp                                   0x08005555   Thumb Code   128  strcmpv7m.o(.text)
    __user_setup_stackheap                   0x080055d5   Thumb Code    74  sys_stackheap_outer.o(.text)
    exit                                     0x0800561f   Thumb Code    12  exit.o(.text)
    __rt_fp_status_addr                      0x0800562d   Thumb Code     8  rt_fp_status_addr_intlibspace.o(.text)
    _sys_exit                                0x08005635   Thumb Code     8  sys_exit.o(.text)
    __I$use$semihosting                      0x08005641   Thumb Code     0  use_no_semi.o(.text)
    __use_no_semihosting_swi                 0x08005641   Thumb Code     2  use_no_semi.o(.text)
    __semihosting_library_function           0x08005643   Thumb Code     0  indicate_semi.o(.text)
    _get_lc_ctype                            0x08005645   Thumb Code    44  lc_ctype_c.o(locale$$code)
    _fp_init                                 0x08005671   Thumb Code    14  fpinit.o(x$fpl$fpinit)
    __fplib_config_pureend_doubles           0x0800567d   Thumb Code     0  fpinit.o(x$fpl$fpinit)
    Region$$Table$$Base                      0x080056c4   Number         0  anon$$obj.o(Region$$Table)
    Region$$Table$$Limit                     0x080056e4   Number         0  anon$$obj.o(Region$$Table)
    __ctype                                  0x080056f1   Data           0  lc_ctype_c.o(locale$$data)
    pxCurrentTCB                             0x20000000   Data           4  tasks.o(.data)
    InterEvent                               0x2000006c   Data           1  bsp.o(.data)
    delay_flg                                0x2000006e   Data           1  delay.o(.data)
    Timer5ms                                 0x20000072   Data           1  sys_time.o(.data)
    Time10ms                                 0x20000073   Data           1  sys_time.o(.data)
    time_x100ms                              0x20000074   Data           1  sys_time.o(.data)
    uart_p                                   0x20000076   Data           1  sys_uart.o(.data)
    COM1_RX_Cnt                              0x20000078   Data           2  sys_uart.o(.data)
    COM1_RX_TimeOut                          0x2000007a   Data           1  sys_uart.o(.data)
    FlagMainUartOK                           0x2000007b   Data           1  sys_uart.o(.data)
    msg_gourp_list                           0x2000007c   Data           8  msg_list.o(.data)
    __msg_ok                                 0x20000084   Data           1  msg_list.o(.data)
    rebuff                                   0x200000a4   Data           4  back_task.o(.data)
    LED                                      0x200000ac   Data           1  ev1527.o(.data)
    D0                                       0x200000ad   Data           1  ev1527.o(.data)
    D1                                       0x200000ae   Data           1  ev1527.o(.data)
    D2                                       0x200000af   Data           1  ev1527.o(.data)
    D3                                       0x200000b0   Data           1  ev1527.o(.data)
    VT                                       0x200000b1   Data           1  ev1527.o(.data)
    decode_ok                                0x200000b2   Data           1  ev1527.o(.data)
    rf_ok                                    0x200000b3   Data           1  ev1527.o(.data)
    study                                    0x200000b4   Data           1  ev1527.o(.data)
    jmnx                                     0x200000b5   Data           1  ev1527.o(.data)
    hh_w                                     0x200000b6   Data           1  ev1527.o(.data)
    ll_w                                     0x200000b7   Data           1  ev1527.o(.data)
    ma_x                                     0x200000b8   Data           1  ev1527.o(.data)
    bma1                                     0x200000b9   Data           1  ev1527.o(.data)
    bma2                                     0x200000ba   Data           1  ev1527.o(.data)
    bma3                                     0x200000bb   Data           1  ev1527.o(.data)
    bma4                                     0x200000bc   Data           1  ev1527.o(.data)
    mmb1                                     0x200000bd   Data           1  ev1527.o(.data)
    mmb2                                     0x200000be   Data           1  ev1527.o(.data)
    mmb3                                     0x200000bf   Data           1  ev1527.o(.data)
    mmb4                                     0x200000c0   Data           1  ev1527.o(.data)
    mma1                                     0x200000c1   Data           1  ev1527.o(.data)
    mma2                                     0x200000c2   Data           1  ev1527.o(.data)
    mma3                                     0x200000c3   Data           1  ev1527.o(.data)
    mma4                                     0x200000c4   Data           1  ev1527.o(.data)
    rf_ok1                                   0x200000c5   Data           1  ev1527.o(.data)
    rf_ok2                                   0x200000c6   Data           1  ev1527.o(.data)
    old_rc5                                  0x200000c7   Data           1  ev1527.o(.data)
    tb_ok                                    0x200000c8   Data           1  ev1527.o(.data)
    xplx                                     0x200000c9   Data           1  ev1527.o(.data)
    key_data                                 0x200000ca   Data           1  ev1527.o(.data)
    temp_h                                   0x200000cb   Data           1  ev1527.o(.data)
    temp_l                                   0x200000cc   Data           1  ev1527.o(.data)
    bt_auto                                  0x200000cd   Data           1  ev1527.o(.data)
    short_k                                  0x200000ce   Data           1  ev1527.o(.data)
    da1527                                   0x200000cf   Data           6  ev1527.o(.data)
    s                                        0x200000d8   Data           4  ev1527.o(.data)
    s1                                       0x200000dc   Data           4  ev1527.o(.data)
    ev1527_data                              0x200000e0   Data           3  ev1527.o(.data)
    _dbg                                     0x200000e3   Data           1  ev1527.o(.data)
    COM1_RX_Buffer                           0x200045b0   Data        1024  sys_uart.o(.bss)
    uart_buff                                0x200049b0   Data         255  sys_uart.o(.bss)
    __libspace_start                         0x20004ab0   Data          96  libspace.o(.bss)
    __temporary_stack_top$libspace           0x20004b10   Data           0  libspace.o(.bss)



==============================================================================

Memory Map of the image

  Image Entry point : 0x08000131

  Load Region LR_IROM1 (Base: 0x08000000, Size: 0x000058d8, Max: 0x00040000, ABSOLUTE)

    Execution Region ER_IROM1 (Base: 0x08000000, Size: 0x000057f4, Max: 0x00040000, ABSOLUTE)

    Base Addr    Size         Type   Attr      Idx    E Section Name        Object

    0x08000000   0x00000130   Data   RO           19    RESET               startup_stm32f10x_hd.o
    0x08000130   0x00000008   Code   RO         1028  * !!!main             c_w.l(__main.o)
    0x08000138   0x00000034   Code   RO         1197    !!!scatter          c_w.l(__scatter.o)
    0x0800016c   0x0000001a   Code   RO         1199    !!handler_copy      c_w.l(__scatter_copy.o)
    0x08000186   0x00000002   PAD
    0x08000188   0x0000001c   Code   RO         1201    !!handler_zi        c_w.l(__scatter_zi.o)
    0x080001a4   0x00000006   Code   RO         1113    .ARM.Collect$$libinit$$00000000  c_w.l(libinit.o)
    0x080001aa   0x00000000   Code   RO         1063    .ARM.Collect$$libinit$$00000006  c_w.l(libinit2.o)
    0x080001aa   0x00000000   Code   RO         1065    .ARM.Collect$$libinit$$00000008  c_w.l(libinit2.o)
    0x080001aa   0x00000000   Code   RO         1067    .ARM.Collect$$libinit$$0000000A  c_w.l(libinit2.o)
    0x080001aa   0x00000006   Code   RO         1068    .ARM.Collect$$libinit$$0000000B  c_w.l(libinit2.o)
    0x080001b0   0x00000000   Code   RO         1070    .ARM.Collect$$libinit$$0000000D  c_w.l(libinit2.o)
    0x080001b0   0x0000000c   Code   RO         1071    .ARM.Collect$$libinit$$0000000E  c_w.l(libinit2.o)
    0x080001bc   0x00000000   Code   RO         1072    .ARM.Collect$$libinit$$0000000F  c_w.l(libinit2.o)
    0x080001bc   0x00000000   Code   RO         1074    .ARM.Collect$$libinit$$00000011  c_w.l(libinit2.o)
    0x080001bc   0x00000000   Code   RO         1076    .ARM.Collect$$libinit$$00000013  c_w.l(libinit2.o)
    0x080001bc   0x00000000   Code   RO         1078    .ARM.Collect$$libinit$$00000015  c_w.l(libinit2.o)
    0x080001bc   0x00000000   Code   RO         1080    .ARM.Collect$$libinit$$00000017  c_w.l(libinit2.o)
    0x080001bc   0x00000000   Code   RO         1082    .ARM.Collect$$libinit$$00000019  c_w.l(libinit2.o)
    0x080001bc   0x00000000   Code   RO         1084    .ARM.Collect$$libinit$$0000001B  c_w.l(libinit2.o)
    0x080001bc   0x00000000   Code   RO         1086    .ARM.Collect$$libinit$$0000001D  c_w.l(libinit2.o)
    0x080001bc   0x00000000   Code   RO         1088    .ARM.Collect$$libinit$$0000001F  c_w.l(libinit2.o)
    0x080001bc   0x00000000   Code   RO         1090    .ARM.Collect$$libinit$$00000021  c_w.l(libinit2.o)
    0x080001bc   0x00000000   Code   RO         1094    .ARM.Collect$$libinit$$00000028  c_w.l(libinit2.o)
    0x080001bc   0x00000000   Code   RO         1096    .ARM.Collect$$libinit$$0000002A  c_w.l(libinit2.o)
    0x080001bc   0x00000000   Code   RO         1098    .ARM.Collect$$libinit$$0000002C  c_w.l(libinit2.o)
    0x080001bc   0x00000000   Code   RO         1100    .ARM.Collect$$libinit$$0000002E  c_w.l(libinit2.o)
    0x080001bc   0x00000002   Code   RO         1101    .ARM.Collect$$libinit$$0000002F  c_w.l(libinit2.o)
    0x080001be   0x00000002   Code   RO         1155    .ARM.Collect$$libshutdown$$00000000  c_w.l(libshutdown.o)
    0x080001c0   0x00000000   Code   RO         1162    .ARM.Collect$$libshutdown$$00000003  c_w.l(libshutdown2.o)
    0x080001c0   0x00000000   Code   RO         1165    .ARM.Collect$$libshutdown$$00000006  c_w.l(libshutdown2.o)
    0x080001c0   0x00000000   Code   RO         1168    .ARM.Collect$$libshutdown$$00000009  c_w.l(libshutdown2.o)
    0x080001c0   0x00000000   Code   RO         1170    .ARM.Collect$$libshutdown$$0000000B  c_w.l(libshutdown2.o)
    0x080001c0   0x00000000   Code   RO         1173    .ARM.Collect$$libshutdown$$0000000E  c_w.l(libshutdown2.o)
    0x080001c0   0x00000002   Code   RO         1174    .ARM.Collect$$libshutdown$$0000000F  c_w.l(libshutdown2.o)
    0x080001c2   0x00000000   Code   RO         1030    .ARM.Collect$$rtentry$$00000000  c_w.l(rtentry.o)
    0x080001c2   0x00000000   Code   RO         1045    .ARM.Collect$$rtentry$$00000002  c_w.l(rtentry2.o)
    0x080001c2   0x00000006   Code   RO         1057    .ARM.Collect$$rtentry$$00000004  c_w.l(rtentry4.o)
    0x080001c8   0x00000000   Code   RO         1047    .ARM.Collect$$rtentry$$00000009  c_w.l(rtentry2.o)
    0x080001c8   0x00000004   Code   RO         1048    .ARM.Collect$$rtentry$$0000000A  c_w.l(rtentry2.o)
    0x080001cc   0x00000000   Code   RO         1050    .ARM.Collect$$rtentry$$0000000C  c_w.l(rtentry2.o)
    0x080001cc   0x00000008   Code   RO         1051    .ARM.Collect$$rtentry$$0000000D  c_w.l(rtentry2.o)
    0x080001d4   0x00000002   Code   RO         1114    .ARM.Collect$$rtexit$$00000000  c_w.l(rtexit.o)
    0x080001d6   0x00000000   Code   RO         1125    .ARM.Collect$$rtexit$$00000002  c_w.l(rtexit2.o)
    0x080001d6   0x00000004   Code   RO         1126    .ARM.Collect$$rtexit$$00000003  c_w.l(rtexit2.o)
    0x080001da   0x00000006   Code   RO         1127    .ARM.Collect$$rtexit$$00000004  c_w.l(rtexit2.o)
    0x080001e0   0x0000008c   Code   RO          162    .emb_text           port.o
    0x0800026c   0x00000034   Code   RO           20    .text               startup_stm32f10x_hd.o
    0x080002a0   0x00000094   Code   RO           70    .text               list.o
    0x08000334   0x00000476   Code   RO           88    .text               queue.o
    0x080007aa   0x00000002   PAD
    0x080007ac   0x000009b4   Code   RO          103    .text               tasks.o
    0x08001160   0x00000118   Code   RO          147    .text               heap_2.o
    0x08001278   0x000000b4   Code   RO          163    .text               port.o
    0x0800132c   0x000000dc   Code   RO          180    .text               misc.o
    0x08001408   0x000005b8   Code   RO          413    .text               stm32f10x_flash.o
    0x080019c0   0x00000358   Code   RO          443    .text               stm32f10x_gpio.o
    0x08001d18   0x000003a0   Code   RO          503    .text               stm32f10x_rcc.o
    0x080020b8   0x00000dae   Code   RO          565    .text               stm32f10x_tim.o
    0x08002e66   0x00000002   PAD
    0x08002e68   0x0000040c   Code   RO          580    .text               stm32f10x_usart.o
    0x08003274   0x000000bc   Code   RO          610    .text               main.o
    0x08003330   0x0000005c   Code   RO          762    .text               stm32f10x_it.o
    0x0800338c   0x00000188   Code   RO          778    .text               bsp.o
    0x08003514   0x00000078   Code   RO          806    .text               delay.o
    0x0800358c   0x000000cc   Code   RO          824    .text               sys_time.o
    0x08003658   0x00000502   Code   RO          842    .text               sys_uart.o
    0x08003b5a   0x00000002   PAD
    0x08003b5c   0x00000188   Code   RO          887    .text               msg_list.o
    0x08003ce4   0x000001e6   Code   RO          905    .text               my_list.o
    0x08003eca   0x00000002   PAD
    0x08003ecc   0x000005f4   Code   RO          920    .text               printp.o
    0x080044c0   0x00000088   Code   RO          940    .text               input_task.o
    0x08004548   0x000001f0   Code   RO          958    .text               back_task.o
    0x08004738   0x000003f0   Code   RO          977    .text               sim900a.o
    0x08004b28   0x000007a0   Code   RO          989    .text               ev1527.o
    0x080052c8   0x00000010   Code   RO         1006    .text               c_w.l(rt_ctype_table.o)
    0x080052d8   0x0000001a   Code   RO         1008    .text               c_w.l(tolower.o)
    0x080052f2   0x00000024   Code   RO         1010    .text               c_w.l(strstr.o)
    0x08005316   0x0000003e   Code   RO         1012    .text               c_w.l(strlen.o)
    0x08005354   0x0000008a   Code   RO         1016    .text               c_w.l(rt_memcpy_v6.o)
    0x080053de   0x00000064   Code   RO         1018    .text               c_w.l(rt_memcpy_w.o)
    0x08005442   0x00000010   Code   RO         1020    .text               c_w.l(aeabi_memset.o)
    0x08005452   0x00000044   Code   RO         1022    .text               c_w.l(rt_memclr.o)
    0x08005496   0x00000056   Code   RO         1024    .text               c_w.l(strncpy.o)
    0x080054ec   0x00000006   Code   RO         1026    .text               c_w.l(heapauxi.o)
    0x080054f2   0x00000002   PAD
    0x080054f4   0x00000008   Code   RO         1034    .text               c_w.l(rt_locale_intlibspace.o)
    0x080054fc   0x0000004e   Code   RO         1039    .text               c_w.l(rt_memclr_w.o)
    0x0800554a   0x00000002   PAD
    0x0800554c   0x00000008   Code   RO         1041    .text               c_w.l(libspace.o)
    0x08005554   0x00000080   Code   RO         1059    .text               c_w.l(strcmpv7m.o)
    0x080055d4   0x0000004a   Code   RO         1102    .text               c_w.l(sys_stackheap_outer.o)
    0x0800561e   0x0000000c   Code   RO         1104    .text               c_w.l(exit.o)
    0x0800562a   0x00000002   PAD
    0x0800562c   0x00000008   Code   RO         1134    .text               c_w.l(rt_fp_status_addr_intlibspace.o)
    0x08005634   0x0000000c   Code   RO         1142    .text               c_w.l(sys_exit.o)
    0x08005640   0x00000002   Code   RO         1144    .text               c_w.l(use_no_semi.o)
    0x08005642   0x00000000   Code   RO         1146    .text               c_w.l(indicate_semi.o)
    0x08005642   0x00000002   PAD
    0x08005644   0x0000002c   Code   RO         1037    locale$$code        c_w.l(lc_ctype_c.o)
    0x08005670   0x0000000e   Code   RO         1120    x$fpl$fpinit        fz_ws.l(fpinit.o)
    0x0800567e   0x00000002   PAD
    0x08005680   0x00000043   Data   RO          959    .constdata          back_task.o
    0x080056c3   0x00000001   PAD
    0x080056c4   0x00000020   Data   RO         1195    Region$$Table       anon$$obj.o
    0x080056e4   0x00000110   Data   RO         1036    locale$$data        c_w.l(lc_ctype_c.o)


    Execution Region RW_IRAM1 (Base: 0x20000000, Size: 0x00004f10, Max: 0x0000c000, ABSOLUTE)

    Base Addr    Size         Type   Attr      Idx    E Section Name        Object

    0x20000000   0x0000003c   Data   RW          105    .data               tasks.o
    0x2000003c   0x00000018   Data   RW          149    .data               heap_2.o
    0x20000054   0x00000004   Data   RW          164    .data               port.o
    0x20000058   0x00000014   Data   RW          504    .data               stm32f10x_rcc.o
    0x2000006c   0x00000001   Data   RW          779    .data               bsp.o
    0x2000006d   0x00000001   PAD
    0x2000006e   0x00000004   Data   RW          807    .data               delay.o
    0x20000072   0x00000003   Data   RW          825    .data               sys_time.o
    0x20000075   0x00000001   PAD
    0x20000076   0x00000006   Data   RW          844    .data               sys_uart.o
    0x2000007c   0x00000010   Data   RW          888    .data               msg_list.o
    0x2000008c   0x00000015   Data   RW          921    .data               printp.o
    0x200000a1   0x00000003   PAD
    0x200000a4   0x00000004   Data   RW          960    .data               back_task.o
    0x200000a8   0x0000003c   Data   RW          990    .data               ev1527.o
    0x200000e4   0x000000c8   Zero   RW          104    .bss                tasks.o
    0x200001ac   0x00000004   PAD
    0x200001b0   0x00004400   Zero   RW          148    .bss                heap_2.o
    0x200045b0   0x000004ff   Zero   RW          843    .bss                sys_uart.o
    0x20004aaf   0x00000001   PAD
    0x20004ab0   0x00000060   Zero   RW         1042    .bss                c_w.l(libspace.o)
    0x20004b10   0x00000000   Zero   RW           18    HEAP                startup_stm32f10x_hd.o
    0x20004b10   0x00000400   Zero   RW           17    STACK               startup_stm32f10x_hd.o


==============================================================================

Image component sizes


      Code (inc. data)   RO Data    RW Data    ZI Data      Debug   Object Name

       496        262         67          4          0       1409   back_task.o
       392         30          0          1          0       2051   bsp.o
         0          0          0          0          0       4236   core_cm3.o
         0          0          0          0          0       4892   croutine.o
       120          4          0          4          0       1990   delay.o
      1952        270          0         60          0       4111   ev1527.o
       280         22          0         24      17408       3352   heap_2.o
       136         58          0          0          0        869   input_task.o
       148          0          0          0          0       2993   list.o
       188         88          0          0          0      39418   main.o
       220         20          0          0          0     215077   misc.o
       392         16          0         16          0       3599   msg_list.o
       486          0          0          0          0       7342   my_list.o
       320         26          0          4          0       2357   port.o
      1524         68          0         21          0       4660   printp.o
      1142          0          0          0          0       6797   queue.o
      1008        364          0          0          0       3996   sim900a.o
        52         18        304          0       1024        756   startup_stm32f10x_hd.o
      1464         32          0          0          0      14418   stm32f10x_flash.o
       856         40          0          0          0      13961   stm32f10x_gpio.o
        92          6          0          0          0       1651   stm32f10x_it.o
       928         44          0         20          0      17472   stm32f10x_rcc.o
      3502         86          0          0          0      43116   stm32f10x_tim.o
      1036         20          0          0          0      14392   stm32f10x_usart.o
       204         16          0          3          0        957   sys_time.o
      1282         46          0          6       1279       5720   sys_uart.o
      2484        184          0         60        200      11930   tasks.o
         0          0          0          0          0       2108   timers.o

    ----------------------------------------------------------------------
     20712       1720        404        228      19916     435630   Object Totals
         0          0         32          0          0          0   (incl. Generated)
         8          0          1          5          5          0   (incl. Padding)

    ----------------------------------------------------------------------

      Code (inc. data)   RO Data    RW Data    ZI Data      Debug   Library Member Name

         8          0          0          0          0         68   __main.o
        52          8          0          0          0          0   __scatter.o
        26          0          0          0          0          0   __scatter_copy.o
        28          0          0          0          0          0   __scatter_zi.o
        16          0          0          0          0         68   aeabi_memset.o
        12          0          0          0          0         72   exit.o
         6          0          0          0          0        152   heapauxi.o
         0          0          0          0          0          0   indicate_semi.o
        44         10        272          0          0         76   lc_ctype_c.o
         6          0          0          0          0          0   libinit.o
        20          0          0          0          0          0   libinit2.o
         2          0          0          0          0          0   libshutdown.o
         2          0          0          0          0          0   libshutdown2.o
         8          4          0          0         96         68   libspace.o
        16          4          0          0          0         76   rt_ctype_table.o
         8          4          0          0          0         68   rt_fp_status_addr_intlibspace.o
         8          4          0          0          0         68   rt_locale_intlibspace.o
        68          0          0          0          0         68   rt_memclr.o
        78          0          0          0          0         80   rt_memclr_w.o
       138          0          0          0          0         68   rt_memcpy_v6.o
       100          0          0          0          0         80   rt_memcpy_w.o
         0          0          0          0          0          0   rtentry.o
        12          0          0          0          0          0   rtentry2.o
         6          0          0          0          0          0   rtentry4.o
         2          0          0          0          0          0   rtexit.o
        10          0          0          0          0          0   rtexit2.o
       128          0          0          0          0         68   strcmpv7m.o
        62          0          0          0          0         76   strlen.o
        86          0          0          0          0         76   strncpy.o
        36          0          0          0          0         80   strstr.o
        12          4          0          0          0         68   sys_exit.o
        74          0          0          0          0         80   sys_stackheap_outer.o
        26          0          0          0          0         76   tolower.o
         2          0          0          0          0         68   use_no_semi.o
        14          0          0          0          0         76   fpinit.o

    ----------------------------------------------------------------------
      1128         38        272          0         96       1680   Library Totals
        12          0          0          0          0          0   (incl. Padding)

    ----------------------------------------------------------------------

      Code (inc. data)   RO Data    RW Data    ZI Data      Debug   Library Name

      1102         38        272          0         96       1604   c_w.l
        14          0          0          0          0         76   fz_ws.l

    ----------------------------------------------------------------------
      1128         38        272          0         96       1680   Library Totals

    ----------------------------------------------------------------------

==============================================================================


      Code (inc. data)   RO Data    RW Data    ZI Data      Debug   

     21840       1758        676        228      20012     433566   Grand Totals
     21840       1758        676        228      20012     433566   ELF Image Totals
     21840       1758        676        228          0          0   ROM Totals

==============================================================================

    Total RO  Size (Code + RO Data)                22516 (  21.99kB)
    Total RW  Size (RW Data + ZI Data)             20240 (  19.77kB)
    Total ROM Size (Code + RO Data + RW Data)      22744 (  22.21kB)

==============================================================================

